06-13 14:18:57.442  3268  3282 E Unity   :
06-13 14:18:57.442  3268  3282 E Unity   : (Filename: ./Runtime/GfxDevice/egl/WindowContextEGL.cpp Line: 161)
06-13 14:18:57.442  3268  3282 E Unity   :
06-13 14:18:57.445  3268  3282 I Unity   : Skipped rendering frame because GfxDevice is in invalid state (device lost)
06-13 14:18:57.445  3268  3282 I Unity   :
06-13 14:18:57.445  3268  3282 I Unity   : (Filename: ./Runtime/Misc/Player.cpp Line: 782)
06-13 14:18:57.445  3268  3282 I Unity   :
06-13 14:18:57.462   291   653 E BufferQueueProducer: [SurfaceView] query: BufferQueue has been abandoned
06-13 14:18:57.462   291  2899 E BufferQueueProducer: [SurfaceView] query: BufferQueue has been abandoned
06-13 14:18:57.464   291  7119 E BufferQueueProducer: [SurfaceView] connect(P): BufferQueue has been abandoned
06-13 14:18:57.464  3268  3282 E libEGL  : eglCreateWindowSurface: native_window_api_connect (win=0xb88a6dc0) failed (0xffffffed) (already connected to another API?)
06-13 14:18:57.464  3268  3282 E libEGL  : eglCreateWindowSurface:456 error 3003 (EGL_BAD_ALLOC)
06-13 14:18:57.465  3268  3282 E Unity   : [EGL] Failed to create window surface: EGL_BAD_ALLOC: EGL failed to allocate resources for the requested operation.
06-13 14:18:57.465  3268  3282 E Unity   :
06-13 14:18:57.465  3268  3282 E Unity   : (Filename: ./Runtime/GfxDevice/egl/WindowContextEGL.cpp Line: 161)
06-13 14:18:57.465  3268  3282 E Unity   :
06-13 14:18:57.465  3268  3282 I Unity   : Skipped rendering frame because GfxDevice is in invalid state (device lost)
06-13 14:18:57.465  3268  3282 I Unity   :
06-13 14:18:57.465  3268  3282 I Unity   : (Filename: ./Runtime/Misc/Player.cpp Line: 782)
06-13 14:18:57.465  3268  3282 I Unity   :
06-13 14:18:57.478   291  2899 E BufferQueueProducer: [SurfaceView] query: BufferQueue has been abandoned
06-13 14:18:57.478   291   487 E BufferQueueProducer: [SurfaceView] query: BufferQueue has been abandoned
06-13 14:18:57.479   291  7119 E BufferQueueProducer: [SurfaceView] connect(P): BufferQueue has been abandoned
06-13 14:18:57.479  3268  3282 E libEGL  : eglCreateWindowSurface: native_window_api_connect (win=0xb88a6dc0) failed (0xffffffed) (already connected to another API?)
06-13 14:18:57.479  3268  3282 E libEGL  : eglCreateWindowSurface:456 error 3003 (EGL_BAD_ALLOC)
06-13 14:18:57.479  3268  3282 E Unity   : [EGL] Failed to create window surface: EGL_BAD_ALLOC: EGL failed to allocate resources for the requested operation.
06-13 14:18:57.479  3268  3282 E Unity   :
06-13 14:18:57.479  3268  3282 E Unity   : (Filename: ./Runtime/GfxDevice/egl/WindowContextEGL.cpp Line: 161)
06-13 14:18:57.479  3268  3282 E Unity   :
06-13 14:18:57.480  3268  3282 I Unity   : Skipped rendering frame because GfxDevice is in invalid state (device lost)
06-13 14:18:57.480  3268  3282 I Unity   :
06-13 14:18:57.480  3268  3282 I Unity   : (Filename: ./Runtime/Misc/Player.cpp Line: 782)
06-13 14:18:57.480  3268  3282 I Unity   :
06-13 14:18:57.501   291  2899 E BufferQueueProducer: [SurfaceView] query: BufferQueue has been abandoned
06-13 14:18:57.501   291   487 E BufferQueueProducer: [SurfaceView] query: BufferQueue has been abandoned
06-13 14:18:57.502   291  7119 E BufferQueueProducer: [SurfaceView] connect(P): BufferQueue has been abandoned
06-13 14:18:57.502  3268  3282 E libEGL  : eglCreateWindowSurface: native_window_api_connect (win=0xb88a6dc0) failed (0xffffffed) (already connected to another API?)
06-13 14:18:57.502  3268  3282 E libEGL  : eglCreateWindowSurface:456 error 3003 (EGL_BAD_ALLOC)
06-13 14:18:57.502  3268  3282 E Unity   : [EGL] Failed to create window surface: EGL_BAD_ALLOC: EGL failed to allocate resources for the requested operation.
06-13 14:18:57.502  3268  3282 E Unity   :
06-13 14:18:57.502  3268  3282 E Unity   : (Filename: ./Runtime/GfxDevice/egl/WindowContextEGL.cpp Line: 161)
06-13 14:18:57.502  3268  3282 E Unity   :
06-13 14:18:57.502  3268  3282 I Unity   : Skipped rendering frame because GfxDevice is in invalid state (device lost)
06-13 14:18:57.502  3268  3282 I Unity   :
06-13 14:18:57.502  3268  3282 I Unity   : (Filename: ./Runtime/Misc/Player.cpp Line: 782)
06-13 14:18:57.502  3268  3282 I Unity   :
06-13 14:18:57.524   291  7119 E BufferQueueProducer: [SurfaceView] query: BufferQueue has been abandoned
06-13 14:18:57.524   291   496 E BufferQueueProducer: [SurfaceView] query: BufferQueue has been abandoned
06-13 14:18:57.525   291   653 E BufferQueueProducer: [SurfaceView] connect(P): BufferQueue has been abandoned
06-13 14:18:57.525  3268  3282 E libEGL  : eglCreateWindowSurface: native_window_api_connect (win=0xb88a6dc0) failed (0xffffffed) (already connected to another API?)
06-13 14:18:57.525  3268  3282 E libEGL  : eglCreateWindowSurface:456 error 3003 (EGL_BAD_ALLOC)
06-13 14:18:57.525  3268  3282 E Unity   : [EGL] Failed to create window surface: EGL_BAD_ALLOC: EGL failed to allocate resources for the requested operation.
06-13 14:18:57.525  3268  3282 E Unity   :
06-13 14:18:57.525  3268  3282 E Unity   : (Filename: ./Runtime/GfxDevice/egl/WindowContextEGL.cpp Line: 161)
06-13 14:18:57.525  3268  3282 E Unity   :
06-13 14:18:57.526  3268  3282 I Unity   : Skipped rendering frame because GfxDevice is in invalid state (device lost)
06-13 14:18:57.526  3268  3282 I Unity   :
06-13 14:18:57.526  3268  3282 I Unity   : (Filename: ./Runtime/Misc/Player.cpp Line: 782)
06-13 14:18:57.526  3268  3282 I Unity   :
06-13 14:18:57.546   291  7119 E BufferQueueProducer: [SurfaceView] query: BufferQueue has been abandoned
06-13 14:18:57.547   291   496 E BufferQueueProducer: [SurfaceView] query: BufferQueue has been abandoned
06-13 14:18:57.547   291   653 E BufferQueueProducer: [SurfaceView] connect(P): BufferQueue has been abandoned
06-13 14:18:57.548  3268  3282 E libEGL  : eglCreateWindowSurface: native_window_api_connect (win=0xb88a6dc0) failed (0xffffffed) (already connected to another API?)
06-13 14:18:57.548  3268  3282 E libEGL  : eglCreateWindowSurface:456 error 3003 (EGL_BAD_ALLOC)
06-13 14:18:57.548  3268  3282 E Unity   : [EGL] Failed to create window surface: EGL_BAD_ALLOC: EGL failed to allocate resources for the requested operation.
06-13 14:18:57.548  3268  3282 E Unity   :
06-13 14:18:57.548  3268  3282 E Unity   : (Filename: ./Runtime/GfxDevice/egl/WindowContextEGL.cpp Line: 161)
06-13 14:18:57.548  3268  3282 E Unity   :
06-13 14:18:57.548  3268  3282 I Unity   : Skipped rendering frame because GfxDevice is in invalid state (device lost)
06-13 14:18:57.548  3268  3282 I Unity   :
06-13 14:18:57.548  3268  3282 I Unity   : (Filename: ./Runtime/Misc/Player.cpp Line: 782)
06-13 14:18:57.548  3268  3282 I Unity   :
06-13 14:18:57.568   291  7119 E BufferQueueProducer: [SurfaceView] query: BufferQueue has been abandoned
06-13 14:18:57.568   291   496 E BufferQueueProducer: [SurfaceView] query: BufferQueue has been abandoned
06-13 14:18:57.570   291   487 E BufferQueueProducer: [SurfaceView] connect(P): BufferQueue has been abandoned
06-13 14:18:57.571  3268  3282 E libEGL  : eglCreateWindowSurface: native_window_api_connect (win=0xb88a6dc0) failed (0xffffffed) (already connected to another API?)
06-13 14:18:57.571  3268  3282 E libEGL  : eglCreateWindowSurface:456 error 3003 (EGL_BAD_ALLOC)
06-13 14:18:57.571  3268  3282 E Unity   : [EGL] Failed to create window surface: EGL_BAD_ALLOC: EGL failed to allocate resources for the requested operation.
06-13 14:18:57.571  3268  3282 E Unity   :
06-13 14:18:57.571  3268  3282 E Unity   : (Filename: ./Runtime/GfxDevice/egl/WindowContextEGL.cpp Line: 161)
06-13 14:18:57.571  3268  3282 E Unity   :
06-13 14:18:57.572  3268  3282 I Unity   : Skipped rendering frame because GfxDevice is in invalid state (device lost)
06-13 14:18:57.572  3268  3282 I Unity   :
06-13 14:18:57.572  3268  3282 I Unity   : (Filename: ./Runtime/Misc/Player.cpp Line: 782)
06-13 14:18:57.572  3268  3282 I Unity   :
06-13 14:18:57.595  3268  3347 E Unity   : allocation 0x0xc0000000 already registered @ /Users/builduser/buildslave/unity/build/Runtime/GfxDevice/opengles/DataBuffersGLES.cpp:l234 size 73440; now calling from /Users/builduser/buildslave/unity/build/Runtime/GfxDevice/opengles/DataBuffersGLES.cpp:l234 size 74160?
06-13 14:18:57.595  3268  3347 E Unity   :
06-13 14:18:57.595  3268  3347 E Unity   : (Filename: ./Runtime/Allocator/MemoryManager.cpp Line: 1638)
06-13 14:18:57.595  3268  3347 E Unity   :
06-13 14:18:57.596  3268  3347 E Unity   : allocation 0x0xc0000000 already registered @ /Users/builduser/buildslave/unity/build/Runtime/GfxDevice/opengles/DataBuffersGLES.cpp:l234 size 73440; now calling from /Users/builduser/buildslave/unity/build/Runtime/GfxDevice/opengles/DataBuffersGLES.cpp:l234 size 3708?
06-13 14:18:57.596  3268  3347 E Unity   :
06-13 14:18:57.596  3268  3347 E Unity   : (Filename: ./Runtime/Allocator/MemoryManager.cpp Line: 1638)
06-13 14:18:57.596  3268  3347 E Unity   :
06-13 14:18:57.598   291   487 E BufferQueueProducer: [SurfaceView] query: BufferQueue has been abandoned
06-13 14:18:57.598   291  2899 E BufferQueueProducer: [SurfaceView] query: BufferQueue has been abandoned
06-13 14:18:57.599   291  7119 E BufferQueueProducer: [SurfaceView] connect(P): BufferQueue has been abandoned
06-13 14:18:57.599  3268  3282 E libEGL  : eglCreateWindowSurface: native_window_api_connect (win=0xb88a6dc0) failed (0xffffffed) (already connected to another API?)
06-13 14:18:57.599  3268  3282 E libEGL  : eglCreateWindowSurface:456 error 3003 (EGL_BAD_ALLOC)
06-13 14:18:57.599  3268  3282 E Unity   : [EGL] Failed to create window surface: EGL_BAD_ALLOC: EGL failed to allocate resources for the requested operation.
06-13 14:18:57.599  3268  3282 E Unity   :
06-13 14:18:57.599  3268  3282 E Unity   : (Filename: ./Runtime/GfxDevice/egl/WindowContextEGL.cpp Line: 161)
06-13 14:18:57.599  3268  3282 E Unity   :
06-13 14:18:57.600  3268  3282 I Unity   : Skipped rendering frame because GfxDevice is in invalid state (device lost)
06-13 14:18:57.600  3268  3282 I Unity   :
06-13 14:18:57.600  3268  3282 I Unity   : (Filename: ./Runtime/Misc/Player.cpp Line: 782)
06-13 14:18:57.600  3268  3282 I Unity   :
06-13 14:18:57.615   291   487 E BufferQueueProducer: [SurfaceView] query: BufferQueue has been abandoned
06-13 14:18:57.616   291  2899 E BufferQueueProducer: [SurfaceView] query: BufferQueue has been abandoned
06-13 14:18:57.616   291  7119 E BufferQueueProducer: [SurfaceView] connect(P): BufferQueue has been abandoned
06-13 14:18:57.617  3268  3282 E libEGL  : eglCreateWindowSurface: native_window_api_connect (win=0xb88a6dc0) failed (0xffffffed) (already connected to another API?)
06-13 14:18:57.617  3268  3282 E libEGL  : eglCreateWindowSurface:456 error 3003 (EGL_BAD_ALLOC)
06-13 14:18:57.618  3268  3282 E Unity   : [EGL] Failed to create window surface: EGL_BAD_ALLOC: EGL failed to allocate resources for the requested operation.
06-13 14:18:57.618  3268  3282 E Unity   :
06-13 14:18:57.618  3268  3282 E Unity   : (Filename: ./Runtime/GfxDevice/egl/WindowContextEGL.cpp Line: 161)
06-13 14:18:57.618  3268  3282 E Unity   :
06-13 14:18:57.618  3268  3282 I Unity   : Skipped rendering frame because GfxDevice is in invalid state (device lost)
06-13 14:18:57.618  3268  3282 I Unity   :
06-13 14:18:57.618  3268  3282 I Unity   : (Filename: ./Runtime/Misc/Player.cpp Line: 782)
06-13 14:18:57.618  3268  3282 I Unity   :
06-13 14:18:57.637   291  7119 E BufferQueueProducer: [SurfaceView] query: BufferQueue has been abandoned
06-13 14:18:57.638   291   653 E BufferQueueProducer: [SurfaceView] query: BufferQueue has been abandoned
06-13 14:18:57.639   291   496 E BufferQueueProducer: [SurfaceView] connect(P): BufferQueue has been abandoned
06-13 14:18:57.639  3268  3282 E libEGL  : eglCreateWindowSurface: native_window_api_connect (win=0xb88a6dc0) failed (0xffffffed) (already connected to another API?)
06-13 14:18:57.640  3268  3282 E libEGL  : eglCreateWindowSurface:456 error 3003 (EGL_BAD_ALLOC)
06-13 14:18:57.640  3268  3282 E Unity   : [EGL] Failed to create window surface: EGL_BAD_ALLOC: EGL failed to allocate resources for the requested operation.
06-13 14:18:57.640  3268  3282 E Unity   :
06-13 14:18:57.640  3268  3282 E Unity   : (Filename: ./Runtime/GfxDevice/egl/WindowContextEGL.cpp Line: 161)
06-13 14:18:57.640  3268  3282 E Unity   :
06-13 14:18:57.641  3268  3282 I Unity   : Skipped rendering frame because GfxDevice is in invalid state (device lost)
06-13 14:18:57.641  3268  3282 I Unity   :
06-13 14:18:57.641  3268  3282 I Unity   : (Filename: ./Runtime/Misc/Player.cpp Line: 782)
06-13 14:18:57.641  3268  3282 I Unity   :
06-13 14:18:57.661   291  7119 E BufferQueueProducer: [SurfaceView] query: BufferQueue has been abandoned
06-13 14:18:57.661   291   653 E BufferQueueProducer: [SurfaceView] query: BufferQueue has been abandoned
06-13 14:18:57.662   291   496 E BufferQueueProducer: [SurfaceView] connect(P): BufferQueue has been abandoned
06-13 14:18:57.662  3268  3282 E libEGL  : eglCreateWindowSurface: native_window_api_connect (win=0xb88a6dc0) failed (0xffffffed) (already connected to another API?)
06-13 14:18:57.662  3268  3282 E libEGL  : eglCreateWindowSurface:456 error 3003 (EGL_BAD_ALLOC)
06-13 14:18:57.663  3268  3282 E Unity   : [EGL] Failed to create window surface: EGL_BAD_ALLOC: EGL failed to allocate resources for the requested operation.
06-13 14:18:57.663  3268  3282 E Unity   :
06-13 14:18:57.663  3268  3282 E Unity   : (Filename: ./Runtime/GfxDevice/egl/WindowContextEGL.cpp Line: 161)
06-13 14:18:57.663  3268  3282 E Unity   :
06-13 14:18:57.665  3268  3282 I Unity   : Skipped rendering frame because GfxDevice is in invalid state (device lost)
06-13 14:18:57.665  3268  3282 I Unity   :
06-13 14:18:57.665  3268  3282 I Unity   : (Filename: ./Runtime/Misc/Player.cpp Line: 782)
06-13 14:18:57.665  3268  3282 I Unity   :
06-13 14:18:57.685   291   496 E BufferQueueProducer: [SurfaceView] query: BufferQueue has been abandoned
06-13 14:18:57.686   291  2899 E BufferQueueProducer: [SurfaceView] query: BufferQueue has been abandoned
06-13 14:18:57.687   291   487 E BufferQueueProducer: [SurfaceView] connect(P): BufferQueue has been abandoned
06-13 14:18:57.688  3268  3282 E libEGL  : eglCreateWindowSurface: native_window_api_connect (win=0xb88a6dc0) failed (0xffffffed) (already connected to another API?)
06-13 14:18:57.688  3268  3282 E libEGL  : eglCreateWindowSurface:456 error 3003 (EGL_BAD_ALLOC)
06-13 14:18:57.688  3268  3282 E Unity   : [EGL] Failed to create window surface: EGL_BAD_ALLOC: EGL failed to allocate resources for the requested operation.
06-13 14:18:57.688  3268  3282 E Unity   :
06-13 14:18:57.688  3268  3282 E Unity   : (Filename: ./Runtime/GfxDevice/egl/WindowContextEGL.cpp Line: 161)
06-13 14:18:57.688  3268  3282 E Unity   :
06-13 14:18:57.689  3268  3282 I Unity   : Skipped rendering frame because GfxDevice is in invalid state (device lost)
06-13 14:18:57.689  3268  3282 I Unity   :
06-13 14:18:57.689  3268  3282 I Unity   : (Filename: ./Runtime/Misc/Player.cpp Line: 782)
06-13 14:18:57.689  3268  3282 I Unity   :
06-13 14:18:57.703   291   496 E BufferQueueProducer: [SurfaceView] query: BufferQueue has been abandoned
06-13 14:18:57.704   291  2899 E BufferQueueProducer: [SurfaceView] query: BufferQueue has been abandoned
06-13 14:18:57.704   291   487 E BufferQueueProducer: [SurfaceView] connect(P): BufferQueue has been abandoned
06-13 14:18:57.704  3268  3282 E libEGL  : eglCreateWindowSurface: native_window_api_connect (win=0xb88a6dc0) failed (0xffffffed) (already connected to another API?)
06-13 14:18:57.704  3268  3282 E libEGL  : eglCreateWindowSurface:456 error 3003 (EGL_BAD_ALLOC)
06-13 14:18:57.705  3268  3282 E Unity   : [EGL] Failed to create window surface: EGL_BAD_ALLOC: EGL failed to allocate resources for the requested operation.
06-13 14:18:57.705  3268  3282 E Unity   :
06-13 14:18:57.705  3268  3282 E Unity   : (Filename: ./Runtime/GfxDevice/egl/WindowContextEGL.cpp Line: 161)
06-13 14:18:57.705  3268  3282 E Unity   :
06-13 14:18:57.705  3268  3282 I Unity   : Skipped rendering frame because GfxDevice is in invalid state (device lost)
06-13 14:18:57.705  3268  3282 I Unity   :
06-13 14:18:57.705  3268  3282 I Unity   : (Filename: ./Runtime/Misc/Player.cpp Line: 782)
06-13 14:18:57.705  3268  3282 I Unity   :
06-13 14:18:57.729   291  2899 E BufferQueueProducer: [SurfaceView] query: BufferQueue has been abandoned
06-13 14:18:57.732   291  7119 E BufferQueueProducer: [SurfaceView] query: BufferQueue has been abandoned
06-13 14:18:57.732   291   653 E BufferQueueProducer: [SurfaceView] connect(P): BufferQueue has been abandoned
06-13 14:18:57.732  3268  3282 E libEGL  : eglCreateWindowSurface: native_window_api_connect (win=0xb88a6dc0) failed (0xffffffed) (already connected to another API?)
06-13 14:18:57.732  3268  3282 E libEGL  : eglCreateWindowSurface:456 error 3003 (EGL_BAD_ALLOC)
06-13 14:18:57.732  3268  3282 E Unity   : [EGL] Failed to create window surface: EGL_BAD_ALLOC: EGL failed to allocate resources for the requested operation.
06-13 14:18:57.732  3268  3282 E Unity   :
06-13 14:18:57.732  3268  3282 E Unity   : (Filename: ./Runtime/GfxDevice/egl/WindowContextEGL.cpp Line: 161)
06-13 14:18:57.732  3268  3282 E Unity   :
06-13 14:18:57.733  3268  3282 I Unity   : Skipped rendering frame because GfxDevice is in invalid state (device lost)
06-13 14:18:57.733  3268  3282 I Unity   :
06-13 14:18:57.733  3268  3282 I Unity   : (Filename: ./Runtime/Misc/Player.cpp Line: 782)
06-13 14:18:57.733  3268  3282 I Unity   :
06-13 14:18:57.752   291   487 E BufferQueueProducer: [SurfaceView] query: BufferQueue has been abandoned
06-13 14:18:57.753   291  7119 E BufferQueueProducer: [SurfaceView] query: BufferQueue has been abandoned
06-13 14:18:57.754   291   653 E BufferQueueProducer: [SurfaceView] connect(P): BufferQueue has been abandoned
06-13 14:18:57.754  3268  3282 E libEGL  : eglCreateWindowSurface: native_window_api_connect (win=0xb88a6dc0) failed (0xffffffed) (already connected to another API?)
06-13 14:18:57.754  3268  3282 E libEGL  : eglCreateWindowSurface:456 error 3003 (EGL_BAD_ALLOC)
06-13 14:18:57.754  3268  3282 E Unity   : [EGL] Failed to create window surface: EGL_BAD_ALLOC: EGL failed to allocate resources for the requested operation.
06-13 14:18:57.754  3268  3282 E Unity   :
06-13 14:18:57.754  3268  3282 E Unity   : (Filename: ./Runtime/GfxDevice/egl/WindowContextEGL.cpp Line: 161)
06-13 14:18:57.754  3268  3282 E Unity   :
06-13 14:18:57.756  3268  3282 I Unity   : Skipped rendering frame because GfxDevice is in invalid state (device lost)
06-13 14:18:57.756  3268  3282 I Unity   :
06-13 14:18:57.756  3268  3282 I Unity   : (Filename: ./Runtime/Misc/Player.cpp Line: 782)
06-13 14:18:57.756  3268  3282 I Unity   :
06-13 14:18:57.774   291   487 E BufferQueueProducer: [SurfaceView] query: BufferQueue has been abandoned
06-13 14:18:57.774   291  7119 E BufferQueueProducer: [SurfaceView] query: BufferQueue has been abandoned
06-13 14:18:57.775   291  2899 E BufferQueueProducer: [SurfaceView] connect(P): BufferQueue has been abandoned
06-13 14:18:57.775  3268  3282 E libEGL  : eglCreateWindowSurface: native_window_api_connect (win=0xb88a6dc0) failed (0xffffffed) (already connected to another API?)
06-13 14:18:57.775  3268  3282 E libEGL  : eglCreateWindowSurface:456 error 3003 (EGL_BAD_ALLOC)
06-13 14:18:57.775  3268  3282 E Unity   : [EGL] Failed to create window surface: EGL_BAD_ALLOC: EGL failed to allocate resources for the requested operation.
06-13 14:18:57.775  3268  3282 E Unity   :
06-13 14:18:57.775  3268  3282 E Unity   : (Filename: ./Runtime/GfxDevice/egl/WindowContextEGL.cpp Line: 161)
06-13 14:18:57.775  3268  3282 E Unity   :
06-13 14:18:57.776  3268  3282 I Unity   : Skipped rendering frame because GfxDevice is in invalid state (device lost)
06-13 14:18:57.776  3268  3282 I Unity   :
06-13 14:18:57.776  3268  3282 I Unity   : (Filename: ./Runtime/Misc/Player.cpp Line: 782)
06-13 14:18:57.776  3268  3282 I Unity   :
06-13 14:18:57.796   291   653 E BufferQueueProducer: [SurfaceView] query: BufferQueue has been abandoned
06-13 14:18:57.796   291  2899 E BufferQueueProducer: [SurfaceView] query: BufferQueue has been abandoned
06-13 14:18:57.796   291   496 E BufferQueueProducer: [SurfaceView] connect(P): BufferQueue has been abandoned
06-13 14:18:57.797  3268  3282 E libEGL  : eglCreateWindowSurface: native_window_api_connect (win=0xb88a6dc0) failed (0xffffffed) (already connected to another API?)
06-13 14:18:57.797  3268  3282 E libEGL  : eglCreateWindowSurface:456 error 3003 (EGL_BAD_ALLOC)
06-13 14:18:57.797  3268  3282 E Unity   : [EGL] Failed to create window surface: EGL_BAD_ALLOC: EGL failed to allocate resources for the requested operation.
06-13 14:18:57.797  3268  3282 E Unity   :
06-13 14:18:57.797  3268  3282 E Unity   : (Filename: ./Runtime/GfxDevice/egl/WindowContextEGL.cpp Line: 161)
06-13 14:18:57.797  3268  3282 E Unity   :
06-13 14:18:57.798  3268  3282 I Unity   : Skipped rendering frame because GfxDevice is in invalid state (device lost)
06-13 14:18:57.798  3268  3282 I Unity   :
06-13 14:18:57.798  3268  3282 I Unity   : (Filename: ./Runtime/Misc/Player.cpp Line: 782)
06-13 14:18:57.798  3268  3282 I Unity   :
06-13 14:18:57.818   291   653 E BufferQueueProducer: [SurfaceView] query: BufferQueue has been abandoned
06-13 14:18:57.819   291  2899 E BufferQueueProducer: [SurfaceView] query: BufferQueue has been abandoned
06-13 14:18:57.819   291   496 E BufferQueueProducer: [SurfaceView] connect(P): BufferQueue has been abandoned
06-13 14:18:57.819  3268  3282 E libEGL  : eglCreateWindowSurface: native_window_api_connect (win=0xb88a6dc0) failed (0xffffffed) (already connected to another API?)
06-13 14:18:57.819  3268  3282 E libEGL  : eglCreateWindowSurface:456 error 3003 (EGL_BAD_ALLOC)
06-13 14:18:57.820  3268  3282 E Unity   : [EGL] Failed to create window surface: EGL_BAD_ALLOC: EGL failed to allocate resources for the requested operation.
06-13 14:18:57.820  3268  3282 E Unity   :
06-13 14:18:57.820  3268  3282 E Unity   : (Filename: ./Runtime/GfxDevice/egl/WindowContextEGL.cpp Line: 161)
06-13 14:18:57.820  3268  3282 E Unity   :
06-13 14:18:57.820  3268  3282 I Unity   : Skipped rendering frame because GfxDevice is in invalid state (device lost)
06-13 14:18:57.820  3268  3282 I Unity   :
06-13 14:18:57.820  3268  3282 I Unity   : (Filename: ./Runtime/Misc/Player.cpp Line: 782)
06-13 14:18:57.820  3268  3282 I Unity   :
06-13 14:18:57.843   291   496 E BufferQueueProducer: [SurfaceView] query: BufferQueue has been abandoned
06-13 14:18:57.843   291   487 E BufferQueueProducer: [SurfaceView] query: BufferQueue has been abandoned
06-13 14:18:57.844   291  7119 E BufferQueueProducer: [SurfaceView] connect(P): BufferQueue has been abandoned
06-13 14:18:57.844  3268  3282 E libEGL  : eglCreateWindowSurface: native_window_api_connect (win=0xb88a6dc0) failed (0xffffffed) (already connected to another API?)
06-13 14:18:57.844  3268  3282 E libEGL  : eglCreateWindowSurface:456 error 3003 (EGL_BAD_ALLOC)
06-13 14:18:57.844  3268  3282 E Unity   : [EGL] Failed to create window surface: EGL_BAD_ALLOC: EGL failed to allocate resources for the requested operation.
06-13 14:18:57.844  3268  3282 E Unity   :
06-13 14:18:57.844  3268  3282 E Unity   : (Filename: ./Runtime/GfxDevice/egl/WindowContextEGL.cpp Line: 161)
06-13 14:18:57.844  3268  3282 E Unity   :
06-13 14:18:57.845  3268  3282 I Unity   : Skipped rendering frame because GfxDevice is in invalid state (device lost)
06-13 14:18:57.845  3268  3282 I Unity   :
06-13 14:18:57.845  3268  3282 I Unity   : (Filename: ./Runtime/Misc/Player.cpp Line: 782)
06-13 14:18:57.845  3268  3282 I Unity   :
06-13 14:18:57.861   291   496 E BufferQueueProducer: [SurfaceView] query: BufferQueue has been abandoned
06-13 14:18:57.862   291   487 E BufferQueueProducer: [SurfaceView] query: BufferQueue has been abandoned
06-13 14:18:57.862   291  7119 E BufferQueueProducer: [SurfaceView] connect(P): BufferQueue has been abandoned
06-13 14:18:57.863  3268  3282 E libEGL  : eglCreateWindowSurface: native_window_api_connect (win=0xb88a6dc0) failed (0xffffffed) (already connected to another API?)
06-13 14:18:57.863  3268  3282 E libEGL  : eglCreateWindowSurface:456 error 3003 (EGL_BAD_ALLOC)
06-13 14:18:57.863  3268  3282 E Unity   : [EGL] Failed to create window surface: EGL_BAD_ALLOC: EGL failed to allocate resources for the requested operation.
06-13 14:18:57.863  3268  3282 E Unity   :
06-13 14:18:57.863  3268  3282 E Unity   : (Filename: ./Runtime/GfxDevice/egl/WindowContextEGL.cpp Line: 161)
06-13 14:18:57.863  3268  3282 E Unity   :
06-13 14:18:57.863  3268  3282 I Unity   : Skipped rendering frame because GfxDevice is in invalid state (device lost)
06-13 14:18:57.863  3268  3282 I Unity   :
06-13 14:18:57.863  3268  3282 I Unity   : (Filename: ./Runtime/Misc/Player.cpp Line: 782)
06-13 14:18:57.863  3268  3282 I Unity   :
06-13 14:18:57.887   291  7119 E BufferQueueProducer: [SurfaceView] query: BufferQueue has been abandoned
06-13 14:18:57.887   291   653 E BufferQueueProducer: [SurfaceView] query: BufferQueue has been abandoned
06-13 14:18:57.888   291  2899 E BufferQueueProducer: [SurfaceView] connect(P): BufferQueue has been abandoned
06-13 14:18:57.888  3268  3282 E libEGL  : eglCreateWindowSurface: native_window_api_connect (win=0xb88a6dc0) failed (0xffffffed) (already connected to another API?)
06-13 14:18:57.888  3268  3282 E libEGL  : eglCreateWindowSurface:456 error 3003 (EGL_BAD_ALLOC)
06-13 14:18:57.889  3268  3282 E Unity   : [EGL] Failed to create window surface: EGL_BAD_ALLOC: EGL failed to allocate resources for the requested operation.
06-13 14:18:57.889  3268  3282 E Unity   :
06-13 14:18:57.889  3268  3282 E Unity   : (Filename: ./Runtime/GfxDevice/egl/WindowContextEGL.cpp Line: 161)
06-13 14:18:57.889  3268  3282 E Unity   :
06-13 14:18:57.890  3268  3282 I Unity   : Skipped rendering frame because GfxDevice is in invalid state (device lost)
06-13 14:18:57.890  3268  3282 I Unity   :
06-13 14:18:57.890  3268  3282 I Unity   : (Filename: ./Runtime/Misc/Player.cpp Line: 782)
06-13 14:18:57.890  3268  3282 I Unity   :
06-13 14:18:57.911  3268  3347 E Unity   : allocation 0x0xc0000000 already registered @ /Users/builduser/buildslave/unity/build/Runtime/GfxDevice/opengles/DataBuffersGLES.cpp:l234 size 73440; now calling from /Users/builduser/buildslave/unity/build/Runtime/GfxDevice/opengles/DataBuffersGLES.cpp:l234 size 73440?
06-13 14:18:57.911  3268  3347 E Unity   :
06-13 14:18:57.911  3268  3347 E Unity   : (Filename: ./Runtime/Allocator/MemoryManager.cpp Line: 1638)
06-13 14:18:57.911  3268  3347 E Unity   :
06-13 14:18:57.911  3268  3347 E Unity   : allocation 0x0xc0000000 already registered @ /Users/builduser/buildslave/unity/build/Runtime/GfxDevice/opengles/DataBuffersGLES.cpp:l234 size 73440; now calling from /Users/builduser/buildslave/unity/build/Runtime/GfxDevice/opengles/DataBuffersGLES.cpp:l234 size 3672?
06-13 14:18:57.911  3268  3347 E Unity   :
06-13 14:18:57.911  3268  3347 E Unity   : (Filename: ./Runtime/Allocator/MemoryManager.cpp Line: 1638)
06-13 14:18:57.911  3268  3347 E Unity   :
06-13 14:18:57.912   291   653 E BufferQueueProducer: [SurfaceView] query: BufferQueue has been abandoned
06-13 14:18:57.912   291  2899 E BufferQueueProducer: [SurfaceView] query: BufferQueue has been abandoned
06-13 14:18:57.913   291   496 E BufferQueueProducer: [SurfaceView] connect(P): BufferQueue has been abandoned
06-13 14:18:57.914  3268  3282 E libEGL  : eglCreateWindowSurface: native_window_api_connect (win=0xb88a6dc0) failed (0xffffffed) (already connected to another API?)
06-13 14:18:57.914  3268  3282 E libEGL  : eglCreateWindowSurface:456 error 3003 (EGL_BAD_ALLOC)
06-13 14:18:57.914  3268  3282 E Unity   : [EGL] Failed to create window surface: EGL_BAD_ALLOC: EGL failed to allocate resources for the requested operation.
06-13 14:18:57.914  3268  3282 E Unity   :
06-13 14:18:57.914  3268  3282 E Unity   : (Filename: ./Runtime/GfxDevice/egl/WindowContextEGL.cpp Line: 161)
06-13 14:18:57.914  3268  3282 E Unity   :
06-13 14:18:57.914  3268  3282 I Unity   : Skipped rendering frame because GfxDevice is in invalid state (device lost)
06-13 14:18:57.914  3268  3282 I Unity   :
06-13 14:18:57.914  3268  3282 I Unity   : (Filename: ./Runtime/Misc/Player.cpp Line: 782)
06-13 14:18:57.914  3268  3282 I Unity   :
06-13 14:18:57.929   291   653 E BufferQueueProducer: [SurfaceView] query: BufferQueue has been abandoned
06-13 14:18:57.930   291  2899 E BufferQueueProducer: [SurfaceView] query: BufferQueue has been abandoned
06-13 14:18:57.930   291   496 E BufferQueueProducer: [SurfaceView] connect(P): BufferQueue has been abandoned
06-13 14:18:57.930  3268  3282 E libEGL  : eglCreateWindowSurface: native_window_api_connect (win=0xb88a6dc0) failed (0xffffffed) (already connected to another API?)
06-13 14:18:57.930  3268  3282 E libEGL  : eglCreateWindowSurface:456 error 3003 (EGL_BAD_ALLOC)
06-13 14:18:57.931  3268  3282 E Unity   : [EGL] Failed to create window surface: EGL_BAD_ALLOC: EGL failed to allocate resources for the requested operation.
06-13 14:18:57.931  3268  3282 E Unity   :
06-13 14:18:57.931  3268  3282 E Unity   : (Filename: ./Runtime/GfxDevice/egl/WindowContextEGL.cpp Line: 161)
06-13 14:18:57.931  3268  3282 E Unity   :
06-13 14:18:57.932  3268  3282 I Unity   : Skipped rendering frame because GfxDevice is in invalid state (device lost)
06-13 14:18:57.932  3268  3282 I Unity   :
06-13 14:18:57.932  3268  3282 I Unity   : (Filename: ./Runtime/Misc/Player.cpp Line: 782)
06-13 14:18:57.932  3268  3282 I Unity   :
06-13 14:18:57.950   291  2899 E BufferQueueProducer: [SurfaceView] query: BufferQueue has been abandoned
06-13 14:18:57.951   291   496 E BufferQueueProducer: [SurfaceView] query: BufferQueue has been abandoned
06-13 14:18:57.951   291  7119 E BufferQueueProducer: [SurfaceView] connect(P): BufferQueue has been abandoned
06-13 14:18:57.951  3268  3282 E libEGL  : eglCreateWindowSurface: native_window_api_connect (win=0xb88a6dc0) failed (0xffffffed) (already connected to another API?)
06-13 14:18:57.952  3268  3282 E libEGL  : eglCreateWindowSurface:456 error 3003 (EGL_BAD_ALLOC)
06-13 14:18:57.952  3268  3282 E Unity   : [EGL] Failed to create window surface: EGL_BAD_ALLOC: EGL failed to allocate resources for the requested operation.
06-13 14:18:57.952  3268  3282 E Unity   :
06-13 14:18:57.952  3268  3282 E Unity   : (Filename: ./Runtime/GfxDevice/egl/WindowContextEGL.cpp Line: 161)
06-13 14:18:57.952  3268  3282 E Unity   :
06-13 14:18:57.952  3268  3282 I Unity   : Skipped rendering frame because GfxDevice is in invalid state (device lost)
06-13 14:18:57.952  3268  3282 I Unity   :
06-13 14:18:57.952  3268  3282 I Unity   : (Filename: ./Runtime/Misc/Player.cpp Line: 782)
06-13 14:18:57.952  3268  3282 I Unity   :
06-13 14:18:57.974   291   487 E BufferQueueProducer: [SurfaceView] query: BufferQueue has been abandoned
06-13 14:18:57.975   291   496 E BufferQueueProducer: [SurfaceView] query: BufferQueue has been abandoned
06-13 14:18:57.975   291  7119 E BufferQueueProducer: [SurfaceView] connect(P): BufferQueue has been abandoned
06-13 14:18:57.975  3268  3282 E libEGL  : eglCreateWindowSurface: native_window_api_connect (win=0xb88a6dc0) failed (0xffffffed) (already connected to another API?)
06-13 14:18:57.975  3268  3282 E libEGL  : eglCreateWindowSurface:456 error 3003 (EGL_BAD_ALLOC)
06-13 14:18:57.976  3268  3282 E Unity   : [EGL] Failed to create window surface: EGL_BAD_ALLOC: EGL failed to allocate resources for the requested operation.
06-13 14:18:57.976  3268  3282 E Unity   :
06-13 14:18:57.976  3268  3282 E Unity   : (Filename: ./Runtime/GfxDevice/egl/WindowContextEGL.cpp Line: 161)
06-13 14:18:57.976  3268  3282 E Unity   :
06-13 14:18:57.976  3268  3282 I Unity   : Skipped rendering frame because GfxDevice is in invalid state (device lost)
06-13 14:18:57.976  3268  3282 I Unity   :
06-13 14:18:57.976  3268  3282 I Unity   : (Filename: ./Runtime/Misc/Player.cpp Line: 782)
06-13 14:18:57.976  3268  3282 I Unity   :
06-13 14:18:57.996   291   487 E BufferQueueProducer: [SurfaceView] query: BufferQueue has been abandoned
06-13 14:18:57.997   291  7119 E BufferQueueProducer: [SurfaceView] query: BufferQueue has been abandoned
06-13 14:18:57.998   291   487 E BufferQueueProducer: [SurfaceView] connect(P): BufferQueue has been abandoned
06-13 14:18:57.999  3268  3282 E libEGL  : eglCreateWindowSurface: native_window_api_connect (win=0xb88a6dc0) failed (0xffffffed) (already connected to another API?)
06-13 14:18:57.999  3268  3282 E libEGL  : eglCreateWindowSurface:456 error 3003 (EGL_BAD_ALLOC)
06-13 14:18:58.001  3268  3282 E Unity   : [EGL] Failed to create window surface: EGL_BAD_ALLOC: EGL failed to allocate resources for the requested operation.
06-13 14:18:58.001  3268  3282 E Unity   :
06-13 14:18:58.001  3268  3282 E Unity   : (Filename: ./Runtime/GfxDevice/egl/WindowContextEGL.cpp Line: 161)
06-13 14:18:58.001  3268  3282 E Unity   :
06-13 14:18:58.001  3268  3282 I Unity   : Skipped rendering frame because GfxDevice is in invalid state (device lost)
06-13 14:18:58.001  3268  3282 I Unity   :
06-13 14:18:58.001  3268  3282 I Unity   : (Filename: ./Runtime/Misc/Player.cpp Line: 782)
06-13 14:18:58.001  3268  3282 I Unity   :
06-13 14:18:58.018   291   496 E BufferQueueProducer: [SurfaceView] query: BufferQueue has been abandoned
06-13 14:18:58.020   291   653 E BufferQueueProducer: [SurfaceView] query: BufferQueue has been abandoned
06-13 14:18:58.024   291   487 E BufferQueueProducer: [SurfaceView] connect(P): BufferQueue has been abandoned
06-13 14:18:58.024  3268  3282 E libEGL  : eglCreateWindowSurface: native_window_api_connect (win=0xb88a6dc0) failed (0xffffffed) (already connected to another API?)
06-13 14:18:58.024  3268  3282 E libEGL  : eglCreateWindowSurface:456 error 3003 (EGL_BAD_ALLOC)
06-13 14:18:58.024  3268  3282 E Unity   : [EGL] Failed to create window surface: EGL_BAD_ALLOC: EGL failed to allocate resources for the requested operation.
06-13 14:18:58.024  3268  3282 E Unity   :
06-13 14:18:58.024  3268  3282 E Unity   : (Filename: ./Runtime/GfxDevice/egl/WindowContextEGL.cpp Line: 161)
06-13 14:18:58.024  3268  3282 E Unity   :
06-13 14:18:58.025  3268  3282 I Unity   : Skipped rendering frame because GfxDevice is in invalid state (device lost)
06-13 14:18:58.025  3268  3282 I Unity   :
06-13 14:18:58.025  3268  3282 I Unity   : (Filename: ./Runtime/Misc/Player.cpp Line: 782)
06-13 14:18:58.025  3268  3282 I Unity   :
06-13 14:18:58.045   291   487 E BufferQueueProducer: [SurfaceView] query: BufferQueue has been abandoned
06-13 14:18:58.046   291  7119 E BufferQueueProducer: [SurfaceView] query: BufferQueue has been abandoned
06-13 14:18:58.046   291  2899 E BufferQueueProducer: [SurfaceView] connect(P): BufferQueue has been abandoned
06-13 14:18:58.047  3268  3282 E libEGL  : eglCreateWindowSurface: native_window_api_connect (win=0xb88a6dc0) failed (0xffffffed) (already connected to another API?)
06-13 14:18:58.047  3268  3282 E libEGL  : eglCreateWindowSurface:456 error 3003 (EGL_BAD_ALLOC)
06-13 14:18:58.048  3268  3282 E Unity   : [EGL] Failed to create window surface: EGL_BAD_ALLOC: EGL failed to allocate resources for the requested operation.
06-13 14:18:58.048  3268  3282 E Unity   :
06-13 14:18:58.048  3268  3282 E Unity   : (Filename: ./Runtime/GfxDevice/egl/WindowContextEGL.cpp Line: 161)
06-13 14:18:58.048  3268  3282 E Unity   :
06-13 14:18:58.048  3268  3282 I Unity   : Skipped rendering frame because GfxDevice is in invalid state (device lost)
06-13 14:18:58.048  3268  3282 I Unity   :
06-13 14:18:58.048  3268  3282 I Unity   : (Filename: ./Runtime/Misc/Player.cpp Line: 782)
06-13 14:18:58.048  3268  3282 I Unity   :
06-13 14:18:58.064   291   487 E BufferQueueProducer: [SurfaceView] query: BufferQueue has been abandoned
06-13 14:18:58.065   291  7119 E BufferQueueProducer: [SurfaceView] query: BufferQueue has been abandoned
06-13 14:18:58.065   291  2899 E BufferQueueProducer: [SurfaceView] connect(P): BufferQueue has been abandoned
06-13 14:18:58.065  3268  3282 E libEGL  : eglCreateWindowSurface: native_window_api_connect (win=0xb88a6dc0) failed (0xffffffed) (already connected to another API?)
06-13 14:18:58.065  3268  3282 E libEGL  : eglCreateWindowSurface:456 error 3003 (EGL_BAD_ALLOC)
06-13 14:18:58.066  3268  3282 E Unity   : [EGL] Failed to create window surface: EGL_BAD_ALLOC: EGL failed to allocate resources for the requested operation.
06-13 14:18:58.066  3268  3282 E Unity   :
06-13 14:18:58.066  3268  3282 E Unity   : (Filename: ./Runtime/GfxDevice/egl/WindowContextEGL.cpp Line: 161)
06-13 14:18:58.066  3268  3282 E Unity   :
06-13 14:18:58.066  3268  3282 I Unity   : Skipped rendering frame because GfxDevice is in invalid state (device lost)
06-13 14:18:58.066  3268  3282 I Unity   :
06-13 14:18:58.066  3268  3282 I Unity   : (Filename: ./Runtime/Misc/Player.cpp Line: 782)
06-13 14:18:58.066  3268  3282 I Unity   :
06-13 14:18:58.085   291   487 E BufferQueueProducer: [SurfaceView] query: BufferQueue has been abandoned
06-13 14:18:58.086   291  7119 E BufferQueueProducer: [SurfaceView] query: BufferQueue has been abandoned
06-13 14:18:58.086   291  2899 E BufferQueueProducer: [SurfaceView] connect(P): BufferQueue has been abandoned
06-13 14:18:58.086  3268  3282 E libEGL  : eglCreateWindowSurface: native_window_api_connect (win=0xb88a6dc0) failed (0xffffffed) (already connected to another API?)
06-13 14:18:58.087  3268  3282 E libEGL  : eglCreateWindowSurface:456 error 3003 (EGL_BAD_ALLOC)
06-13 14:18:58.087  3268  3282 E Unity   : [EGL] Failed to create window surface: EGL_BAD_ALLOC: EGL failed to allocate resources for the requested operation.
06-13 14:18:58.087  3268  3282 E Unity   :
06-13 14:18:58.087  3268  3282 E Unity   : (Filename: ./Runtime/GfxDevice/egl/WindowContextEGL.cpp Line: 161)
06-13 14:18:58.087  3268  3282 E Unity   :
06-13 14:18:58.088  3268  3282 I Unity   : Skipped rendering frame because GfxDevice is in invalid state (device lost)
06-13 14:18:58.088  3268  3282 I Unity   :
06-13 14:18:58.088  3268  3282 I Unity   : (Filename: ./Runtime/Misc/Player.cpp Line: 782)
06-13 14:18:58.088  3268  3282 I Unity   :
06-13 14:18:58.113   291  2899 E BufferQueueProducer: [SurfaceView] query: BufferQueue has been abandoned
06-13 14:18:58.114   291   496 E BufferQueueProducer: [SurfaceView] query: BufferQueue has been abandoned
06-13 14:18:58.115   291   653 E BufferQueueProducer: [SurfaceView] connect(P): BufferQueue has been abandoned
06-13 14:18:58.116  3268  3282 E libEGL  : eglCreateWindowSurface: native_window_api_connect (win=0xb88a6dc0) failed (0xffffffed) (already connected to another API?)
06-13 14:18:58.116  3268  3282 E libEGL  : eglCreateWindowSurface:456 error 3003 (EGL_BAD_ALLOC)
06-13 14:18:58.116  3268  3282 E Unity   : [EGL] Failed to create window surface: EGL_BAD_ALLOC: EGL failed to allocate resources for the requested operation.
06-13 14:18:58.116  3268  3282 E Unity   :
06-13 14:18:58.116  3268  3282 E Unity   : (Filename: ./Runtime/GfxDevice/egl/WindowContextEGL.cpp Line: 161)
06-13 14:18:58.116  3268  3282 E Unity   :
06-13 14:18:58.117  3268  3282 I Unity   : Skipped rendering frame because GfxDevice is in invalid state (device lost)
06-13 14:18:58.117  3268  3282 I Unity   :
06-13 14:18:58.117  3268  3282 I Unity   : (Filename: ./Runtime/Misc/Player.cpp Line: 782)
06-13 14:18:58.117  3268  3282 I Unity   :
06-13 14:18:58.132   291  2899 E BufferQueueProducer: [SurfaceView] query: BufferQueue has been abandoned
06-13 14:18:58.132   291   496 E BufferQueueProducer: [SurfaceView] query: BufferQueue has been abandoned
06-13 14:18:58.133   291   653 E BufferQueueProducer: [SurfaceView] connect(P): BufferQueue has been abandoned
06-13 14:18:58.133  3268  3282 E libEGL  : eglCreateWindowSurface: native_window_api_connect (win=0xb88a6dc0) failed (0xffffffed) (already connected to another API?)
06-13 14:18:58.133  3268  3282 E libEGL  : eglCreateWindowSurface:456 error 3003 (EGL_BAD_ALLOC)
06-13 14:18:58.133  3268  3282 E Unity   : [EGL] Failed to create window surface: EGL_BAD_ALLOC: EGL failed to allocate resources for the requested operation.
06-13 14:18:58.133  3268  3282 E Unity   :
06-13 14:18:58.133  3268  3282 E Unity   : (Filename: ./Runtime/GfxDevice/egl/WindowContextEGL.cpp Line: 161)
06-13 14:18:58.133  3268  3282 E Unity   :
06-13 14:18:58.133  3268  3282 I Unity   : Skipped rendering frame because GfxDevice is in invalid state (device lost)
06-13 14:18:58.133  3268  3282 I Unity   :
06-13 14:18:58.133  3268  3282 I Unity   : (Filename: ./Runtime/Misc/Player.cpp Line: 782)
06-13 14:18:58.133  3268  3282 I Unity   :
06-13 14:18:58.152   291   496 E BufferQueueProducer: [SurfaceView] query: BufferQueue has been abandoned
06-13 14:18:58.152   291   653 E BufferQueueProducer: [SurfaceView] query: BufferQueue has been abandoned
06-13 14:18:58.153   291   487 E BufferQueueProducer: [SurfaceView] connect(P): BufferQueue has been abandoned
06-13 14:18:58.153  3268  3282 E libEGL  : eglCreateWindowSurface: native_window_api_connect (win=0xb88a6dc0) failed (0xffffffed) (already connected to another API?)
06-13 14:18:58.153  3268  3282 E libEGL  : eglCreateWindowSurface:456 error 3003 (EGL_BAD_ALLOC)
06-13 14:18:58.154  3268  3282 E Unity   : [EGL] Failed to create window surface: EGL_BAD_ALLOC: EGL failed to allocate resources for the requested operation.
06-13 14:18:58.154  3268  3282 E Unity   :
06-13 14:18:58.154  3268  3282 E Unity   : (Filename: ./Runtime/GfxDevice/egl/WindowContextEGL.cpp Line: 161)
06-13 14:18:58.154  3268  3282 E Unity   :
06-13 14:18:58.154  3268  3282 I Unity   : Skipped rendering frame because GfxDevice is in invalid state (device lost)
06-13 14:18:58.154  3268  3282 I Unity   :
06-13 14:18:58.154  3268  3282 I Unity   : (Filename: ./Runtime/Misc/Player.cpp Line: 782)
06-13 14:18:58.154  3268  3282 I Unity   :
06-13 14:18:58.173   291   487 E BufferQueueProducer: [SurfaceView] query: BufferQueue has been abandoned
06-13 14:18:58.174   291  7119 E BufferQueueProducer: [SurfaceView] query: BufferQueue has been abandoned
06-13 14:18:58.175   291   496 E BufferQueueProducer: [SurfaceView] connect(P): BufferQueue has been abandoned
06-13 14:18:58.176  3268  3282 E libEGL  : eglCreateWindowSurface: native_window_api_connect (win=0xb88a6dc0) failed (0xffffffed) (already connected to another API?)
06-13 14:18:58.176  3268  3282 E libEGL  : eglCreateWindowSurface:456 error 3003 (EGL_BAD_ALLOC)
06-13 14:18:58.176  3268  3282 E Unity   : [EGL] Failed to create window surface: EGL_BAD_ALLOC: EGL failed to allocate resources for the requested operation.
06-13 14:18:58.176  3268  3282 E Unity   :
06-13 14:18:58.176  3268  3282 E Unity   : (Filename: ./Runtime/GfxDevice/egl/WindowContextEGL.cpp Line: 161)
06-13 14:18:58.176  3268  3282 E Unity   :
06-13 14:18:58.177  3268  3282 I Unity   : Skipped rendering frame because GfxDevice is in invalid state (device lost)
06-13 14:18:58.177  3268  3282 I Unity   :
06-13 14:18:58.177  3268  3282 I Unity   : (Filename: ./Runtime/Misc/Player.cpp Line: 782)
06-13 14:18:58.177  3268  3282 I Unity   :
06-13 14:18:58.198   291   487 E BufferQueueProducer: [SurfaceView] query: BufferQueue has been abandoned
06-13 14:18:58.202   291   653 E BufferQueueProducer: [SurfaceView] query: BufferQueue has been abandoned
06-13 14:18:58.203   291  2899 E BufferQueueProducer: [SurfaceView] connect(P): BufferQueue has been abandoned
06-13 14:18:58.204  3268  3282 E libEGL  : eglCreateWindowSurface: native_window_api_connect (win=0xb88a6dc0) failed (0xffffffed) (already connected to another API?)
06-13 14:18:58.204  3268  3282 E libEGL  : eglCreateWindowSurface:456 error 3003 (EGL_BAD_ALLOC)
06-13 14:18:58.206  3268  3282 E Unity   : [EGL] Failed to create window surface: EGL_BAD_ALLOC: EGL failed to allocate resources for the requested operation.
06-13 14:18:58.206  3268  3282 E Unity   :
06-13 14:18:58.206  3268  3282 E Unity   : (Filename: ./Runtime/GfxDevice/egl/WindowContextEGL.cpp Line: 161)
06-13 14:18:58.206  3268  3282 E Unity   :
06-13 14:18:58.207  3268  3282 I Unity   : Skipped rendering frame because GfxDevice is in invalid state (device lost)
06-13 14:18:58.207  3268  3282 I Unity   :
06-13 14:18:58.207  3268  3282 I Unity   : (Filename: ./Runtime/Misc/Player.cpp Line: 782)
06-13 14:18:58.207  3268  3282 I Unity   :
06-13 14:18:58.223   291   496 E BufferQueueProducer: [SurfaceView] query: BufferQueue has been abandoned
06-13 14:18:58.223   291   653 E BufferQueueProducer: [SurfaceView] query: BufferQueue has been abandoned
06-13 14:18:58.224   291  2899 E BufferQueueProducer: [SurfaceView] connect(P): BufferQueue has been abandoned
06-13 14:18:58.224  3268  3282 E libEGL  : eglCreateWindowSurface: native_window_api_connect (win=0xb88a6dc0) failed (0xffffffed) (already connected to another API?)
06-13 14:18:58.224  3268  3282 E libEGL  : eglCreateWindowSurface:456 error 3003 (EGL_BAD_ALLOC)
06-13 14:18:58.225  3268  3282 E Unity   : [EGL] Failed to create window surface: EGL_BAD_ALLOC: EGL failed to allocate resources for the requested operation.
06-13 14:18:58.225  3268  3282 E Unity   :
06-13 14:18:58.225  3268  3282 E Unity   : (Filename: ./Runtime/GfxDevice/egl/WindowContextEGL.cpp Line: 161)
06-13 14:18:58.225  3268  3282 E Unity   :
06-13 14:18:58.225  3268  3282 I Unity   : Skipped rendering frame because GfxDevice is in invalid state (device lost)
06-13 14:18:58.225  3268  3282 I Unity   :
06-13 14:18:58.225  3268  3282 I Unity   : (Filename: ./Runtime/Misc/Player.cpp Line: 782)
06-13 14:18:58.225  3268  3282 I Unity   :
06-13 14:18:58.241   291   496 E BufferQueueProducer: [SurfaceView] query: BufferQueue has been abandoned
06-13 14:18:58.242   291   653 E BufferQueueProducer: [SurfaceView] query: BufferQueue has been abandoned
06-13 14:18:58.242   291  2899 E BufferQueueProducer: [SurfaceView] connect(P): BufferQueue has been abandoned
06-13 14:18:58.243  3268  3282 E libEGL  : eglCreateWindowSurface: native_window_api_connect (win=0xb88a6dc0) failed (0xffffffed) (already connected to another API?)
06-13 14:18:58.243  3268  3282 E libEGL  : eglCreateWindowSurface:456 error 3003 (EGL_BAD_ALLOC)
06-13 14:18:58.243  3268  3282 E Unity   : [EGL] Failed to create window surface: EGL_BAD_ALLOC: EGL failed to allocate resources for the requested operation.
06-13 14:18:58.243  3268  3282 E Unity   :
06-13 14:18:58.243  3268  3282 E Unity   : (Filename: ./Runtime/GfxDevice/egl/WindowContextEGL.cpp Line: 161)
06-13 14:18:58.243  3268  3282 E Unity   :
06-13 14:18:58.243  3268  3282 I Unity   : Skipped rendering frame because GfxDevice is in invalid state (device lost)
06-13 14:18:58.243  3268  3282 I Unity   :
06-13 14:18:58.243  3268  3282 I Unity   : (Filename: ./Runtime/Misc/Player.cpp Line: 782)
06-13 14:18:58.243  3268  3282 I Unity   :
06-13 14:18:58.268  3268  3347 E Unity   : allocation 0x0xc0000000 already registered @ /Users/builduser/buildslave/unity/build/Runtime/GfxDevice/opengles/DataBuffersGLES.cpp:l234 size 73440; now calling from /Users/builduser/buildslave/unity/build/Runtime/GfxDevice/opengles/DataBuffersGLES.cpp:l234 size 73680?
06-13 14:18:58.268  3268  3347 E Unity   :
06-13 14:18:58.268  3268  3347 E Unity   : (Filename: ./Runtime/Allocator/MemoryManager.cpp Line: 1638)
06-13 14:18:58.268  3268  3347 E Unity   :
06-13 14:18:58.268  3268  3347 E Unity   : allocation 0x0xc0000000 already registered @ /Users/builduser/buildslave/unity/build/Runtime/GfxDevice/opengles/DataBuffersGLES.cpp:l234 size 73440; now calling from /Users/builduser/buildslave/unity/build/Runtime/GfxDevice/opengles/DataBuffersGLES.cpp:l234 size 3684?
06-13 14:18:58.268  3268  3347 E Unity   :
06-13 14:18:58.268  3268  3347 E Unity   : (Filename: ./Runtime/Allocator/MemoryManager.cpp Line: 1638)
06-13 14:18:58.268  3268  3347 E Unity   :
06-13 14:18:58.274   291  2899 E BufferQueueProducer: [SurfaceView] query: BufferQueue has been abandoned
06-13 14:18:58.274   291   487 E BufferQueueProducer: [SurfaceView] query: BufferQueue has been abandoned
06-13 14:18:58.274   291  7119 E BufferQueueProducer: [SurfaceView] connect(P): BufferQueue has been abandoned
06-13 14:18:58.274  3268  3282 E libEGL  : eglCreateWindowSurface: native_window_api_connect (win=0xb88a6dc0) failed (0xffffffed) (already connected to another API?)
06-13 14:18:58.275  3268  3282 E libEGL  : eglCreateWindowSurface:456 error 3003 (EGL_BAD_ALLOC)
06-13 14:18:58.275  3268  3282 E Unity   : [EGL] Failed to create window surface: EGL_BAD_ALLOC: EGL failed to allocate resources for the requested operation.
06-13 14:18:58.275  3268  3282 E Unity   :
06-13 14:18:58.275  3268  3282 E Unity   : (Filename: ./Runtime/GfxDevice/egl/WindowContextEGL.cpp Line: 161)
06-13 14:18:58.275  3268  3282 E Unity   :
06-13 14:18:58.275  3268  3282 I Unity   : Skipped rendering frame because GfxDevice is in invalid state (device lost)
06-13 14:18:58.275  3268  3282 I Unity   :
06-13 14:18:58.275  3268  3282 I Unity   : (Filename: ./Runtime/Misc/Player.cpp Line: 782)
06-13 14:18:58.275  3268  3282 I Unity   :
06-13 14:18:58.288   291  2899 E BufferQueueProducer: [SurfaceView] query: BufferQueue has been abandoned
06-13 14:18:58.289   291   487 E BufferQueueProducer: [SurfaceView] query: BufferQueue has been abandoned
06-13 14:18:58.290   291  7119 E BufferQueueProducer: [SurfaceView] connect(P): BufferQueue has been abandoned
06-13 14:18:58.291  3268  3282 E libEGL  : eglCreateWindowSurface: native_window_api_connect (win=0xb88a6dc0) failed (0xffffffed) (already connected to another API?)
06-13 14:18:58.291  3268  3282 E libEGL  : eglCreateWindowSurface:456 error 3003 (EGL_BAD_ALLOC)
