06-13 14:18:54.365  3268  3282 I Unity   :
06-13 14:18:54.365  3268  3282 I Unity   : (Filename: ./Runtime/Misc/Player.cpp Line: 782)
06-13 14:18:54.365  3268  3282 I Unity   :
06-13 14:18:54.384  3695  3695 D QC_RIL_OEM_HOOK: sendRilOemHookMsg: Outgoing Data is 514f454d484f4f4b16000800050000000000000000
06-13 14:18:54.389  3052  3052 D QcrilMsgTunnelIfaceManager: handleMessage what = 1
06-13 14:18:54.390  3052  3052 D QcrilMsgTunnelSocket: [1040] > OEM_HOOK_RAW[514f454d484f4f4b16000800050000000000000000]
06-13 14:18:54.397  3268  3347 E Unity   : allocation 0x0xc0000000 already registered @ /Users/builduser/buildslave/unity/build/Runtime/GfxDevice/opengles/DataBuffersGLES.cpp:l234 size 73440; now calling from /Users/builduser/buildslave/unity/build/Runtime/GfxDevice/opengles/DataBuffersGLES.cpp:l234 size 73680?
06-13 14:18:54.397  3268  3347 E Unity   :
06-13 14:18:54.397  3268  3347 E Unity   : (Filename: ./Runtime/Allocator/MemoryManager.cpp Line: 1638)
06-13 14:18:54.397  3268  3347 E Unity   :
06-13 14:18:54.405  3268  3347 E Unity   : allocation 0x0xc0000000 already registered @ /Users/builduser/buildslave/unity/build/Runtime/GfxDevice/opengles/DataBuffersGLES.cpp:l234 size 73440; now calling from /Users/builduser/buildslave/unity/build/Runtime/GfxDevice/opengles/DataBuffersGLES.cpp:l234 size 3684?
06-13 14:18:54.405  3268  3347 E Unity   :
06-13 14:18:54.405  3268  3347 E Unity   : (Filename: ./Runtime/Allocator/MemoryManager.cpp Line: 1638)
06-13 14:18:54.405  3268  3347 E Unity   :
06-13 14:18:54.405  3663  3663 I CleverTap: Activity Lifecycle Callback successfully registered
06-13 14:18:54.406   291   496 E BufferQueueProducer: [SurfaceView] query: BufferQueue has been abandoned
06-13 14:18:54.408   291   653 E BufferQueueProducer: [SurfaceView] query: BufferQueue has been abandoned
06-13 14:18:54.408   291  2899 E BufferQueueProducer: [SurfaceView] connect(P): BufferQueue has been abandoned
06-13 14:18:54.409  3268  3282 E libEGL  : eglCreateWindowSurface: native_window_api_connect (win=0xb88a6dc0) failed (0xffffffed) (already connected to another API?)
06-13 14:18:54.409  3268  3282 E libEGL  : eglCreateWindowSurface:456 error 3003 (EGL_BAD_ALLOC)
06-13 14:18:54.412  3268  3282 E Unity   : [EGL] Failed to create window surface: EGL_BAD_ALLOC: EGL failed to allocate resources for the requested operation.
06-13 14:18:54.412  3268  3282 E Unity   :
06-13 14:18:54.412  3268  3282 E Unity   : (Filename: ./Runtime/GfxDevice/egl/WindowContextEGL.cpp Line: 161)
06-13 14:18:54.412  3268  3282 E Unity   :
06-13 14:18:54.415  3268  3282 I Unity   : Skipped rendering frame because GfxDevice is in invalid state (device lost)
06-13 14:18:54.415  3268  3282 I Unity   :
06-13 14:18:54.415  3268  3282 I Unity   : (Filename: ./Runtime/Misc/Player.cpp Line: 782)
06-13 14:18:54.415  3268  3282 I Unity   :
06-13 14:18:54.420  3663  3663 I MX.ThumbCache: Runtime.maxMemory: 256MB Cache capacity: 21MB
06-13 14:18:54.422  3052  3068 D QcrilMsgTunnelSocket: readRilMessage: Buffer = [B@2abcd05 HexData = [000000001004000002000000ffffffff]
06-13 14:18:54.422  3052  3068 D QcrilMsgTunnelSocket: Rcvd SOLICITED response with 12 bytes data for SUB0
06-13 14:18:54.450  3052  3068 D QcRilRequest: [1040] < OEM_HOOK_RAW error: com.android.internal.telephony.CommandException: GENERIC_FAILURE
06-13 14:18:54.451  3052  3052 D QcrilMsgTunnelIfaceManager: handleMessage what = 2
06-13 14:18:54.456  3695  3695 D QC_RIL_OEM_HOOK: sendOemRilRequestRaw returns value = -2
06-13 14:18:54.461  3695  3695 W QC_RIL_OEM_HOOK: QCRIL_EVT_HOOK_GET_CONFIG failed w/ com.android.internal.telephony.CommandException: GENERIC_FAILURE
06-13 14:18:54.461  3695  3695 D MbnAppGlobals: MbnTest_ getMetaInfoForConfig, mQcRilHookReady:true config:null
06-13 14:18:54.461  3695  3695 D MbnSystemService: MbnTest_ Mbn ID:null Meta Info:null
06-13 14:18:54.461  3695  3695 D MbnSystemService: MbnTest_ strict check, will ignore
06-13 14:18:54.462  3695  3695 D MbnSystemService: MbnTest_ EVENT_SERVICE_BINDED
06-13 14:18:54.472   291   487 E BufferQueueProducer: [SurfaceView] query: BufferQueue has been abandoned
06-13 14:18:54.473   291   653 E BufferQueueProducer: [SurfaceView] query: BufferQueue has been abandoned
06-13 14:18:54.475   291  2899 E BufferQueueProducer: [SurfaceView] connect(P): BufferQueue has been abandoned
06-13 14:18:54.475  3268  3282 E libEGL  : eglCreateWindowSurface: native_window_api_connect (win=0xb88a6dc0) failed (0xffffffed) (already connected to another API?)
06-13 14:18:54.475  3268  3282 E libEGL  : eglCreateWindowSurface:456 error 3003 (EGL_BAD_ALLOC)
06-13 14:18:54.475  3268  3282 E Unity   : [EGL] Failed to create window surface: EGL_BAD_ALLOC: EGL failed to allocate resources for the requested operation.
06-13 14:18:54.475  3268  3282 E Unity   :
06-13 14:18:54.475  3268  3282 E Unity   : (Filename: ./Runtime/GfxDevice/egl/WindowContextEGL.cpp Line: 161)
06-13 14:18:54.475  3268  3282 E Unity   :
06-13 14:18:54.476  3268  3282 I Unity   : Skipped rendering frame because GfxDevice is in invalid state (device lost)
06-13 14:18:54.476  3268  3282 I Unity   :
06-13 14:18:54.476  3268  3282 I Unity   : (Filename: ./Runtime/Misc/Player.cpp Line: 782)
06-13 14:18:54.476  3268  3282 I Unity   :
06-13 14:18:54.483   291   487 E BufferQueueProducer: [SurfaceView] query: BufferQueue has been abandoned
06-13 14:18:54.483   291  7119 E BufferQueueProducer: [SurfaceView] query: BufferQueue has been abandoned
06-13 14:18:54.484   291   496 E BufferQueueProducer: [SurfaceView] connect(P): BufferQueue has been abandoned
06-13 14:18:54.484  3268  3282 E libEGL  : eglCreateWindowSurface: native_window_api_connect (win=0xb88a6dc0) failed (0xffffffed) (already connected to another API?)
06-13 14:18:54.484  3268  3282 E libEGL  : eglCreateWindowSurface:456 error 3003 (EGL_BAD_ALLOC)
06-13 14:18:54.485  3268  3282 E Unity   : [EGL] Failed to create window surface: EGL_BAD_ALLOC: EGL failed to allocate resources for the requested operation.
06-13 14:18:54.485  3268  3282 E Unity   :
06-13 14:18:54.485  3268  3282 E Unity   : (Filename: ./Runtime/GfxDevice/egl/WindowContextEGL.cpp Line: 161)
06-13 14:18:54.485  3268  3282 E Unity   :
06-13 14:18:54.487  3268  3282 I Unity   : Skipped rendering frame because GfxDevice is in invalid state (device lost)
06-13 14:18:54.487  3268  3282 I Unity   :
06-13 14:18:54.487  3268  3282 I Unity   : (Filename: ./Runtime/Misc/Player.cpp Line: 782)
06-13 14:18:54.487  3268  3282 I Unity   :
06-13 14:18:54.508   291   496 E BufferQueueProducer: [SurfaceView] query: BufferQueue has been abandoned
06-13 14:18:54.509   291   653 E BufferQueueProducer: [SurfaceView] query: BufferQueue has been abandoned
06-13 14:18:54.509   291  2899 E BufferQueueProducer: [SurfaceView] connect(P): BufferQueue has been abandoned
06-13 14:18:54.509  3268  3282 E libEGL  : eglCreateWindowSurface: native_window_api_connect (win=0xb88a6dc0) failed (0xffffffed) (already connected to another API?)
06-13 14:18:54.509  3268  3282 E libEGL  : eglCreateWindowSurface:456 error 3003 (EGL_BAD_ALLOC)
06-13 14:18:54.509  3268  3282 E Unity   : [EGL] Failed to create window surface: EGL_BAD_ALLOC: EGL failed to allocate resources for the requested operation.
06-13 14:18:54.509  3268  3282 E Unity   :
06-13 14:18:54.509  3268  3282 E Unity   : (Filename: ./Runtime/GfxDevice/egl/WindowContextEGL.cpp Line: 161)
06-13 14:18:54.509  3268  3282 E Unity   :
06-13 14:18:54.510  3268  3282 I Unity   : Skipped rendering frame because GfxDevice is in invalid state (device lost)
06-13 14:18:54.510  3268  3282 I Unity   :
06-13 14:18:54.510  3268  3282 I Unity   : (Filename: ./Runtime/Misc/Player.cpp Line: 782)
06-13 14:18:54.510  3268  3282 I Unity   :
06-13 14:18:54.525   291   496 E BufferQueueProducer: [SurfaceView] query: BufferQueue has been abandoned
06-13 14:18:54.526   291   653 E BufferQueueProducer: [SurfaceView] query: BufferQueue has been abandoned
06-13 14:18:54.526   291  2899 E BufferQueueProducer: [SurfaceView] connect(P): BufferQueue has been abandoned
06-13 14:18:54.526  3268  3282 E libEGL  : eglCreateWindowSurface: native_window_api_connect (win=0xb88a6dc0) failed (0xffffffed) (already connected to another API?)
06-13 14:18:54.526  3268  3282 E libEGL  : eglCreateWindowSurface:456 error 3003 (EGL_BAD_ALLOC)
06-13 14:18:54.526  3268  3282 E Unity   : [EGL] Failed to create window surface: EGL_BAD_ALLOC: EGL failed to allocate resources for the requested operation.
06-13 14:18:54.526  3268  3282 E Unity   :
06-13 14:18:54.526  3268  3282 E Unity   : (Filename: ./Runtime/GfxDevice/egl/WindowContextEGL.cpp Line: 161)
06-13 14:18:54.526  3268  3282 E Unity   :
06-13 14:18:54.527  3268  3282 I Unity   : Skipped rendering frame because GfxDevice is in invalid state (device lost)
06-13 14:18:54.527  3268  3282 I Unity   :
06-13 14:18:54.527  3268  3282 I Unity   : (Filename: ./Runtime/Misc/Player.cpp Line: 782)
06-13 14:18:54.527  3268  3282 I Unity   :
06-13 14:18:54.548   291   496 E BufferQueueProducer: [SurfaceView] query: BufferQueue has been abandoned
06-13 14:18:54.550   291   653 E BufferQueueProducer: [SurfaceView] query: BufferQueue has been abandoned
06-13 14:18:54.550   291  2899 E BufferQueueProducer: [SurfaceView] connect(P): BufferQueue has been abandoned
06-13 14:18:54.551  3268  3282 E libEGL  : eglCreateWindowSurface: native_window_api_connect (win=0xb88a6dc0) failed (0xffffffed) (already connected to another API?)
06-13 14:18:54.551  3268  3282 E libEGL  : eglCreateWindowSurface:456 error 3003 (EGL_BAD_ALLOC)
06-13 14:18:54.551  3268  3282 E Unity   : [EGL] Failed to create window surface: EGL_BAD_ALLOC: EGL failed to allocate resources for the requested operation.
06-13 14:18:54.551  3268  3282 E Unity   :
06-13 14:18:54.551  3268  3282 E Unity   : (Filename: ./Runtime/GfxDevice/egl/WindowContextEGL.cpp Line: 161)
06-13 14:18:54.551  3268  3282 E Unity   :
06-13 14:18:54.551  3268  3282 I Unity   : Skipped rendering frame because GfxDevice is in invalid state (device lost)
06-13 14:18:54.551  3268  3282 I Unity   :
06-13 14:18:54.551  3268  3282 I Unity   : (Filename: ./Runtime/Misc/Player.cpp Line: 782)
06-13 14:18:54.551  3268  3282 I Unity   :
06-13 14:18:54.570   291   496 E BufferQueueProducer: [SurfaceView] query: BufferQueue has been abandoned
06-13 14:18:54.571   291  2899 E BufferQueueProducer: [SurfaceView] query: BufferQueue has been abandoned
06-13 14:18:54.571   291   487 E BufferQueueProducer: [SurfaceView] connect(P): BufferQueue has been abandoned
06-13 14:18:54.572  3268  3282 E libEGL  : eglCreateWindowSurface: native_window_api_connect (win=0xb88a6dc0) failed (0xffffffed) (already connected to another API?)
06-13 14:18:54.572  3268  3282 E libEGL  : eglCreateWindowSurface:456 error 3003 (EGL_BAD_ALLOC)
06-13 14:18:54.572  3268  3282 E Unity   : [EGL] Failed to create window surface: EGL_BAD_ALLOC: EGL failed to allocate resources for the requested operation.
06-13 14:18:54.572  3268  3282 E Unity   :
06-13 14:18:54.572  3268  3282 E Unity   : (Filename: ./Runtime/GfxDevice/egl/WindowContextEGL.cpp Line: 161)
06-13 14:18:54.572  3268  3282 E Unity   :
06-13 14:18:54.572  3268  3282 I Unity   : Skipped rendering frame because GfxDevice is in invalid state (device lost)
06-13 14:18:54.572  3268  3282 I Unity   :
06-13 14:18:54.572  3268  3282 I Unity   : (Filename: ./Runtime/Misc/Player.cpp Line: 782)
06-13 14:18:54.572  3268  3282 I Unity   :
06-13 14:18:54.593   291  2899 E BufferQueueProducer: [SurfaceView] query: BufferQueue has been abandoned
06-13 14:18:54.593   291   487 E BufferQueueProducer: [SurfaceView] query: BufferQueue has been abandoned
06-13 14:18:54.594   291  7119 E BufferQueueProducer: [SurfaceView] connect(P): BufferQueue has been abandoned
06-13 14:18:54.594  3268  3282 E libEGL  : eglCreateWindowSurface: native_window_api_connect (win=0xb88a6dc0) failed (0xffffffed) (already connected to another API?)
06-13 14:18:54.594  3268  3282 E libEGL  : eglCreateWindowSurface:456 error 3003 (EGL_BAD_ALLOC)
06-13 14:18:54.594  3268  3282 E Unity   : [EGL] Failed to create window surface: EGL_BAD_ALLOC: EGL failed to allocate resources for the requested operation.
06-13 14:18:54.594  3268  3282 E Unity   :
06-13 14:18:54.594  3268  3282 E Unity   : (Filename: ./Runtime/GfxDevice/egl/WindowContextEGL.cpp Line: 161)
06-13 14:18:54.594  3268  3282 E Unity   :
06-13 14:18:54.595  3268  3282 I Unity   : Skipped rendering frame because GfxDevice is in invalid state (device lost)
06-13 14:18:54.595  3268  3282 I Unity   :
06-13 14:18:54.595  3268  3282 I Unity   : (Filename: ./Runtime/Misc/Player.cpp Line: 782)
06-13 14:18:54.595  3268  3282 I Unity   :
06-13 14:18:54.614   813   825 E VolumeInfo:  buildStorageVolume setUsbotg(): false isUsbotg(): false
06-13 14:18:54.621  3268  3347 E Unity   : allocation 0x0xc0000000 already registered @ /Users/builduser/buildslave/unity/build/Runtime/GfxDevice/opengles/DataBuffersGLES.cpp:l234 size 73440; now calling from /Users/builduser/buildslave/unity/build/Runtime/GfxDevice/opengles/DataBuffersGLES.cpp:l234 size 73920?
06-13 14:18:54.621  3268  3347 E Unity   :
06-13 14:18:54.621  3268  3347 E Unity   : (Filename: ./Runtime/Allocator/MemoryManager.cpp Line: 1638)
06-13 14:18:54.621  3268  3347 E Unity   :
06-13 14:18:54.621  3268  3347 E Unity   : allocation 0x0xc0000000 already registered @ /Users/builduser/buildslave/unity/build/Runtime/GfxDevice/opengles/DataBuffersGLES.cpp:l234 size 73440; now calling from /Users/builduser/buildslave/unity/build/Runtime/GfxDevice/opengles/DataBuffersGLES.cpp:l234 size 3696?
06-13 14:18:54.621  3268  3347 E Unity   :
06-13 14:18:54.621  3268  3347 E Unity   : (Filename: ./Runtime/Allocator/MemoryManager.cpp Line: 1638)
06-13 14:18:54.621  3268  3347 E Unity   :
06-13 14:18:54.622   291  7119 E BufferQueueProducer: [SurfaceView] query: BufferQueue has been abandoned
06-13 14:18:54.622   291   496 E BufferQueueProducer: [SurfaceView] query: BufferQueue has been abandoned
06-13 14:18:54.622   291   653 E BufferQueueProducer: [SurfaceView] connect(P): BufferQueue has been abandoned
06-13 14:18:54.622  3268  3282 E libEGL  : eglCreateWindowSurface: native_window_api_connect (win=0xb88a6dc0) failed (0xffffffed) (already connected to another API?)
06-13 14:18:54.622  3268  3282 E libEGL  : eglCreateWindowSurface:456 error 3003 (EGL_BAD_ALLOC)
06-13 14:18:54.622  3268  3282 E Unity   : [EGL] Failed to create window surface: EGL_BAD_ALLOC: EGL failed to allocate resources for the requested operation.
06-13 14:18:54.622  3268  3282 E Unity   :
06-13 14:18:54.622  3268  3282 E Unity   : (Filename: ./Runtime/GfxDevice/egl/WindowContextEGL.cpp Line: 161)
06-13 14:18:54.622  3268  3282 E Unity   :
06-13 14:18:54.623  3268  3282 I Unity   : Skipped rendering frame because GfxDevice is in invalid state (device lost)
06-13 14:18:54.623  3268  3282 I Unity   :
06-13 14:18:54.623  3268  3282 I Unity   : (Filename: ./Runtime/Misc/Player.cpp Line: 782)
06-13 14:18:54.623  3268  3282 I Unity   :
06-13 14:18:54.638   291  7119 E BufferQueueProducer: [SurfaceView] query: BufferQueue has been abandoned
06-13 14:18:54.638   291   496 E BufferQueueProducer: [SurfaceView] query: BufferQueue has been abandoned
06-13 14:18:54.639   291   653 E BufferQueueProducer: [SurfaceView] connect(P): BufferQueue has been abandoned
06-13 14:18:54.639  3268  3282 E libEGL  : eglCreateWindowSurface: native_window_api_connect (win=0xb88a6dc0) failed (0xffffffed) (already connected to another API?)
06-13 14:18:54.639  3268  3282 E libEGL  : eglCreateWindowSurface:456 error 3003 (EGL_BAD_ALLOC)
06-13 14:18:54.640  3268  3282 E Unity   : [EGL] Failed to create window surface: EGL_BAD_ALLOC: EGL failed to allocate resources for the requested operation.
06-13 14:18:54.640  3268  3282 E Unity   :
06-13 14:18:54.640  3268  3282 E Unity   : (Filename: ./Runtime/GfxDevice/egl/WindowContextEGL.cpp Line: 161)
06-13 14:18:54.640  3268  3282 E Unity   :
06-13 14:18:54.640  3268  3282 I Unity   : Skipped rendering frame because GfxDevice is in invalid state (device lost)
06-13 14:18:54.640  3268  3282 I Unity   :
06-13 14:18:54.640  3268  3282 I Unity   : (Filename: ./Runtime/Misc/Player.cpp Line: 782)
06-13 14:18:54.640  3268  3282 I Unity   :
06-13 14:18:54.661   291  7119 E BufferQueueProducer: [SurfaceView] query: BufferQueue has been abandoned
06-13 14:18:54.662   291   496 E BufferQueueProducer: [SurfaceView] query: BufferQueue has been abandoned
06-13 14:18:54.663   291   653 E BufferQueueProducer: [SurfaceView] connect(P): BufferQueue has been abandoned
06-13 14:18:54.663  3268  3282 E libEGL  : eglCreateWindowSurface: native_window_api_connect (win=0xb88a6dc0) failed (0xffffffed) (already connected to another API?)
06-13 14:18:54.663  3268  3282 E libEGL  : eglCreateWindowSurface:456 error 3003 (EGL_BAD_ALLOC)
06-13 14:18:54.663  3268  3282 E Unity   : [EGL] Failed to create window surface: EGL_BAD_ALLOC: EGL failed to allocate resources for the requested operation.
06-13 14:18:54.663  3268  3282 E Unity   :
06-13 14:18:54.663  3268  3282 E Unity   : (Filename: ./Runtime/GfxDevice/egl/WindowContextEGL.cpp Line: 161)
06-13 14:18:54.663  3268  3282 E Unity   :
06-13 14:18:54.664  3268  3282 I Unity   : Skipped rendering frame because GfxDevice is in invalid state (device lost)
06-13 14:18:54.664  3268  3282 I Unity   :
06-13 14:18:54.664  3268  3282 I Unity   : (Filename: ./Runtime/Misc/Player.cpp Line: 782)
06-13 14:18:54.664  3268  3282 I Unity   :
06-13 14:18:54.683  2161  2319 D NetworkController.MobileSignalController(1): onSignalStrengthsChanged signalStrength=SignalStrength: 99 0 -120 -160 -120 -1 -1 15 -118 -12 8 2147483647 2147483647 2147483647 gsm|lte level=2
06-13 14:18:54.684   291  7119 E BufferQueueProducer: [SurfaceView] query: BufferQueue has been abandoned
06-13 14:18:54.685   291   496 E BufferQueueProducer: [SurfaceView] query: BufferQueue has been abandoned
06-13 14:18:54.686   291   653 E BufferQueueProducer: [SurfaceView] connect(P): BufferQueue has been abandoned
06-13 14:18:54.686  3268  3282 E libEGL  : eglCreateWindowSurface: native_window_api_connect (win=0xb88a6dc0) failed (0xffffffed) (already connected to another API?)
06-13 14:18:54.686  3268  3282 E libEGL  : eglCreateWindowSurface:456 error 3003 (EGL_BAD_ALLOC)
06-13 14:18:54.686  3268  3282 E Unity   : [EGL] Failed to create window surface: EGL_BAD_ALLOC: EGL failed to allocate resources for the requested operation.
06-13 14:18:54.686  3268  3282 E Unity   :
06-13 14:18:54.686  3268  3282 E Unity   : (Filename: ./Runtime/GfxDevice/egl/WindowContextEGL.cpp Line: 161)
06-13 14:18:54.686  3268  3282 E Unity   :
06-13 14:18:54.688  3268  3282 I Unity   : Skipped rendering frame because GfxDevice is in invalid state (device lost)
06-13 14:18:54.688  3268  3282 I Unity   :
06-13 14:18:54.688  3268  3282 I Unity   : (Filename: ./Runtime/Misc/Player.cpp Line: 782)
06-13 14:18:54.688  3268  3282 I Unity   :
06-13 14:18:54.703   291  7119 E BufferQueueProducer: [SurfaceView] query: BufferQueue has been abandoned
06-13 14:18:54.704   291   496 E BufferQueueProducer: [SurfaceView] query: BufferQueue has been abandoned
06-13 14:18:54.704   291   653 E BufferQueueProducer: [SurfaceView] connect(P): BufferQueue has been abandoned
06-13 14:18:54.704  3268  3282 E libEGL  : eglCreateWindowSurface: native_window_api_connect (win=0xb88a6dc0) failed (0xffffffed) (already connected to another API?)
06-13 14:18:54.705  3268  3282 E libEGL  : eglCreateWindowSurface:456 error 3003 (EGL_BAD_ALLOC)
06-13 14:18:54.705  3268  3282 E Unity   : [EGL] Failed to create window surface: EGL_BAD_ALLOC: EGL failed to allocate resources for the requested operation.
06-13 14:18:54.705  3268  3282 E Unity   :
06-13 14:18:54.705  3268  3282 E Unity   : (Filename: ./Runtime/GfxDevice/egl/WindowContextEGL.cpp Line: 161)
06-13 14:18:54.705  3268  3282 E Unity   :
06-13 14:18:54.705  3268  3282 I Unity   : Skipped rendering frame because GfxDevice is in invalid state (device lost)
06-13 14:18:54.705  3268  3282 I Unity   :
06-13 14:18:54.705  3268  3282 I Unity   : (Filename: ./Runtime/Misc/Player.cpp Line: 782)
06-13 14:18:54.705  3268  3282 I Unity   :
06-13 14:18:54.726   291   653 E BufferQueueProducer: [SurfaceView] query: BufferQueue has been abandoned
06-13 14:18:54.726   291   487 E BufferQueueProducer: [SurfaceView] query: BufferQueue has been abandoned
06-13 14:18:54.727   291  2899 E BufferQueueProducer: [SurfaceView] connect(P): BufferQueue has been abandoned
06-13 14:18:54.727  3268  3282 E libEGL  : eglCreateWindowSurface: native_window_api_connect (win=0xb88a6dc0) failed (0xffffffed) (already connected to another API?)
06-13 14:18:54.727  3268  3282 E libEGL  : eglCreateWindowSurface:456 error 3003 (EGL_BAD_ALLOC)
06-13 14:18:54.727  3268  3282 E Unity   : [EGL] Failed to create window surface: EGL_BAD_ALLOC: EGL failed to allocate resources for the requested operation.
06-13 14:18:54.727  3268  3282 E Unity   :
06-13 14:18:54.727  3268  3282 E Unity   : (Filename: ./Runtime/GfxDevice/egl/WindowContextEGL.cpp Line: 161)
06-13 14:18:54.727  3268  3282 E Unity   :
06-13 14:18:54.728  3268  3282 I Unity   : Skipped rendering frame because GfxDevice is in invalid state (device lost)
06-13 14:18:54.728  3268  3282 I Unity   :
06-13 14:18:54.728  3268  3282 I Unity   : (Filename: ./Runtime/Misc/Player.cpp Line: 782)
06-13 14:18:54.728  3268  3282 I Unity   :
06-13 14:18:54.752  3663  3663 I CleverTap: Account Region not specified in the AndroidManifest - using default region
06-13 14:18:54.756   291   487 E BufferQueueProducer: [SurfaceView] query: BufferQueue has been abandoned
06-13 14:18:54.757   291  2899 E BufferQueueProducer: [SurfaceView] query: BufferQueue has been abandoned
06-13 14:18:54.759   291   496 E BufferQueueProducer: [SurfaceView] connect(P): BufferQueue has been abandoned
06-13 14:18:54.760  3268  3282 E libEGL  : eglCreateWindowSurface: native_window_api_connect (win=0xb88a6dc0) failed (0xffffffed) (already connected to another API?)
06-13 14:18:54.760  3268  3282 E libEGL  : eglCreateWindowSurface:456 error 3003 (EGL_BAD_ALLOC)
06-13 14:18:54.760  3268  3282 E Unity   : [EGL] Failed to create window surface: EGL_BAD_ALLOC: EGL failed to allocate resources for the requested operation.
06-13 14:18:54.760  3268  3282 E Unity   :
06-13 14:18:54.760  3268  3282 E Unity   : (Filename: ./Runtime/GfxDevice/egl/WindowContextEGL.cpp Line: 161)
06-13 14:18:54.760  3268  3282 E Unity   :
06-13 14:18:54.765  3268  3282 I Unity   : Skipped rendering frame because GfxDevice is in invalid state (device lost)
06-13 14:18:54.765  3268  3282 I Unity   :
06-13 14:18:54.765  3268  3282 I Unity   : (Filename: ./Runtime/Misc/Player.cpp Line: 782)
06-13 14:18:54.765  3268  3282 I Unity   :
06-13 14:18:54.781   291  7119 E BufferQueueProducer: [SurfaceView] query: BufferQueue has been abandoned
06-13 14:18:54.782   291  2899 E BufferQueueProducer: [SurfaceView] query: BufferQueue has been abandoned
06-13 14:18:54.784   291   496 E BufferQueueProducer: [SurfaceView] connect(P): BufferQueue has been abandoned
06-13 14:18:54.785  3268  3282 E libEGL  : eglCreateWindowSurface: native_window_api_connect (win=0xb88a6dc0) failed (0xffffffed) (already connected to another API?)
06-13 14:18:54.785  3268  3282 E libEGL  : eglCreateWindowSurface:456 error 3003 (EGL_BAD_ALLOC)
06-13 14:18:54.793  3663  3663 I CleverTap: CleverTap SDK initialized with accountId: 449-R44-Z55Z accountToken: 442-c44 accountRegion: null
06-13 14:18:54.801  3268  3282 E Unity   : [EGL] Failed to create window surface: EGL_BAD_ALLOC: EGL failed to allocate resources for the requested operation.
06-13 14:18:54.801  3268  3282 E Unity   :
06-13 14:18:54.801  3268  3282 E Unity   : (Filename: ./Runtime/GfxDevice/egl/WindowContextEGL.cpp Line: 161)
06-13 14:18:54.801  3268  3282 E Unity   :
06-13 14:18:54.802  3268  3282 I Unity   : Skipped rendering frame because GfxDevice is in invalid state (device lost)
06-13 14:18:54.802  3268  3282 I Unity   :
06-13 14:18:54.802  3268  3282 I Unity   : (Filename: ./Runtime/Misc/Player.cpp Line: 782)
06-13 14:18:54.802  3268  3282 I Unity   :
06-13 14:18:54.812   291   496 E BufferQueueProducer: [SurfaceView] query: BufferQueue has been abandoned
06-13 14:18:54.813   291   653 E BufferQueueProducer: [SurfaceView] query: BufferQueue has been abandoned
06-13 14:18:54.813   291   487 E BufferQueueProducer: [SurfaceView] connect(P): BufferQueue has been abandoned
06-13 14:18:54.814  3268  3282 E libEGL  : eglCreateWindowSurface: native_window_api_connect (win=0xb88a6dc0) failed (0xffffffed) (already connected to another API?)
06-13 14:18:54.814  3268  3282 E libEGL  : eglCreateWindowSurface:456 error 3003 (EGL_BAD_ALLOC)
06-13 14:18:54.814  3268  3282 E Unity   : [EGL] Failed to create window surface: EGL_BAD_ALLOC: EGL failed to allocate resources for the requested operation.
06-13 14:18:54.814  3268  3282 E Unity   :
06-13 14:18:54.814  3268  3282 E Unity   : (Filename: ./Runtime/GfxDevice/egl/WindowContextEGL.cpp Line: 161)
06-13 14:18:54.814  3268  3282 E Unity   :
06-13 14:18:54.815  3268  3282 I Unity   : Skipped rendering frame because GfxDevice is in invalid state (device lost)
06-13 14:18:54.815  3268  3282 I Unity   :
06-13 14:18:54.815  3268  3282 I Unity   : (Filename: ./Runtime/Misc/Player.cpp Line: 782)
06-13 14:18:54.815  3268  3282 I Unity   :
06-13 14:18:54.833   291   496 E BufferQueueProducer: [SurfaceView] query: BufferQueue has been abandoned
06-13 14:18:54.836   291   653 E BufferQueueProducer: [SurfaceView] query: BufferQueue has been abandoned
06-13 14:18:54.837   291   487 E BufferQueueProducer: [SurfaceView] connect(P): BufferQueue has been abandoned
06-13 14:18:54.837  3268  3282 E libEGL  : eglCreateWindowSurface: native_window_api_connect (win=0xb88a6dc0) failed (0xffffffed) (already connected to another API?)
06-13 14:18:54.837  3268  3282 E libEGL  : eglCreateWindowSurface:456 error 3003 (EGL_BAD_ALLOC)
06-13 14:18:54.838  3268  3282 E Unity   : [EGL] Failed to create window surface: EGL_BAD_ALLOC: EGL failed to allocate resources for the requested operation.
06-13 14:18:54.838  3268  3282 E Unity   :
06-13 14:18:54.838  3268  3282 E Unity   : (Filename: ./Runtime/GfxDevice/egl/WindowContextEGL.cpp Line: 161)
06-13 14:18:54.838  3268  3282 E Unity   :
06-13 14:18:54.839  3268  3282 I Unity   : Skipped rendering frame because GfxDevice is in invalid state (device lost)
06-13 14:18:54.839  3268  3282 I Unity   :
06-13 14:18:54.839  3268  3282 I Unity   : (Filename: ./Runtime/Misc/Player.cpp Line: 782)
06-13 14:18:54.839  3268  3282 I Unity   :
06-13 14:18:54.857   291   487 E BufferQueueProducer: [SurfaceView] query: BufferQueue has been abandoned
06-13 14:18:54.857   291  7119 E BufferQueueProducer: [SurfaceView] query: BufferQueue has been abandoned
06-13 14:18:54.857   291  2899 E BufferQueueProducer: [SurfaceView] connect(P): BufferQueue has been abandoned
06-13 14:18:54.858  3268  3282 E libEGL  : eglCreateWindowSurface: native_window_api_connect (win=0xb88a6dc0) failed (0xffffffed) (already connected to another API?)
06-13 14:18:54.858  3268  3282 E libEGL  : eglCreateWindowSurface:456 error 3003 (EGL_BAD_ALLOC)
06-13 14:18:54.858  3268  3282 E Unity   : [EGL] Failed to create window surface: EGL_BAD_ALLOC: EGL failed to allocate resources for the requested operation.
06-13 14:18:54.858  3268  3282 E Unity   :
06-13 14:18:54.858  3268  3282 E Unity   : (Filename: ./Runtime/GfxDevice/egl/WindowContextEGL.cpp Line: 161)
06-13 14:18:54.858  3268  3282 E Unity   :
06-13 14:18:54.858  3268  3282 I Unity   : Skipped rendering frame because GfxDevice is in invalid state (device lost)
06-13 14:18:54.858  3268  3282 I Unity   :
06-13 14:18:54.858  3268  3282 I Unity   : (Filename: ./Runtime/Misc/Player.cpp Line: 782)
06-13 14:18:54.858  3268  3282 I Unity   :
06-13 14:18:54.878  3268  3347 E Unity   : allocation 0x0xc0000000 already registered @ /Users/builduser/buildslave/unity/build/Runtime/GfxDevice/opengles/DataBuffersGLES.cpp:l234 size 73440; now calling from /Users/builduser/buildslave/unity/build/Runtime/GfxDevice/opengles/DataBuffersGLES.cpp:l234 size 74160?
06-13 14:18:54.878  3268  3347 E Unity   :
06-13 14:18:54.878  3268  3347 E Unity   : (Filename: ./Runtime/Allocator/MemoryManager.cpp Line: 1638)
06-13 14:18:54.878  3268  3347 E Unity   :
06-13 14:18:54.878  3268  3347 E Unity   : allocation 0x0xc0000000 already registered @ /Users/builduser/buildslave/unity/build/Runtime/GfxDevice/opengles/DataBuffersGLES.cpp:l234 size 73440; now calling from /Users/builduser/buildslave/unity/build/Runtime/GfxDevice/opengles/DataBuffersGLES.cpp:l234 size 3708?
06-13 14:18:54.878  3268  3347 E Unity   :
06-13 14:18:54.878  3268  3347 E Unity   : (Filename: ./Runtime/Allocator/MemoryManager.cpp Line: 1638)
06-13 14:18:54.878  3268  3347 E Unity   :
06-13 14:18:54.880   291  7119 E BufferQueueProducer: [SurfaceView] query: BufferQueue has been abandoned
06-13 14:18:54.881   291  2899 E BufferQueueProducer: [SurfaceView] query: BufferQueue has been abandoned
06-13 14:18:54.881   291   653 E BufferQueueProducer: [SurfaceView] connect(P): BufferQueue has been abandoned
06-13 14:18:54.881  3268  3282 E libEGL  : eglCreateWindowSurface: native_window_api_connect (win=0xb88a6dc0) failed (0xffffffed) (already connected to another API?)
06-13 14:18:54.881  3268  3282 E libEGL  : eglCreateWindowSurface:456 error 3003 (EGL_BAD_ALLOC)
06-13 14:18:54.882  3268  3282 E Unity   : [EGL] Failed to create window surface: EGL_BAD_ALLOC: EGL failed to allocate resources for the requested operation.
06-13 14:18:54.882  3268  3282 E Unity   :
06-13 14:18:54.882  3268  3282 E Unity   : (Filename: ./Runtime/GfxDevice/egl/WindowContextEGL.cpp Line: 161)
06-13 14:18:54.882  3268  3282 E Unity   :
06-13 14:18:54.883  3268  3282 I Unity   : Skipped rendering frame because GfxDevice is in invalid state (device lost)
06-13 14:18:54.883  3268  3282 I Unity   :
06-13 14:18:54.883  3268  3282 I Unity   : (Filename: ./Runtime/Misc/Player.cpp Line: 782)
06-13 14:18:54.883  3268  3282 I Unity   :
06-13 14:18:54.893   813  2648 V AlarmManager: set(PendingIntent{5529107: PendingIntentRecord{ec21234 android broadcastIntent}}) : type=3 triggerAtTime=517428628 win=0 tElapsed=517433628 maxElapsed=517433628 interval=0 flags=0x8
06-13 14:18:54.893   813  2648 V AlarmManager: remove(operation) changed bounds; rebatching
06-13 14:18:54.893   813  2648 V AlarmManager: Adding Alarm{33fbe56 type 3 when 517473164 com.android.systemui} to Batch{888705c num=2 start=517457525 end=517480024}
06-13 14:18:54.893   813  2648 V AlarmManager:     => now Batch{888705c num=2 start=517473164 end=517480024}
06-13 14:18:54.893   813  2648 V AlarmManager: Adding Alarm{28204a3 type 2 when 517474682 com.google.android.gms} to Batch{888705c num=3 start=517473164 end=517480024}
06-13 14:18:54.894   813  2648 V AlarmManager:     => now Batch{888705c num=3 start=517474682 end=517480024}
06-13 14:18:54.894   813  2648 V AlarmManager: Adding Alarm{62343fc type 3 when 517487254 com.google.android.gms} to Batch{77c0f65 num=2 start=517487044 end=517532044 flgs=0x8}
06-13 14:18:54.894   813  2648 V AlarmManager:     => now Batch{77c0f65 num=2 start=517487254 end=517532044 flgs=0x8}
06-13 14:18:54.894   813  2648 V AlarmManager: Adding Alarm{b9b29ff type 1 when 1560424794793 com.urbandroid.lux} to Batch{77c0f65 num=3 start=517487254 end=517532044 flgs=0x8}
06-13 14:18:54.894   813  2648 V AlarmManager:     => now Batch{77c0f65 num=3 start=517488528 end=517532044 flgs=0x8}
06-13 14:18:54.894   813  2648 V AlarmManager: Adding Alarm{67d11b0 type 2 when 517524198 com.whatsapp} to Batch{77c0f65 num=4 start=517488528 end=517532044 flgs=0x8}
06-13 14:18:54.894   813  2648 V AlarmManager:     => now Batch{77c0f65 num=4 start=517524198 end=517532044 flgs=0x8}
06-13 14:18:54.894   813  2648 V AlarmManager: Adding Alarm{c2b4259 type 0 when 1560424956213 com.berk.spx} to Batch{9a1843a num=2 start=517574564 end=517777000 flgs=0x8}
06-13 14:18:54.894   813  2648 V AlarmManager:     => now Batch{9a1843a num=2 start=517649948 end=517777000 flgs=0x8}
06-13 14:18:54.894   813  2648 V AlarmManager: Adding Alarm{d7db88e type 1 when 1560425009708 com.UCMobile.intl} to Batch{9a1843a num=3 start=517649948 end=517777000 flgs=0x8}
06-13 14:18:54.894   813  2648 V AlarmManager:     => now Batch{9a1843a num=3 start=517703443 end=517777000 flgs=0x8}
06-13 14:18:54.894   813  2648 V AlarmManager: Adding Alarm{b031b5d type 3 when 517760118 com.android.systemui} to Batch{9a1843a num=4 start=517703443 end=517777000 flgs=0x8}
06-13 14:18:54.894   813  2648 V AlarmManager:     => now Batch{9a1843a num=4 start=517760118 end=517777000 flgs=0x8}
06-13 14:18:54.894   813  2648 V AlarmManager: Adding Alarm{762ac7d type 2 when 518020084 com.google.android.gms} to Batch{eeb28eb num=2 start=517920840 end=712320838}
06-13 14:18:54.895   813  2648 V AlarmManager:     => now Batch{eeb28eb num=2 start=518020084 end=518536489}
06-13 14:18:54.895   813  2648 V AlarmManager: Adding Alarm{3da7c1f type 2 when 518057861 android} to Batch{eeb28eb num=3 start=518020084 end=518536489}
06-13 14:18:54.895   813  2648 V AlarmManager:     => now Batch{eeb28eb num=3 start=518057861 end=518536489}
06-13 14:18:54.895   813  2648 V AlarmManager: Adding Alarm{b179b99 type 2 when 518058359 android} to Batch{eeb28eb num=4 start=518057861 end=518536489}
06-13 14:18:54.895   813  2648 V AlarmManager:     => now Batch{eeb28eb num=4 start=518058359 end=518536489}
06-13 14:18:54.895   813  2648 V AlarmManager: Adding Alarm{336f56a type 3 when 518400000 com.whatsapp} to Batch{eeb28eb num=5 start=518058359 end=518536489}
06-13 14:18:54.895   813  2648 V AlarmManager:     => now Batch{eeb28eb num=5 start=518400000 end=518536489}
06-13 14:18:54.895   813  2648 V AlarmManager: Adding Alarm{a93aa1d type 3 when 518400000 com.google.android.gms} to Batch{eeb28eb num=6 start=518400000 end=518536489}
06-13 14:18:54.895   813  2648 V AlarmManager:     => now Batch{eeb28eb num=6 start=518400000 end=518536489}
06-13 14:18:54.895   813  2648 V AlarmManager: Adding Alarm{3325aba type 3 when 518400000 com.turkcell.trweatherwidget} to Batch{eeb28eb num=7 start=518400000 end=518536489}
06-13 14:18:54.895   813  2648 V AlarmManager:     => now Batch{eeb28eb num=7 start=518400000 end=518536489}
06-13 14:18:54.895   813  2648 V AlarmManager: Adding Alarm{3387325 type 3 when 518400000 com.google.android.gms} to Batch{eeb28eb num=8 start=518400000 end=518536489}
06-13 14:18:54.895   813  2648 V AlarmManager:     => now Batch{eeb28eb num=8 start=518400000 end=518536489}
06-13 14:18:54.895   813  2648 V AlarmManager: Adding Alarm{5082fe5 type 3 when 518400000 com.google.android.gms} to Batch{eeb28eb num=9 start=518400000 end=518536489}
06-13 14:18:54.896   813  2648 V AlarmManager:     => now Batch{eeb28eb num=9 start=518400000 end=518536489}
06-13 14:18:54.896   813  2648 V AlarmManager: Adding Alarm{8bd95d6 type 3 when 518431019 android} to Batch{eeb28eb num=10 start=518400000 end=518536489}
06-13 14:18:54.896   813  2648 V AlarmManager:     => now Batch{eeb28eb num=10 start=518431019 end=518536489 flgs=0x8}
06-13 14:18:54.896   813  2648 V AlarmManager: Adding Alarm{87be654 type 2 when 518443145 com.google.android.gms} to Batch{eeb28eb num=11 start=518431019 end=518536489 flgs=0x8}
06-13 14:18:54.896   813  2648 V AlarmManager:     => now Batch{eeb28eb num=11 start=518443145 end=518536489 flgs=0x8}
06-13 14:18:54.896   813  2648 V AlarmManager: Adding Alarm{6dea47b type 2 when 518627445 com.google.android.apps.maps} to Batch{15a3648 num=2 start=518566166 end=519916166}
06-13 14:18:54.896   813  2648 V AlarmManager:     => now Batch{15a3648 num=2 start=518627445 end=519916166}
06-13 14:18:54.896   813  2648 V AlarmManager: Adding Alarm{d30790e type 1 when 1560425997263 com.UCMobile.intl} to Batch{15a3648 num=3 start=518627445 end=519916166}
06-13 14:18:54.896   813  2648 V AlarmManager:     => now Batch{15a3648 num=3 start=518690998 end=519916166}
06-13 14:18:54.896   813  2648 V AlarmManager: Adding Alarm{3415090 type 0 when 1560426149758 com.turkcell.easyui.gallery} to Batch{15a3648 num=4 start=518690998 end=519916166}
06-13 14:18:54.896   813  2648 V AlarmManager:     => now Batch{15a3648 num=4 start=518843493 end=519916166}
06-13 14:18:54.896   813  2648 V AlarmManager: Adding Alarm{190bae4 type 3 when 519033803 com.android.systemui} to Batch{15a3648 num=5 start=518843493 end=519916166}
06-13 14:18:54.896   813  2648 V AlarmManager:     => now Batch{15a3648 num=5 start=519033803 end=519916166}
06-13 14:18:54.896   813  2648 V AlarmManager: Adding Alarm{c7ba3af type 2 when 519215236 com.google.android.gms} to Batch{15a3648 num=6 start=519033803 end=519916166}
06-13 14:18:54.896   813  2648 V AlarmManager:     => now Batch{15a3648 num=6 start=519215236 end=519916166}
06-13 14:18:54.897   813  2648 V AlarmManager: Adding Alarm{b08aa66 type 3 when 519391773 com.google.android.gms} to Batch{15a3648 num=7 start=519215236 end=519916166}
06-13 14:18:54.897   813  2648 V AlarmManager:     => now Batch{15a3648 num=7 start=519391773 end=519916166}
06-13 14:18:54.897   813  2648 V AlarmManager: Adding Alarm{eeb6c42 type 2 when 519423486 com.google.android.talk} to Batch{15a3648 num=8 start=519391773 end=519916166}
06-13 14:18:54.897   813  2648 V AlarmManager:     => now Batch{15a3648 num=8 start=519423486 end=519916166}
06-13 14:18:54.897   813  2648 V AlarmManager: Adding Alarm{3cfa2a8 type 2 when 519423806 com.google.android.talk} to Batch{15a3648 num=9 start=519423486 end=519916166}
06-13 14:18:54.897   813  2648 V AlarmManager:     => now Batch{15a3648 num=9 start=519423806 end=519916166}
06-13 14:18:54.897   813  2648 V AlarmManager: Adding Alarm{303dadb type 0 when 1560426743904 com.ttech.downloader} to Batch{15a3648 num=10 start=519423806 end=519916166}
06-13 14:18:54.897   813  2648 V AlarmManager:     => now Batch{15a3648 num=10 start=519437639 end=519916166}
06-13 14:18:54.897   813  2648 V AlarmManager: Adding Alarm{a699b67 type 3 when 519493924 com.android.systemui} to Batch{15a3648 num=11 start=519437639 end=519916166}
06-13 14:18:54.897   813  2648 V AlarmManager:     => now Batch{15a3648 num=11 start=519493924 end=519916166}
06-13 14:18:54.897   813  2648 V AlarmManager: Adding Alarm{fbbfe52 type 3 when 519787277 com.android.systemui} to Batch{15a3648 num=12 start=519493924 end=519916166}
06-13 14:18:54.897   813  2648 V AlarmManager:     => now Batch{15a3648 num=12 start=519787277 end=519916166}
06-13 14:18:54.898   813  2648 V AlarmManager: Adding Alarm{9e2ca7b type 3 when 519887176 com.android.systemui} to Batch{15a3648 num=13 start=519787277 end=519916166}
06-13 14:18:54.898   813  2648 V AlarmManager:     => now Batch{15a3648 num=13 start=519887176 end=519916166}
06-13 14:18:54.898   813  2648 V AlarmManager: Adding Alarm{aa55c10 type 0 when 1560427200000 com.UCMobile.intl} to Batch{15a3648 num=14 start=519887176 end=519916166}
06-13 14:18:54.898   813  2648 V AlarmManager:     => now Batch{15a3648 num=14 start=519893735 end=519916166}
06-13 14:18:54.898   813  2648 V AlarmManager: Adding Alarm{c0b892a type 2 when 519909383 com.UCMobile.intl} to Batch{15a3648 num=15 start=519893735 end=519916166}
06-13 14:18:54.898   813  2648 V AlarmManager:     => now Batch{15a3648 num=15 start=519909383 end=519916166}
06-13 14:18:54.898   813  2648 V AlarmManager: Adding Alarm{a7e2ec3 type 3 when 520478609 com.UCMobile.intl} to Batch{3a33ce1 num=2 start=520027439 end=714427437}
06-13 14:18:54.898   813  2648 V AlarmManager:     => now Batch{3a33ce1 num=2 start=520478609 end=523178609}
06-13 14:18:54.898   813  2648 V AlarmManager: Adding Alarm{965d930 type 3 when 520488842 com.UCMobile.intl} to Batch{3a33ce1 num=3 start=520478609 end=523178609}
06-13 14:18:54.898   813  2648 V AlarmManager:     => now Batch{3a33ce1 num=3 start=520488842 end=523178609}
06-13 14:18:54.899   813  2648 V AlarmManager: Adding Alarm{32dd0bd type 3 when 520489206 com.UCMobile.intl} to Batch{3a33ce1 num=4 start=520488842 end=523178609}
06-13 14:18:54.899   813  2648 V AlarmManager:     => now Batch{3a33ce1 num=4 start=520489206 end=523178609}
06-13 14:18:54.899   813  2648 V AlarmManager: Adding Alarm{8791ae4 type 2 when 520541171 com.google.android.talk} to Batch{3a33ce1 num=5 start=520489206 end=523178609}
06-13 14:18:54.899   813  2648 V AlarmManager:     => now Batch{3a33ce1 num=5 start=520541171 end=523178609}
06-13 14:18:54.899   813  2648 V AlarmManager: Adding Alarm{814b1f9 type 2 when 520553756 com.google.android.gms} to Batch{3a33ce1 num=6 start=520541171 end=523178609}
06-13 14:18:54.899   813  2648 V AlarmManager:     => now Batch{3a33ce1 num=6 start=520553756 end=523178609}
06-13 14:18:54.899   813  2648 V AlarmManager: Adding Alarm{bd2c55 type 3 when 520743889 com.whatsapp} to Batch{3a33ce1 num=7 start=520553756 end=523178609}
06-13 14:18:54.899   813  2648 V AlarmManager:     => now Batch{3a33ce1 num=7 start=520743889 end=523178609}
06-13 14:18:54.899   813  2648 V AlarmManager: Adding Alarm{6b9c9e7 type 3 when 520805122 com.android.systemui} to Batch{3a33ce1 num=8 start=520743889 end=523178609}
06-13 14:18:54.899   813  2648 V AlarmManager:     => now Batch{3a33ce1 num=8 start=520805122 end=523178609}
06-13 14:18:54.899   813  2648 V AlarmManager: Adding Alarm{9b777d6 type 3 when 520888648 com.google.android.gms} to Batch{3a33ce1 num=9 start=520805122 end=523178609}
06-13 14:18:54.899   813  2648 V AlarmManager:     => now Batch{3a33ce1 num=9 start=520888648 end=523178609}
06-13 14:18:54.899   813  2648 V AlarmManager: Adding Alarm{115d60f type 3 when 521401440 com.android.systemui} to Batch{3a33ce1 num=10 start=520888648 end=523178609}
06-13 14:18:54.899   813  2648 V AlarmManager:     => now Batch{3a33ce1 num=10 start=521401440 end=523178609}
06-13 14:18:54.900   813  2648 V AlarmManager: Adding Alarm{12a48b2 type 1 when 1560430112540 com.android.inputmethod.latin} to Batch{3a33ce1 num=11 start=521401440 end=523178609}
06-13 14:18:54.900   813  2648 V AlarmManager:     => now Batch{3a33ce1 num=11 start=522806275 end=523178609}
06-13 14:18:54.900   813  2648 V AlarmManager: Adding Alarm{a5f359b type 3 when 522808828 com.google.android.gms} to Batch{3a33ce1 num=12 start=522806275 end=523178609}
06-13 14:18:54.900   813  2648 V AlarmManager:     => now Batch{3a33ce1 num=12 start=522808828 end=523178609}
06-13 14:18:54.900   813  2648 V AlarmManager: Adding Alarm{ff66a84 type 3 when 524132868 com.android.systemui} to Batch{13aa06 num=2 start=524110348 end=718510347}
06-13 14:18:54.900   813  2648 V AlarmManager:     => now Batch{13aa06 num=2 start=524132868 end=718510347}
06-13 14:18:54.900   813  2648 V AlarmManager: Adding Alarm{5cf95d6 type 3 when 524831469 com.android.systemui} to Batch{13aa06 num=3 start=524132868 end=718510347}
06-13 14:18:54.900   813  2648 V AlarmManager:     => now Batch{13aa06 num=3 start=524831469 end=718510347}
06-13 14:18:54.900   813  2648 V AlarmManager: Adding Alarm{4f3c214 type 3 when 525518697 com.android.systemui} to Batch{13aa06 num=4 start=524831469 end=718510347}
06-13 14:18:54.900   813  2648 V AlarmManager:     => now Batch{13aa06 num=4 start=525518697 end=718510347}
06-13 14:18:54.900   813  2648 V AlarmManager: Adding Alarm{fc3e0ee type 2 when 525989384 com.google.android.talk} to Batch{13aa06 num=5 start=525518697 end=718510347}
06-13 14:18:54.900   813  2648 V AlarmManager:     => now Batch{13aa06 num=5 start=525989384 end=590789384}
06-13 14:18:54.900   813  2648 V AlarmManager: Adding Alarm{8bff486 type 2 when 527438747 android} to Batch{13aa06 num=6 start=525989384 end=590789384}
06-13 14:18:54.900   813  2648 V AlarmManager:     => now Batch{13aa06 num=6 start=527438747 end=590789384 flgs=0x8}
06-13 14:18:54.901   813  2648 V AlarmManager: Adding Alarm{e7cb94e type 3 when 527569400 com.android.systemui} to Batch{13aa06 num=7 start=527438747 end=590789384 flgs=0x8}
06-13 14:18:54.901   813  2648 V AlarmManager:     => now Batch{13aa06 num=7 start=527569400 end=590789384 flgs=0x8}
06-13 14:18:54.901   813  2648 V AlarmManager: Adding Alarm{91608b7 type 1 when 1560434989030 com.UCMobile.intl} to Batch{13aa06 num=8 start=527569400 end=590789384 flgs=0x8}
06-13 14:18:54.901   813  2648 V AlarmManager:     => now Batch{13aa06 num=8 start=527682765 end=538482765 flgs=0x8}
06-13 14:18:54.901   813  2648 V AlarmManager: Adding Alarm{99551d5 type 3 when 530939893 com.android.systemui} to Batch{13aa06 num=9 start=527682765 end=538482765 flgs=0x8}
06-13 14:18:54.901   813  2648 V AlarmManager:     => now Batch{13aa06 num=9 start=530939893 end=538482765 flgs=0x8}
06-13 14:18:54.901   813  2648 V AlarmManager: Adding Alarm{6b4e906 type 2 when 531039695 com.google.android.talk} to Batch{13aa06 num=10 start=530939893 end=538482765 flgs=0x8}
06-13 14:18:54.901   813  2648 V AlarmManager:     => now Batch{13aa06 num=10 start=531039695 end=538482765 flgs=0x8}
06-13 14:18:54.901   813  2648 V AlarmManager: Adding Alarm{9c39154 type 3 when 531295673 com.android.systemui} to Batch{13aa06 num=11 start=531039695 end=538482765 flgs=0x8}
06-13 14:18:54.901   813  2648 V AlarmManager:     => now Batch{13aa06 num=11 start=531295673 end=538482765 flgs=0x8}
06-13 14:18:54.901   813  2648 V AlarmManager: Adding Alarm{83c06a9 type 3 when 531600293 com.android.systemui} to Batch{13aa06 num=12 start=531295673 end=538482765 flgs=0x8}
06-13 14:18:54.901   813  2648 V AlarmManager:     => now Batch{13aa06 num=12 start=531600293 end=538482765 flgs=0x8}
06-13 14:18:54.901   813  2648 V AlarmManager: Adding Alarm{86e5bc2 type 3 when 531650446 com.android.systemui} to Batch{13aa06 num=13 start=531600293 end=538482765 flgs=0x8}
06-13 14:18:54.901   813  2648 V AlarmManager:     => now Batch{13aa06 num=13 start=531650446 end=538482765 flgs=0x8}
06-13 14:18:54.901   813  2648 V AlarmManager: Adding Alarm{17d4766 type 3 when 532142481 com.android.systemui} to Batch{13aa06 num=14 start=531650446 end=538482765 flgs=0x8}
06-13 14:18:54.901   813  2648 V AlarmManager:     => now Batch{13aa06 num=14 start=532142481 end=538482765 flgs=0x8}
06-13 14:18:54.902   813  2648 V AlarmManager: Adding Alarm{4a4d02b type 0 when 1560439498916 com.google.android.apps.maps} to Batch{13aa06 num=15 start=532142481 end=538482765 flgs=0x8}
06-13 14:18:54.902   813  2648 V AlarmManager:     => now Batch{13aa06 num=15 start=532192650 end=538482765 flgs=0x8}
06-13 14:18:54.902   813  2648 V AlarmManager: Adding Alarm{3413da1 type 3 when 532224486 com.android.systemui} to Batch{13aa06 num=16 start=532192650 end=538482765 flgs=0x8}
06-13 14:18:54.902   813  2648 V AlarmManager:     => now Batch{13aa06 num=16 start=532224486 end=538482765 flgs=0x8}
06-13 14:18:54.902   813  2648 V AlarmManager: Adding Alarm{f279e6 type 2 when 534693423 com.google.android.talk} to Batch{13aa06 num=17 start=532224486 end=538482765 flgs=0x8}
06-13 14:18:54.902   813  2648 V AlarmManager:     => now Batch{13aa06 num=17 start=534693423 end=538482765 flgs=0x8}
06-13 14:18:54.902   813  2648 V AlarmManager: Adding Alarm{667e8ac type 2 when 538310835 com.google.android.talk} to Batch{13aa06 num=18 start=534693423 end=538482765 flgs=0x8}
06-13 14:18:54.902   813  2648 V AlarmManager:     => now Batch{13aa06 num=18 start=538310835 end=538482765 flgs=0x8}
06-13 14:18:54.902   813  2648 V AlarmManager: Adding Alarm{4ef69a8 type 3 when 538966676 com.android.systemui} to Batch{cd168c7 num=2 start=538834836 end=733234834}
06-13 14:18:54.902   813  2648 V AlarmManager:     => now Batch{cd168c7 num=2 start=538966676 end=733234834}
06-13 14:18:54.902   813  2648 V AlarmManager: Adding Alarm{66ecafb type 3 when 540757202 com.android.systemui} to Batch{cd168c7 num=3 start=538966676 end=733234834}
06-13 14:18:54.902   813  2648 V AlarmManager:     => now Batch{cd168c7 num=3 start=540757202 end=733234834}
06-13 14:18:54.903   813  2648 V AlarmManager: Adding Alarm{d26a3a5 type 2 when 543451145 com.google.android.talk} to Batch{cd168c7 num=4 start=540757202 end=733234834}
06-13 14:18:54.903   813  2648 V AlarmManager:     => now Batch{cd168c7 num=4 start=543451145 end=608251145}
06-13 14:18:54.903   813  2648 V AlarmManager: Adding Alarm{8e348a5 type 3 when 544311342 com.google.android.gms} to Batch{cd168c7 num=5 start=543451145 end=608251145}
06-13 14:18:54.903   813  2648 V AlarmManager:     => now Batch{cd168c7 num=5 start=544311342 end=576711341}
06-13 14:18:54.903   813  2648 V AlarmManager: Adding Alarm{3ee7478 type 3 when 544814493 com.android.systemui} to Batch{cd168c7 num=6 start=544311342 end=576711341}
06-13 14:18:54.903   813  2648 V AlarmManager:     => now Batch{cd168c7 num=6 start=544814493 end=576711341}
06-13 14:18:54.903   813  2648 V AlarmManager: Adding Alarm{38298b6 type 3 when 545489588 com.android.systemui} to Batch{cd168c7 num=7 start=544814493 end=576711341}
06-13 14:18:54.903   813  2648 V AlarmManager:     => now Batch{cd168c7 num=7 start=545489588 end=576711341}
06-13 14:18:54.903   813  2648 V AlarmManager: Adding Alarm{aa0fdad type 3 when 545545754 com.android.systemui} to Batch{cd168c7 num=8 start=545489588 end=576711341}
06-13 14:18:54.903   813  2648 V AlarmManager:     => now Batch{cd168c7 num=8 start=545545754 end=576711341}
06-13 14:18:54.903   813  2648 V AlarmManager: Adding Alarm{70e107d type 1 when 1560452934357 com.mxtech.videoplayer.ad} to Batch{cd168c7 num=9 start=545545754 end=576711341}
06-13 14:18:54.903   813  2648 V AlarmManager:     => now Batch{cd168c7 num=9 start=545628092 end=576711341}
06-13 14:18:54.903   813  2648 V AlarmManager: Adding Alarm{2e8b467 type 3 when 546175479 com.android.systemui} to Batch{cd168c7 num=10 start=545628092 end=576711341}
06-13 14:18:54.904   813  2648 V AlarmManager:     => now Batch{cd168c7 num=10 start=546175479 end=576711341}
06-13 14:18:54.904   813  2648 V AlarmManager: Adding Alarm{18231c2 type 3 when 548006017 com.android.systemui} to Batch{cd168c7 num=11 start=546175479 end=576711341}
