06-13 14:18:54.904   813  2648 V AlarmManager:     => now Batch{cd168c7 num=11 start=548006017 end=576711341}
06-13 14:18:54.904   813  2648 V AlarmManager: Adding Alarm{4433692 type 2 when 548818579 com.google.android.talk} to Batch{cd168c7 num=12 start=548006017 end=576711341}
06-13 14:18:54.904   813  2648 V AlarmManager:     => now Batch{cd168c7 num=12 start=548818579 end=576711341}
06-13 14:18:54.905   813  2648 V AlarmManager: Adding Alarm{5c5948a type 3 when 548956424 com.android.systemui} to Batch{cd168c7 num=13 start=548818579 end=576711341}
06-13 14:18:54.905   813  2648 V AlarmManager:     => now Batch{cd168c7 num=13 start=548956424 end=576711341}
06-13 14:18:54.905   813  2648 V AlarmManager: Adding Alarm{33ef913 type 3 when 551186443 com.android.systemui} to Batch{cd168c7 num=14 start=548956424 end=576711341}
06-13 14:18:54.905   813  2648 V AlarmManager:     => now Batch{cd168c7 num=14 start=551186443 end=576711341}
06-13 14:18:54.905   813  2648 V AlarmManager: Adding Alarm{a8ad8ef type 3 when 551251682 com.android.systemui} to Batch{cd168c7 num=15 start=551186443 end=576711341}
06-13 14:18:54.905   813  2648 V AlarmManager:     => now Batch{cd168c7 num=15 start=551251682 end=576711341}
06-13 14:18:54.905   813  2648 V AlarmManager: Adding Alarm{9f68fff type 3 when 551412027 com.android.systemui} to Batch{cd168c7 num=16 start=551251682 end=576711341}
06-13 14:18:54.905   813  2648 V AlarmManager:     => now Batch{cd168c7 num=16 start=551412027 end=576711341}
06-13 14:18:54.905   813  2648 V AlarmManager: Adding Alarm{543d25a type 3 when 552264581 com.android.systemui} to Batch{cd168c7 num=17 start=551412027 end=576711341}
06-13 14:18:54.905   813  2648 V AlarmManager:     => now Batch{cd168c7 num=17 start=552264581 end=576711341}
06-13 14:18:54.905   813  2648 V AlarmManager: Adding Alarm{c7f280a type 3 when 552368701 com.android.systemui} to Batch{cd168c7 num=18 start=552264581 end=576711341}
06-13 14:18:54.905   813  2648 V AlarmManager:     => now Batch{cd168c7 num=18 start=552368701 end=576711341}
06-13 14:18:54.905   813  2648 V AlarmManager: Adding Alarm{6b25652 type 3 when 552411297 com.android.systemui} to Batch{cd168c7 num=19 start=552368701 end=576711341}
06-13 14:18:54.905   813  2648 V AlarmManager:     => now Batch{cd168c7 num=19 start=552411297 end=576711341}
06-13 14:18:54.905   813  2648 V AlarmManager: Adding Alarm{95d79cb type 3 when 552513686 com.google.android.gms} to Batch{cd168c7 num=20 start=552411297 end=576711341}
06-13 14:18:54.906   813  2648 V AlarmManager:     => now Batch{cd168c7 num=20 start=552513686 end=576711341}
06-13 14:18:54.906   813  2648 V AlarmManager: Adding Alarm{bc0d42a type 2 when 553087424 com.google.android.talk} to Batch{cd168c7 num=21 start=552513686 end=576711341}
06-13 14:18:54.906   813  2648 V AlarmManager:     => now Batch{cd168c7 num=21 start=553087424 end=576711341}
06-13 14:18:54.906   813  2648 V AlarmManager: Adding Alarm{896686b type 0 when 1560461270253 com.google.android.gms} to Batch{cd168c7 num=22 start=553087424 end=576711341}
06-13 14:18:54.906   813  2648 V AlarmManager:     => now Batch{cd168c7 num=22 start=553963988 end=576711341}
06-13 14:18:54.906   813  2648 V AlarmManager: Adding Alarm{f9cf9a9 type 2 when 556726568 com.google.android.talk} to Batch{cd168c7 num=23 start=553963988 end=576711341}
06-13 14:18:54.906   813  2648 V AlarmManager:     => now Batch{cd168c7 num=23 start=556726568 end=576711341}
06-13 14:18:54.906   813  2648 V AlarmManager: Adding Alarm{ce38833 type 0 when 1560466041358 com.google.android.gms} to Batch{cd168c7 num=24 start=556726568 end=576711341}
06-13 14:18:54.906   813  2648 V AlarmManager:     => now Batch{cd168c7 num=24 start=558735093 end=576711341}
06-13 14:18:54.906   813  2648 V AlarmManager: Adding Alarm{f19a133 type 2 when 559979644 com.android.vending} to Batch{cd168c7 num=25 start=558735093 end=576711341}
06-13 14:18:54.906   813  2648 V AlarmManager:     => now Batch{cd168c7 num=25 start=559979644 end=576711341}
06-13 14:18:54.906   813  2648 V AlarmManager: Adding Alarm{5bf9871 type 2 when 560332169 com.google.android.talk} to Batch{cd168c7 num=26 start=559979644 end=576711341}
06-13 14:18:54.906   813  2648 V AlarmManager:     => now Batch{cd168c7 num=26 start=560332169 end=576711341}
06-13 14:18:54.906   813  2648 V AlarmManager: Adding Alarm{302304c type 2 when 563933788 com.google.android.talk} to Batch{cd168c7 num=27 start=560332169 end=576711341}
06-13 14:18:54.906   813  2648 V AlarmManager:     => now Batch{cd168c7 num=27 start=563933788 end=576711341}
06-13 14:18:54.907   813  2648 V AlarmManager: Adding Alarm{e0de043 type 2 when 567535886 com.google.android.talk} to Batch{cd168c7 num=28 start=563933788 end=576711341}
06-13 14:18:54.907   813  2648 V AlarmManager:     => now Batch{cd168c7 num=28 start=567535886 end=576711341}
06-13 14:18:54.907   813  2648 V AlarmManager: Adding Alarm{38fe72c type 1 when 1560476220536 com.touchtype.swiftkey} to Batch{cd168c7 num=29 start=567535886 end=576711341}
06-13 14:18:54.907   813  2648 V AlarmManager:     => now Batch{cd168c7 num=29 start=568914271 end=576711341}
06-13 14:18:54.907   813  2648 V AlarmManager: Adding Alarm{f7d6bc1 type 2 when 575562897 com.google.android.talk} to Batch{cd168c7 num=30 start=568914271 end=576711341}
06-13 14:18:54.907   813  2648 V AlarmManager:     => now Batch{cd168c7 num=30 start=575562897 end=576711341}
06-13 14:18:54.907   813  2648 V AlarmManager: Adding Alarm{bdb5881 type 2 when 581579679 com.android.vending} to Batch{4006ef4 num=2 start=579199268 end=643999268}
06-13 14:18:54.907   813  2648 V AlarmManager:     => now Batch{4006ef4 num=2 start=581579679 end=630179678}
06-13 14:18:54.907   813  2648 V AlarmManager: Adding Alarm{f4bb6a type 2 when 582291908 com.google.android.gms} to Batch{4006ef4 num=3 start=581579679 end=630179678}
06-13 14:18:54.907   813  2648 V AlarmManager:     => now Batch{4006ef4 num=3 start=582291908 end=630179678}
06-13 14:18:54.908   291  7119 E BufferQueueProducer: [SurfaceView] query: BufferQueue has been abandoned
06-13 14:18:54.908   813  2648 V AlarmManager: Adding Alarm{3d6b160 type 3 when 582773230 com.android.systemui} to Batch{4006ef4 num=4 start=582291908 end=630179678}
06-13 14:18:54.908   813  2648 V AlarmManager:     => now Batch{4006ef4 num=4 start=582773230 end=630179678}
06-13 14:18:54.909   813  2648 V AlarmManager: Adding Alarm{a5208d1 type 3 when 582839665 com.android.systemui} to Batch{4006ef4 num=5 start=582773230 end=630179678}
06-13 14:18:54.909   813  2648 V AlarmManager:     => now Batch{4006ef4 num=5 start=582839665 end=630179678}
06-13 14:18:54.909   813  2648 V AlarmManager: Adding Alarm{3e5c97a type 3 when 583913164 com.android.systemui} to Batch{4006ef4 num=6 start=582839665 end=630179678}
06-13 14:18:54.909   813  2648 V AlarmManager:     => now Batch{4006ef4 num=6 start=583913164 end=630179678}
06-13 14:18:54.909   813  2648 V AlarmManager: Adding Alarm{c9f68a1 type 3 when 584133345 com.android.systemui} to Batch{4006ef4 num=7 start=583913164 end=630179678}
06-13 14:18:54.909   813  2648 V AlarmManager:     => now Batch{4006ef4 num=7 start=584133345 end=630179678}
06-13 14:18:54.909   813  2648 V AlarmManager: Adding Alarm{9246238 type 3 when 584660823 com.android.systemui} to Batch{4006ef4 num=8 start=584133345 end=630179678}
06-13 14:18:54.909   813  2648 V AlarmManager:     => now Batch{4006ef4 num=8 start=584660823 end=630179678}
06-13 14:18:54.909   813  2648 V AlarmManager: Adding Alarm{a8e572e type 3 when 585310351 com.android.systemui} to Batch{4006ef4 num=9 start=584660823 end=630179678}
06-13 14:18:54.909   813  2648 V AlarmManager:     => now Batch{4006ef4 num=9 start=585310351 end=630179678}
06-13 14:18:54.910   813  2648 V AlarmManager: Adding Alarm{6693f46 type 3 when 588131400 com.android.systemui} to Batch{4006ef4 num=10 start=585310351 end=630179678}
06-13 14:18:54.910   813  2648 V AlarmManager:     => now Batch{4006ef4 num=10 start=588131400 end=630179678}
06-13 14:18:54.910   813  2648 V AlarmManager: Adding Alarm{99805bc type 3 when 589166422 com.android.systemui} to Batch{4006ef4 num=11 start=588131400 end=630179678}
06-13 14:18:54.910   813  2648 V AlarmManager:     => now Batch{4006ef4 num=11 start=589166422 end=630179678}
06-13 14:18:54.910   813  2648 V AlarmManager: Adding Alarm{bc3f19a type 3 when 589984065 com.android.systemui} to Batch{4006ef4 num=12 start=589166422 end=630179678}
06-13 14:18:54.910   813  2648 V AlarmManager:     => now Batch{4006ef4 num=12 start=589984065 end=630179678}
06-13 14:18:54.910   813  2648 V AlarmManager: Adding Alarm{e5c8c99 type 3 when 590443704 com.android.systemui} to Batch{4006ef4 num=13 start=589984065 end=630179678}
06-13 14:18:54.910   813  2648 V AlarmManager:     => now Batch{4006ef4 num=13 start=590443704 end=630179678}
06-13 14:18:54.910   813  2648 V AlarmManager: Adding Alarm{71e9768 type 3 when 591453941 com.android.systemui} to Batch{4006ef4 num=14 start=590443704 end=630179678}
06-13 14:18:54.910   813  2648 V AlarmManager:     => now Batch{4006ef4 num=14 start=591453941 end=630179678}
06-13 14:18:54.911   813  2648 V AlarmManager: Adding Alarm{956b204 type 3 when 591555437 com.android.systemui} to Batch{4006ef4 num=15 start=591453941 end=630179678}
06-13 14:18:54.911   813  2648 V AlarmManager:     => now Batch{4006ef4 num=15 start=591555437 end=630179678}
06-13 14:18:54.911   813  2648 V AlarmManager: Adding Alarm{2bf4da9 type 3 when 591582317 com.android.systemui} to Batch{4006ef4 num=16 start=591555437 end=630179678}
06-13 14:18:54.911   813  2648 V AlarmManager:     => now Batch{4006ef4 num=16 start=591582317 end=630179678}
06-13 14:18:54.911   291   653 E BufferQueueProducer: [SurfaceView] query: BufferQueue has been abandoned
06-13 14:18:54.911   813  2648 V AlarmManager: Adding Alarm{c4c740b type 3 when 591595414 com.android.systemui} to Batch{4006ef4 num=17 start=591582317 end=630179678}
06-13 14:18:54.911   813  2648 V AlarmManager:     => now Batch{4006ef4 num=17 start=591595414 end=630179678}
06-13 14:18:54.911   813  2648 V AlarmManager: Adding Alarm{c5c4aaf type 3 when 591614212 com.android.systemui} to Batch{4006ef4 num=18 start=591595414 end=630179678}
06-13 14:18:54.911   813  2648 V AlarmManager:     => now Batch{4006ef4 num=18 start=591614212 end=630179678}
06-13 14:18:54.911   813  2648 V AlarmManager: Adding Alarm{349914d type 3 when 593199652 com.android.systemui} to Batch{4006ef4 num=19 start=591614212 end=630179678}
06-13 14:18:54.911   813  2648 V AlarmManager:     => now Batch{4006ef4 num=19 start=593199652 end=630179678}
06-13 14:18:54.912   291   653 E BufferQueueProducer: [SurfaceView] connect(P): BufferQueue has been abandoned
06-13 14:18:54.911   813  2648 V AlarmManager: Adding Alarm{cf7e609 type 1 when 1560501068200 com.touchtype.swiftkey} to Batch{4006ef4 num=20 start=593199652 end=630179678}
06-13 14:18:54.912  3268  3282 E libEGL  : eglCreateWindowSurface: native_window_api_connect (win=0xb88a6dc0) failed (0xffffffed) (already connected to another API?)
06-13 14:18:54.912  3268  3282 E libEGL  : eglCreateWindowSurface:456 error 3003 (EGL_BAD_ALLOC)
06-13 14:18:54.912   813  2648 V AlarmManager:     => now Batch{4006ef4 num=20 start=593761935 end=630179678}
06-13 14:18:54.912   813  2648 V AlarmManager: Adding Alarm{33a4993 type 3 when 594293878 com.android.systemui} to Batch{4006ef4 num=21 start=593761935 end=630179678}
06-13 14:18:54.912   813  2648 V AlarmManager:     => now Batch{4006ef4 num=21 start=594293878 end=630179678}
06-13 14:18:54.912  3268  3282 E Unity   : [EGL] Failed to create window surface: EGL_BAD_ALLOC: EGL failed to allocate resources for the requested operation.
06-13 14:18:54.912  3268  3282 E Unity   :
06-13 14:18:54.912  3268  3282 E Unity   : (Filename: ./Runtime/GfxDevice/egl/WindowContextEGL.cpp Line: 161)
06-13 14:18:54.912  3268  3282 E Unity   :
06-13 14:18:54.912   813  2648 V AlarmManager: Adding Alarm{6eba333 type 3 when 594733310 com.android.systemui} to Batch{4006ef4 num=22 start=594293878 end=630179678}
06-13 14:18:54.912   813  2648 V AlarmManager:     => now Batch{4006ef4 num=22 start=594733310 end=630179678}
06-13 14:18:54.912   813  2648 V AlarmManager: Adding Alarm{fd7cc8e type 3 when 594778046 com.android.systemui} to Batch{4006ef4 num=23 start=594733310 end=630179678}
06-13 14:18:54.912   813  2648 V AlarmManager:     => now Batch{4006ef4 num=23 start=594778046 end=630179678}
06-13 14:18:54.912  3268  3282 I Unity   : Skipped rendering frame because GfxDevice is in invalid state (device lost)
06-13 14:18:54.912  3268  3282 I Unity   :
06-13 14:18:54.912  3268  3282 I Unity   : (Filename: ./Runtime/Misc/Player.cpp Line: 782)
06-13 14:18:54.912  3268  3282 I Unity   :
06-13 14:18:54.912   813  2648 V AlarmManager: Adding Alarm{2bf5fc7 type 3 when 595544763 com.android.systemui} to Batch{4006ef4 num=24 start=594778046 end=630179678}
06-13 14:18:54.912   813  2648 V AlarmManager:     => now Batch{4006ef4 num=24 start=595544763 end=630179678}
06-13 14:18:54.912   813  2648 V AlarmManager: Adding Alarm{afb260f type 1 when 1560502988190 com.google.android.apps.maps} to Batch{4006ef4 num=25 start=595544763 end=630179678}
06-13 14:18:54.913   813  2648 V AlarmManager:     => now Batch{4006ef4 num=25 start=595681925 end=630179678}
06-13 14:18:54.913   813  2648 V AlarmManager: Adding Alarm{e396b21 type 3 when 595945976 com.android.systemui} to Batch{4006ef4 num=26 start=595681925 end=630179678}
06-13 14:18:54.913   813  2648 V AlarmManager:     => now Batch{4006ef4 num=26 start=595945976 end=630179678}
06-13 14:18:54.913   813  2648 V AlarmManager: Adding Alarm{d795f76 type 2 when 596236016 com.google.android.talk} to Batch{4006ef4 num=27 start=595945976 end=630179678}
06-13 14:18:54.913   813  2648 V AlarmManager:     => now Batch{4006ef4 num=27 start=596236016 end=630179678}
06-13 14:18:54.913   813  2648 V AlarmManager: Adding Alarm{2f25479 type 3 when 597533676 com.android.systemui} to Batch{4006ef4 num=28 start=596236016 end=630179678}
06-13 14:18:54.913   813  2648 V AlarmManager:     => now Batch{4006ef4 num=28 start=597533676 end=630179678}
06-13 14:18:54.913   813  2648 V AlarmManager: Adding Alarm{7c53fe4 type 3 when 597543358 com.android.systemui} to Batch{4006ef4 num=29 start=597533676 end=630179678}
06-13 14:18:54.913   813  2648 V AlarmManager:     => now Batch{4006ef4 num=29 start=597543358 end=630179678}
06-13 14:18:54.913   813  2648 V AlarmManager: Adding Alarm{aca7c8a type 3 when 597696142 com.android.systemui} to Batch{4006ef4 num=30 start=597543358 end=630179678}
06-13 14:18:54.913   813  2648 V AlarmManager:     => now Batch{4006ef4 num=30 start=597696142 end=630179678}
06-13 14:18:54.913   813  2648 V AlarmManager: Adding Alarm{96e7ea5 type 3 when 598117320 android} to Batch{4006ef4 num=31 start=597696142 end=630179678}
06-13 14:18:54.913   813  2648 V AlarmManager:     => now Batch{4006ef4 num=31 start=598117320 end=630179678 flgs=0x8}
06-13 14:18:54.914   813  2648 V AlarmManager: Adding Alarm{cd6971e type 3 when 599097589 com.android.systemui} to Batch{4006ef4 num=32 start=598117320 end=630179678 flgs=0x8}
06-13 14:18:54.914   813  2648 V AlarmManager:     => now Batch{4006ef4 num=32 start=599097589 end=630179678 flgs=0x8}
06-13 14:18:54.914   813  2648 V AlarmManager: Adding Alarm{4e4cce0 type 3 when 600053856 com.android.systemui} to Batch{4006ef4 num=33 start=599097589 end=630179678 flgs=0x8}
06-13 14:18:54.914   813  2648 V AlarmManager:     => now Batch{4006ef4 num=33 start=600053856 end=630179678 flgs=0x8}
06-13 14:18:54.914   813  2648 V AlarmManager: Adding Alarm{e25fa03 type 1 when 1560507702845 com.touchtype.swiftkey} to Batch{4006ef4 num=34 start=600053856 end=630179678 flgs=0x8}
06-13 14:18:54.914   813  2648 V AlarmManager:     => now Batch{4006ef4 num=34 start=600396580 end=630179678 flgs=0x8}
06-13 14:18:54.914   813  2648 V AlarmManager: Adding Alarm{f91767d type 1 when 1560507702923 com.touchtype.swiftkey} to Batch{4006ef4 num=35 start=600396580 end=630179678 flgs=0x8}
06-13 14:18:54.914   813  2648 V AlarmManager:     => now Batch{4006ef4 num=35 start=600396658 end=630179678 flgs=0x8}
06-13 14:18:54.914   813  2648 V AlarmManager: Adding Alarm{7c76613 type 1 when 1560507703052 com.touchtype.swiftkey} to Batch{4006ef4 num=36 start=600396658 end=630179678 flgs=0x8}
06-13 14:18:54.914   813  2648 V AlarmManager:     => now Batch{4006ef4 num=36 start=600396787 end=630179678 flgs=0x8}
06-13 14:18:54.914   813  2648 V AlarmManager: Adding Alarm{a249b9 type 0 when 1560507703807 com.zte.zdm} to Batch{4006ef4 num=37 start=600396787 end=630179678 flgs=0x8}
06-13 14:18:54.914   813  2648 V AlarmManager:     => now Batch{4006ef4 num=37 start=600397542 end=630179678 flgs=0x8}
06-13 14:18:54.914   813  2648 V AlarmManager: Adding Alarm{bba2482 type 1 when 1560508165297 com.touchtype.swiftkey} to Batch{4006ef4 num=38 start=600397542 end=630179678 flgs=0x8}
06-13 14:18:54.914   813  2648 V AlarmManager:     => now Batch{4006ef4 num=38 start=600859032 end=630179678 flgs=0x8}
06-13 14:18:54.915   813  2648 V AlarmManager: Adding Alarm{96247c2 type 3 when 601472313 com.android.systemui} to Batch{4006ef4 num=39 start=600859032 end=630179678 flgs=0x8}
06-13 14:18:54.915   813  2648 V AlarmManager:     => now Batch{4006ef4 num=39 start=601472313 end=630179678 flgs=0x8}
06-13 14:18:54.915   813  2648 V AlarmManager: Adding Alarm{cd9e0cf type 2 when 602143563 com.google.android.talk} to Batch{4006ef4 num=40 start=601472313 end=630179678 flgs=0x8}
06-13 14:18:54.915   813  2648 V AlarmManager:     => now Batch{4006ef4 num=40 start=602143563 end=630179678 flgs=0x8}
06-13 14:18:54.915   813  2648 V AlarmManager: Adding Alarm{1a32500 type 3 when 602714496 com.android.systemui} to Batch{4006ef4 num=41 start=602143563 end=630179678 flgs=0x8}
06-13 14:18:54.915   813  2648 V AlarmManager:     => now Batch{4006ef4 num=41 start=602714496 end=630179678 flgs=0x8}
06-13 14:18:54.915   813  2648 V AlarmManager: Adding Alarm{90d95a2 type 3 when 603475435 com.android.systemui} to Batch{4006ef4 num=42 start=602714496 end=630179678 flgs=0x8}
06-13 14:18:54.915   813  2648 V AlarmManager:     => now Batch{4006ef4 num=42 start=603475435 end=630179678 flgs=0x8}
06-13 14:18:54.915   813  2648 V AlarmManager: Adding Alarm{4c11b78 type 3 when 605466423 com.android.systemui} to Batch{4006ef4 num=43 start=603475435 end=630179678 flgs=0x8}
06-13 14:18:54.915   813  2648 V AlarmManager:     => now Batch{4006ef4 num=43 start=605466423 end=630179678 flgs=0x8}
06-13 14:18:54.915   813  2648 V AlarmManager: Adding Alarm{516bd30 type 3 when 606640761 com.android.systemui} to Batch{4006ef4 num=44 start=605466423 end=630179678 flgs=0x8}
06-13 14:18:54.915   813  2648 V AlarmManager:     => now Batch{4006ef4 num=44 start=606640761 end=630179678 flgs=0x8}
06-13 14:18:54.916   813  2648 V AlarmManager: Adding Alarm{9d90595 type 3 when 611680387 com.android.systemui} to Batch{4006ef4 num=45 start=606640761 end=630179678 flgs=0x8}
06-13 14:18:54.916   813  2648 V AlarmManager:     => now Batch{4006ef4 num=45 start=611680387 end=630179678 flgs=0x8}
06-13 14:18:54.916   813  2648 V AlarmManager: Adding Alarm{39dd1f2 type 3 when 612819723 com.android.systemui} to Batch{4006ef4 num=46 start=611680387 end=630179678 flgs=0x8}
06-13 14:18:54.916   813  2648 V AlarmManager:     => now Batch{4006ef4 num=46 start=612819723 end=630179678 flgs=0x8}
06-13 14:18:54.916   813  2648 V AlarmManager: Adding Alarm{5ec75bc type 3 when 614203982 com.android.systemui} to Batch{4006ef4 num=47 start=612819723 end=630179678 flgs=0x8}
06-13 14:18:54.916   813  2648 V AlarmManager:     => now Batch{4006ef4 num=47 start=614203982 end=630179678 flgs=0x8}
06-13 14:18:54.916   813  2648 V AlarmManager: Adding Alarm{276a0d0 type 3 when 614819510 com.android.systemui} to Batch{4006ef4 num=48 start=614203982 end=630179678 flgs=0x8}
06-13 14:18:54.916   813  2648 V AlarmManager:     => now Batch{4006ef4 num=48 start=614819510 end=630179678 flgs=0x8}
06-13 14:18:54.916   813  2648 V AlarmManager: Adding Alarm{698136d type 3 when 614864095 com.android.systemui} to Batch{4006ef4 num=49 start=614819510 end=630179678 flgs=0x8}
06-13 14:18:54.916   813  2648 V AlarmManager:     => now Batch{4006ef4 num=49 start=614864095 end=630179678 flgs=0x8}
06-13 14:18:54.916   813  2648 V AlarmManager: Adding Alarm{ed54704 type 3 when 614877635 com.android.systemui} to Batch{4006ef4 num=50 start=614864095 end=630179678 flgs=0x8}
06-13 14:18:54.916   813  2648 V AlarmManager:     => now Batch{4006ef4 num=50 start=614877635 end=630179678 flgs=0x8}
06-13 14:18:54.916   813  2648 V AlarmManager: Adding Alarm{bf78ae3 type 3 when 616117417 com.android.systemui} to Batch{4006ef4 num=51 start=614877635 end=630179678 flgs=0x8}
06-13 14:18:54.916   813  2648 V AlarmManager:     => now Batch{4006ef4 num=51 start=616117417 end=630179678 flgs=0x8}
06-13 14:18:54.916   813  2648 V AlarmManager: Adding Alarm{4abbf04 type 3 when 617089228 com.android.systemui} to Batch{4006ef4 num=52 start=616117417 end=630179678 flgs=0x8}
06-13 14:18:54.916   813  2648 V AlarmManager:     => now Batch{4006ef4 num=52 start=617089228 end=630179678 flgs=0x8}
06-13 14:18:54.917   813  2648 V AlarmManager: Adding Alarm{502d824 type 3 when 617175554 com.android.systemui} to Batch{4006ef4 num=53 start=617089228 end=630179678 flgs=0x8}
06-13 14:18:54.917   813  2648 V AlarmManager:     => now Batch{4006ef4 num=53 start=617175554 end=630179678 flgs=0x8}
06-13 14:18:54.917   813  2648 V AlarmManager: Adding Alarm{d04b715 type 3 when 617453530 com.android.systemui} to Batch{4006ef4 num=54 start=617175554 end=630179678 flgs=0x8}
06-13 14:18:54.917   813  2648 V AlarmManager:     => now Batch{4006ef4 num=54 start=617453530 end=630179678 flgs=0x8}
06-13 14:18:54.917   813  2648 V AlarmManager: Adding Alarm{7c7b924 type 3 when 617489161 com.android.systemui} to Batch{4006ef4 num=55 start=617453530 end=630179678 flgs=0x8}
06-13 14:18:54.917   813  2648 V AlarmManager:     => now Batch{4006ef4 num=55 start=617489161 end=630179678 flgs=0x8}
06-13 14:18:54.917   813  2648 V AlarmManager: Adding Alarm{44eef2 type 3 when 620233830 com.android.systemui} to Batch{4006ef4 num=56 start=617489161 end=630179678 flgs=0x8}
06-13 14:18:54.917   813  2648 V AlarmManager:     => now Batch{4006ef4 num=56 start=620233830 end=630179678 flgs=0x8}
06-13 14:18:54.917  3663  3663 I MX      : CpuFamily=[1] CpuFeatures=[2047] CpuCount=[4] os.arch=[armv7l] ABIs=[armeabi-v7a;armeabi]
06-13 14:18:54.917   813  2648 V AlarmManager: Adding Alarm{8c84261 type 3 when 620796593 com.android.systemui} to Batch{4006ef4 num=57 start=620233830 end=630179678 flgs=0x8}
06-13 14:18:54.917   813  2648 V AlarmManager:     => now Batch{4006ef4 num=57 start=620796593 end=630179678 flgs=0x8}
06-13 14:18:54.918   813  2648 V AlarmManager: Adding Alarm{5677d3e type 3 when 621704430 com.android.systemui} to Batch{4006ef4 num=58 start=620796593 end=630179678 flgs=0x8}
06-13 14:18:54.918   813  2648 V AlarmManager:     => now Batch{4006ef4 num=58 start=621704430 end=630179678 flgs=0x8}
06-13 14:18:54.918   813  2648 V AlarmManager: Adding Alarm{6767f39 type 3 when 622003818 com.android.systemui} to Batch{4006ef4 num=59 start=621704430 end=630179678 flgs=0x8}
06-13 14:18:54.918   813  2648 V AlarmManager:     => now Batch{4006ef4 num=59 start=622003818 end=630179678 flgs=0x8}
06-13 14:18:54.918   813  2648 V AlarmManager: Adding Alarm{86c865 type 3 when 623107516 com.android.systemui} to Batch{4006ef4 num=60 start=622003818 end=630179678 flgs=0x8}
06-13 14:18:54.918   813  2648 V AlarmManager:     => now Batch{4006ef4 num=60 start=623107516 end=630179678 flgs=0x8}
06-13 14:18:54.918   813  2648 V AlarmManager: Adding Alarm{25f460c type 3 when 623373010 com.android.systemui} to Batch{4006ef4 num=61 start=623107516 end=630179678 flgs=0x8}
06-13 14:18:54.918   813  2648 V AlarmManager:     => now Batch{4006ef4 num=61 start=623373010 end=630179678 flgs=0x8}
06-13 14:18:54.918   813  2648 V AlarmManager: Adding Alarm{595402f type 3 when 623461209 com.android.systemui} to Batch{4006ef4 num=62 start=623373010 end=630179678 flgs=0x8}
06-13 14:18:54.918   813  2648 V AlarmManager:     => now Batch{4006ef4 num=62 start=623461209 end=630179678 flgs=0x8}
06-13 14:18:54.919   813  2648 V AlarmManager: Adding Alarm{f3b3f3b type 3 when 623588764 com.android.systemui} to Batch{4006ef4 num=63 start=623461209 end=630179678 flgs=0x8}
06-13 14:18:54.919   813  2648 V AlarmManager:     => now Batch{4006ef4 num=63 start=623588764 end=630179678 flgs=0x8}
06-13 14:18:54.919   813  2648 V AlarmManager: Adding Alarm{7a2edad type 3 when 624450327 com.android.systemui} to Batch{4006ef4 num=64 start=623588764 end=630179678 flgs=0x8}
06-13 14:18:54.919   813  2648 V AlarmManager:     => now Batch{4006ef4 num=64 start=624450327 end=630179678 flgs=0x8}
06-13 14:18:54.919   813  2648 V AlarmManager: Adding Alarm{638e09a type 3 when 624500945 com.android.systemui} to Batch{4006ef4 num=65 start=624450327 end=630179678 flgs=0x8}
06-13 14:18:54.919   813  2648 V AlarmManager:     => now Batch{4006ef4 num=65 start=624500945 end=630179678 flgs=0x8}
06-13 14:18:54.919   813  2648 V AlarmManager: Adding Alarm{1649eaf type 3 when 624747233 com.android.systemui} to Batch{4006ef4 num=66 start=624500945 end=630179678 flgs=0x8}
06-13 14:18:54.919   813  2648 V AlarmManager:     => now Batch{4006ef4 num=66 start=624747233 end=630179678 flgs=0x8}
06-13 14:18:54.919   813  2648 V AlarmManager: Adding Alarm{b1e9919 type 3 when 625059238 com.android.systemui} to Batch{4006ef4 num=67 start=624747233 end=630179678 flgs=0x8}
06-13 14:18:54.919   813  2648 V AlarmManager:     => now Batch{4006ef4 num=67 start=625059238 end=630179678 flgs=0x8}
06-13 14:18:54.919   813  2648 V AlarmManager: Adding Alarm{31e9896 type 3 when 625163398 com.android.systemui} to Batch{4006ef4 num=68 start=625059238 end=630179678 flgs=0x8}
06-13 14:18:54.919   813  2648 V AlarmManager:     => now Batch{4006ef4 num=68 start=625163398 end=630179678 flgs=0x8}
06-13 14:18:54.919   813  2648 V AlarmManager: Adding Alarm{4657c4d type 3 when 625231153 com.android.systemui} to Batch{4006ef4 num=69 start=625163398 end=630179678 flgs=0x8}
06-13 14:18:54.919   813  2648 V AlarmManager:     => now Batch{4006ef4 num=69 start=625231153 end=630179678 flgs=0x8}
06-13 14:18:54.919   813  2648 V AlarmManager: Adding Alarm{81dbc9e type 3 when 625390887 com.android.systemui} to Batch{4006ef4 num=70 start=625231153 end=630179678 flgs=0x8}
06-13 14:18:54.920   813  2648 V AlarmManager:     => now Batch{4006ef4 num=70 start=625390887 end=630179678 flgs=0x8}
06-13 14:18:54.920   813  2648 V AlarmManager: Adding Alarm{534f369 type 3 when 625412613 com.android.systemui} to Batch{4006ef4 num=71 start=625390887 end=630179678 flgs=0x8}
06-13 14:18:54.920   813  2648 V AlarmManager:     => now Batch{4006ef4 num=71 start=625412613 end=630179678 flgs=0x8}
06-13 14:18:54.920   813  2648 V AlarmManager: Adding Alarm{60d4433 type 3 when 625508735 com.android.systemui} to Batch{4006ef4 num=72 start=625412613 end=630179678 flgs=0x8}
06-13 14:18:54.920   813  2648 V AlarmManager:     => now Batch{4006ef4 num=72 start=625508735 end=630179678 flgs=0x8}
06-13 14:18:54.920   813  2648 V AlarmManager: Adding Alarm{445427d type 3 when 625889489 com.android.systemui} to Batch{4006ef4 num=73 start=625508735 end=630179678 flgs=0x8}
06-13 14:18:54.920   813  2648 V AlarmManager:     => now Batch{4006ef4 num=73 start=625889489 end=630179678 flgs=0x8}
06-13 14:18:54.920   813  2648 V AlarmManager: Adding Alarm{b63366a type 3 when 625966710 com.android.systemui} to Batch{4006ef4 num=74 start=625889489 end=630179678 flgs=0x8}
06-13 14:18:54.920   813  2648 V AlarmManager:     => now Batch{4006ef4 num=74 start=625966710 end=630179678 flgs=0x8}
06-13 14:18:54.920   813  2648 V AlarmManager: Adding Alarm{c544241 type 3 when 626330996 com.android.systemui} to Batch{4006ef4 num=75 start=625966710 end=630179678 flgs=0x8}
06-13 14:18:54.920   813  2648 V AlarmManager:     => now Batch{4006ef4 num=75 start=626330996 end=630179678 flgs=0x8}
06-13 14:18:54.920   813  2648 V AlarmManager: Adding Alarm{387502a type 3 when 626421375 com.android.systemui} to Batch{4006ef4 num=76 start=626330996 end=630179678 flgs=0x8}
06-13 14:18:54.920   813  2648 V AlarmManager:     => now Batch{4006ef4 num=76 start=626421375 end=630179678 flgs=0x8}
06-13 14:18:54.920   813  2648 V AlarmManager: Adding Alarm{f860520 type 3 when 626465863 com.android.systemui} to Batch{4006ef4 num=77 start=626421375 end=630179678 flgs=0x8}
06-13 14:18:54.921   813  2648 V AlarmManager:     => now Batch{4006ef4 num=77 start=626465863 end=630179678 flgs=0x8}
06-13 14:18:54.921   813  2648 V AlarmManager: Adding Alarm{9df50d2 type 3 when 626656668 com.android.systemui} to Batch{4006ef4 num=78 start=626465863 end=630179678 flgs=0x8}
06-13 14:18:54.921   813  2648 V AlarmManager:     => now Batch{4006ef4 num=78 start=626656668 end=630179678 flgs=0x8}
06-13 14:18:54.921   813  2648 V AlarmManager: Adding Alarm{b0d55ad type 3 when 626933199 com.android.systemui} to Batch{4006ef4 num=79 start=626656668 end=630179678 flgs=0x8}
06-13 14:18:54.921   813  2648 V AlarmManager:     => now Batch{4006ef4 num=79 start=626933199 end=630179678 flgs=0x8}
06-13 14:18:54.921   813  2648 V AlarmManager: Adding Alarm{f4acef8 type 3 when 629222017 com.android.systemui} to Batch{4006ef4 num=80 start=626933199 end=630179678 flgs=0x8}
06-13 14:18:54.921   813  2648 V AlarmManager:     => now Batch{4006ef4 num=80 start=629222017 end=630179678 flgs=0x8}
06-13 14:18:54.921   813  2648 V AlarmManager: Adding Alarm{a2b8e05 type 3 when 631999731 com.android.systemui} to Batch{ab5c61d num=2 start=631622663 end=826022661}
06-13 14:18:54.921   813  2648 V AlarmManager:     => now Batch{ab5c61d num=2 start=631999731 end=826022661}
06-13 14:18:54.921   813  2648 V AlarmManager: Adding Alarm{fb3de30 type 3 when 632613004 com.android.systemui} to Batch{ab5c61d num=3 start=631999731 end=826022661}
06-13 14:18:54.921   813  2648 V AlarmManager:     => now Batch{ab5c61d num=3 start=632613004 end=826022661}
06-13 14:18:54.921   813  2648 V AlarmManager: Adding Alarm{d5e844d type 3 when 636299909 com.android.systemui} to Batch{ab5c61d num=4 start=632613004 end=826022661}
06-13 14:18:54.921   813  2648 V AlarmManager:     => now Batch{ab5c61d num=4 start=636299909 end=826022661}
06-13 14:18:54.921   813  2648 V AlarmManager: Adding Alarm{c3b1fc5 type 3 when 638279947 com.android.systemui} to Batch{ab5c61d num=5 start=636299909 end=826022661}
06-13 14:18:54.922   813  2648 V AlarmManager:     => now Batch{ab5c61d num=5 start=638279947 end=826022661}
06-13 14:18:54.922   813  2648 V AlarmManager: Adding Alarm{341be00 type 3 when 669484195 com.android.systemui} to Batch{ab5c61d num=6 start=638279947 end=826022661}
06-13 14:18:54.922   813  2648 V AlarmManager:     => now Batch{ab5c61d num=6 start=669484195 end=826022661}
06-13 14:18:54.922   813  2648 V AlarmManager: Adding Alarm{fe9cd05 type 3 when 669957400 com.android.systemui} to Batch{ab5c61d num=7 start=669484195 end=826022661}
06-13 14:18:54.922   813  2648 V AlarmManager:     => now Batch{ab5c61d num=7 start=669957400 end=826022661}
06-13 14:18:54.922   813  2648 V AlarmManager: Adding Alarm{bf39d3d type 3 when 672220905 com.android.systemui} to Batch{ab5c61d num=8 start=669957400 end=826022661}
06-13 14:18:54.922   813  2648 V AlarmManager:     => now Batch{ab5c61d num=8 start=672220905 end=826022661}
06-13 14:18:54.922   813  2648 V AlarmManager: Adding Alarm{a33842d type 3 when 673778647 com.android.systemui} to Batch{ab5c61d num=9 start=672220905 end=826022661}
06-13 14:18:54.922   813  2648 V AlarmManager:     => now Batch{ab5c61d num=9 start=673778647 end=826022661}
06-13 14:18:54.922   813  2648 V AlarmManager: Adding Alarm{d808226 type 3 when 674314378 com.android.systemui} to Batch{ab5c61d num=10 start=673778647 end=826022661}
06-13 14:18:54.922   813  2648 V AlarmManager:     => now Batch{ab5c61d num=10 start=674314378 end=826022661}
06-13 14:18:54.922   813  2648 V AlarmManager: Adding Alarm{b4d721f type 3 when 674978515 com.android.systemui} to Batch{ab5c61d num=11 start=674314378 end=826022661}
06-13 14:18:54.922   813  2648 V AlarmManager:     => now Batch{ab5c61d num=11 start=674978515 end=826022661}
06-13 14:18:54.922   813  2648 V AlarmManager: Adding Alarm{c97e0fb type 3 when 676852365 com.android.systemui} to Batch{ab5c61d num=12 start=674978515 end=826022661}
06-13 14:18:54.922   813  2648 V AlarmManager:     => now Batch{ab5c61d num=12 start=676852365 end=826022661}
06-13 14:18:54.922   813  2648 V AlarmManager: Adding Alarm{822a9c6 type 3 when 678337339 com.android.systemui} to Batch{ab5c61d num=13 start=676852365 end=826022661}
06-13 14:18:54.922   813  2648 V AlarmManager:     => now Batch{ab5c61d num=13 start=678337339 end=826022661}
06-13 14:18:54.923   813  2648 V AlarmManager: Adding Alarm{8d1fe11 type 3 when 679427167 com.android.systemui} to Batch{ab5c61d num=14 start=678337339 end=826022661}
06-13 14:18:54.923   813  2648 V AlarmManager:     => now Batch{ab5c61d num=14 start=679427167 end=826022661}
06-13 14:18:54.923   813  2648 V AlarmManager: Adding Alarm{3d1339e type 3 when 680115804 com.android.systemui} to Batch{ab5c61d num=15 start=679427167 end=826022661}
06-13 14:18:54.923   291  2899 E BufferQueueProducer: [SurfaceView] query: BufferQueue has been abandoned
06-13 14:18:54.923   813  2648 V AlarmManager:     => now Batch{ab5c61d num=15 start=680115804 end=826022661}
06-13 14:18:54.923   813  2648 V AlarmManager: Adding Alarm{3a816e8 type 3 when 683646192 com.android.systemui} to Batch{ab5c61d num=16 start=680115804 end=826022661}
06-13 14:18:54.923   813  2648 V AlarmManager:     => now Batch{ab5c61d num=16 start=683646192 end=826022661}
06-13 14:18:54.923   813  2648 V AlarmManager: Adding Alarm{4f6ba8a type 3 when 683727009 com.android.systemui} to Batch{ab5c61d num=17 start=683646192 end=826022661}
06-13 14:18:54.923   813  2648 V AlarmManager:     => now Batch{ab5c61d num=17 start=683727009 end=826022661}
06-13 14:18:54.923   291   487 E BufferQueueProducer: [SurfaceView] query: BufferQueue has been abandoned
06-13 14:18:54.923   813  2648 V AlarmManager: Adding Alarm{e827606 type 3 when 683811923 com.android.systemui} to Batch{ab5c61d num=18 start=683727009 end=826022661}
06-13 14:18:54.923   813  2648 V AlarmManager:     => now Batch{ab5c61d num=18 start=683811923 end=826022661}
06-13 14:18:54.923   813  2648 V AlarmManager: Adding Alarm{3baaa4b type 3 when 684703998 com.android.systemui} to Batch{ab5c61d num=19 start=683811923 end=826022661}
06-13 14:18:54.923   813  2648 V AlarmManager:     => now Batch{ab5c61d num=19 start=684703998 end=826022661}
06-13 14:18:54.923   813  2648 V AlarmManager: Adding Alarm{3bd0310 type 3 when 686055522 com.android.systemui} to Batch{ab5c61d num=20 start=684703998 end=826022661}
06-13 14:18:54.923   291   653 E BufferQueueProducer: [SurfaceView] connect(P): BufferQueue has been abandoned
06-13 14:18:54.923   813  2648 V AlarmManager:     => now Batch{ab5c61d num=20 start=686055522 end=826022661}
06-13 14:18:54.923   813  2648 V AlarmManager: Adding Alarm{bc3a0b4 type 3 when 687287580 com.android.systemui} to Batch{ab5c61d num=21 start=686055522 end=826022661}
06-13 14:18:54.923  3268  3282 E libEGL  : eglCreateWindowSurface: native_window_api_connect (win=0xb88a6dc0) failed (0xffffffed) (already connected to another API?)
06-13 14:18:54.923   813  2648 V AlarmManager:     => now Batch{ab5c61d num=21 start=687287580 end=826022661}
06-13 14:18:54.923  3268  3282 E libEGL  : eglCreateWindowSurface:456 error 3003 (EGL_BAD_ALLOC)
06-13 14:18:54.923   813  2648 V AlarmManager: Adding Alarm{6c04a7a type 3 when 689287376 com.android.systemui} to Batch{ab5c61d num=22 start=687287580 end=826022661}
06-13 14:18:54.923   813  2648 V AlarmManager:     => now Batch{ab5c61d num=22 start=689287376 end=826022661}
06-13 14:18:54.923   813  2648 V AlarmManager: Adding Alarm{56dad14 type 3 when 689293967 com.android.systemui} to Batch{ab5c61d num=23 start=689287376 end=826022661}
06-13 14:18:54.923  3268  3282 E Unity   : [EGL] Failed to create window surface: EGL_BAD_ALLOC: EGL failed to allocate resources for the requested operation.
06-13 14:18:54.923  3268  3282 E Unity   :
06-13 14:18:54.923  3268  3282 E Unity   : (Filename: ./Runtime/GfxDevice/egl/WindowContextEGL.cpp Line: 161)
06-13 14:18:54.923  3268  3282 E Unity   :
06-13 14:18:54.924   813  2648 V AlarmManager:     => now Batch{ab5c61d num=23 start=689293967 end=826022661}
06-13 14:18:54.924   813  2648 V AlarmManager: Adding Alarm{b078c12 type 3 when 689365434 com.android.systemui} to Batch{ab5c61d num=24 start=689293967 end=826022661}
06-13 14:18:54.924   813  2648 V AlarmManager:     => now Batch{ab5c61d num=24 start=689365434 end=826022661}
06-13 14:18:54.924   813  2648 V AlarmManager: Adding Alarm{4e42b4c type 3 when 689443110 com.android.systemui} to Batch{ab5c61d num=25 start=689365434 end=826022661}
06-13 14:18:54.924  3268  3282 I Unity   : Skipped rendering frame because GfxDevice is in invalid state (device lost)
06-13 14:18:54.924  3268  3282 I Unity   :
06-13 14:18:54.924  3268  3282 I Unity   : (Filename: ./Runtime/Misc/Player.cpp Line: 782)
06-13 14:18:54.924  3268  3282 I Unity   :
06-13 14:18:54.924   813  2648 V AlarmManager:     => now Batch{ab5c61d num=25 start=689443110 end=826022661}
06-13 14:18:54.924   813  2648 V AlarmManager: Adding Alarm{81355ea type 3 when 689526369 com.android.systemui} to Batch{ab5c61d num=26 start=689443110 end=826022661}
06-13 14:18:54.924   813  2648 V AlarmManager:     => now Batch{ab5c61d num=26 start=689526369 end=826022661}
06-13 14:18:54.924   813  2648 V AlarmManager: Adding Alarm{2b89c70 type 3 when 689915194 com.android.systemui} to Batch{ab5c61d num=27 start=689526369 end=826022661}
06-13 14:18:54.924   813  2648 V AlarmManager:     => now Batch{ab5c61d num=27 start=689915194 end=826022661}
06-13 14:18:54.924   813  2648 V AlarmManager: Adding Alarm{76a7651 type 3 when 690402775 com.android.systemui} to Batch{ab5c61d num=28 start=689915194 end=826022661}
06-13 14:18:54.924   813  2648 V AlarmManager:     => now Batch{ab5c61d num=28 start=690402775 end=826022661}
06-13 14:18:54.924   813  2648 V AlarmManager: Adding Alarm{f4c975a type 3 when 690494228 com.android.systemui} to Batch{ab5c61d num=29 start=690402775 end=826022661}
06-13 14:18:54.924   813  2648 V AlarmManager:     => now Batch{ab5c61d num=29 start=690494228 end=826022661}
06-13 14:18:54.924   813  2648 V AlarmManager: Adding Alarm{1657939 type 3 when 691564297 com.android.systemui} to Batch{ab5c61d num=30 start=690494228 end=826022661}
06-13 14:18:54.924   813  2648 V AlarmManager:     => now Batch{ab5c61d num=30 start=691564297 end=826022661}
06-13 14:18:54.924   813  2648 V AlarmManager: Adding Alarm{cc6b5a4 type 0 when 1560600067909 com.google.android.partnersetup} to Batch{ab5c61d num=31 start=691564297 end=826022661}
06-13 14:18:54.924   813  2648 V AlarmManager:     => now Batch{ab5c61d num=31 start=692761644 end=826022661}
06-13 14:18:54.924   813  2648 V AlarmManager: Adding Alarm{3f4efb9 type 3 when 695039665 com.android.systemui} to Batch{ab5c61d num=32 start=692761644 end=826022661}
06-13 14:18:54.924   813  2648 V AlarmManager:     => now Batch{ab5c61d num=32 start=695039665 end=826022661}
06-13 14:18:54.925   813  2648 V AlarmManager: Adding Alarm{2f6150f type 3 when 695119565 com.android.systemui} to Batch{ab5c61d num=33 start=695039665 end=826022661}
06-13 14:18:54.925   813  2648 V AlarmManager:     => now Batch{ab5c61d num=33 start=695119565 end=826022661}
06-13 14:18:54.925   813  2648 V AlarmManager: Adding Alarm{72c309a type 3 when 695281480 com.android.systemui} to Batch{ab5c61d num=34 start=695119565 end=826022661}
06-13 14:18:54.925   813  2648 V AlarmManager:     => now Batch{ab5c61d num=34 start=695281480 end=826022661}
06-13 14:18:54.925   813  2648 V AlarmManager: Adding Alarm{ea0af4b type 3 when 695975035 com.android.systemui} to Batch{ab5c61d num=35 start=695281480 end=826022661}
06-13 14:18:54.925   813  2648 V AlarmManager:     => now Batch{ab5c61d num=35 start=695975035 end=826022661}
06-13 14:18:54.925   813  2648 V AlarmManager: Adding Alarm{5b8a0d1 type 3 when 698364728 com.android.systemui} to Batch{ab5c61d num=36 start=695975035 end=826022661}
06-13 14:18:54.925   813  2648 V AlarmManager:     => now Batch{ab5c61d num=36 start=698364728 end=826022661}
06-13 14:18:54.925   813  2648 V AlarmManager: Adding Alarm{677c73b type 3 when 699553854 com.android.systemui} to Batch{ab5c61d num=37 start=698364728 end=826022661}
06-13 14:18:54.925   813  2648 V AlarmManager:     => now Batch{ab5c61d num=37 start=699553854 end=826022661}
06-13 14:18:54.925   813  2648 V AlarmManager: Adding Alarm{69c66c8 type 3 when 702076966 com.android.systemui} to Batch{ab5c61d num=38 start=699553854 end=826022661}
06-13 14:18:54.925   813  2648 V AlarmManager:     => now Batch{ab5c61d num=38 start=702076966 end=826022661}
06-13 14:18:54.925   813  2648 V AlarmManager: Adding Alarm{4525b89 type 3 when 702289116 com.android.systemui} to Batch{ab5c61d num=39 start=702076966 end=826022661}
06-13 14:18:54.925   813  2648 V AlarmManager:     => now Batch{ab5c61d num=39 start=702289116 end=826022661}
06-13 14:18:54.925   813  2648 V AlarmManager: Adding Alarm{b4f111f type 3 when 702488709 com.android.systemui} to Batch{ab5c61d num=40 start=702289116 end=826022661}
06-13 14:18:54.925   813  2648 V AlarmManager:     => now Batch{ab5c61d num=40 start=702488709 end=826022661}
06-13 14:18:54.925   813  2648 V AlarmManager: Adding Alarm{30db68f type 3 when 702657899 com.android.systemui} to Batch{ab5c61d num=41 start=702488709 end=826022661}
06-13 14:18:54.925   813  2648 V AlarmManager:     => now Batch{ab5c61d num=41 start=702657899 end=826022661}
06-13 14:18:54.925   813  2648 V AlarmManager: Adding Alarm{295d31 type 3 when 702790088 com.android.systemui} to Batch{ab5c61d num=42 start=702657899 end=826022661}
06-13 14:18:54.926   813  2648 V AlarmManager:     => now Batch{ab5c61d num=42 start=702790088 end=826022661}
06-13 14:18:54.926   813  2648 V AlarmManager: Adding Alarm{2c96f74 type 3 when 703295152 com.android.systemui} to Batch{ab5c61d num=43 start=702790088 end=826022661}
06-13 14:18:54.926   813  2648 V AlarmManager:     => now Batch{ab5c61d num=43 start=703295152 end=826022661}
06-13 14:18:54.926   813  2648 V AlarmManager: Adding Alarm{de5e1e7 type 3 when 706272223 com.android.systemui} to Batch{ab5c61d num=44 start=703295152 end=826022661}
06-13 14:18:54.926   813  2648 V AlarmManager:     => now Batch{ab5c61d num=44 start=706272223 end=826022661}
06-13 14:18:54.926   813  2648 V AlarmManager: Adding Alarm{6b2fa00 type 3 when 706644318 com.android.systemui} to Batch{ab5c61d num=45 start=706272223 end=826022661}
06-13 14:18:54.926   813  2648 V AlarmManager:     => now Batch{ab5c61d num=45 start=706644318 end=826022661}
06-13 14:18:54.926   813  2648 V AlarmManager: Adding Alarm{250d25f type 3 when 707649966 com.android.systemui} to Batch{ab5c61d num=46 start=706644318 end=826022661}
06-13 14:18:54.926   813  2648 V AlarmManager:     => now Batch{ab5c61d num=46 start=707649966 end=826022661}
06-13 14:18:54.926   813  2648 V AlarmManager: Adding Alarm{fa7acc5 type 3 when 708442134 com.android.systemui} to Batch{ab5c61d num=47 start=707649966 end=826022661}
06-13 14:18:54.926   813  2648 V AlarmManager:     => now Batch{ab5c61d num=47 start=708442134 end=826022661}
06-13 14:18:54.926   813  2648 V AlarmManager: Adding Alarm{4f0859 type 3 when 708781808 com.android.systemui} to Batch{ab5c61d num=48 start=708442134 end=826022661}
06-13 14:18:54.926   813  2648 V AlarmManager:     => now Batch{ab5c61d num=48 start=708781808 end=826022661}
06-13 14:18:54.926   813  2648 V AlarmManager: Adding Alarm{3aa48e3 type 3 when 709325835 com.android.systemui} to Batch{ab5c61d num=49 start=708781808 end=826022661}
06-13 14:18:54.926   813  2648 V AlarmManager:     => now Batch{ab5c61d num=49 start=709325835 end=826022661}
06-13 14:18:54.926   813  2648 V AlarmManager: Adding Alarm{48e9537 type 3 when 709362717 com.android.systemui} to Batch{ab5c61d num=50 start=709325835 end=826022661}
06-13 14:18:54.926   813  2648 V AlarmManager:     => now Batch{ab5c61d num=50 start=709362717 end=826022661}
06-13 14:18:54.926   813  2648 V AlarmManager: Adding Alarm{2c0f08b type 3 when 709571194 com.android.systemui} to Batch{ab5c61d num=51 start=709362717 end=826022661}
06-13 14:18:54.926   813  2648 V AlarmManager:     => now Batch{ab5c61d num=51 start=709571194 end=826022661}
06-13 14:18:54.926   813  2648 V AlarmManager: Adding Alarm{4bb4aed type 3 when 710012975 com.android.systemui} to Batch{ab5c61d num=52 start=709571194 end=826022661}
06-13 14:18:54.926   813  2648 V AlarmManager:     => now Batch{ab5c61d num=52 start=710012975 end=826022661}
06-13 14:18:54.927   813  2648 V AlarmManager: Adding Alarm{f3ce08 type 3 when 712796892 com.android.systemui} to Batch{ab5c61d num=53 start=710012975 end=826022661}
06-13 14:18:54.927   813  2648 V AlarmManager:     => now Batch{ab5c61d num=53 start=712796892 end=826022661}
06-13 14:18:54.927   813  2648 V AlarmManager: Adding Alarm{b47880c type 3 when 713592624 com.android.systemui} to Batch{ab5c61d num=54 start=712796892 end=826022661}
06-13 14:18:54.927   813  2648 V AlarmManager:     => now Batch{ab5c61d num=54 start=713592624 end=826022661}
06-13 14:18:54.927   813  2648 V AlarmManager: Adding Alarm{d10dddb type 3 when 713960600 com.android.systemui} to Batch{ab5c61d num=55 start=713592624 end=826022661}
06-13 14:18:54.927   813  2648 V AlarmManager:     => now Batch{ab5c61d num=55 start=713960600 end=826022661}
06-13 14:18:54.927   813  2648 V AlarmManager: Adding Alarm{d76328a type 3 when 714429840 com.android.systemui} to Batch{ab5c61d num=56 start=713960600 end=826022661}
06-13 14:18:54.927   813  2648 V AlarmManager:     => now Batch{ab5c61d num=56 start=714429840 end=826022661}
06-13 14:18:54.927   813  2648 V AlarmManager: Adding Alarm{90e1052 type 3 when 714735998 com.android.systemui} to Batch{ab5c61d num=57 start=714429840 end=826022661}
06-13 14:18:54.927   813  2648 V AlarmManager:     => now Batch{ab5c61d num=57 start=714735998 end=826022661}
06-13 14:18:54.927   813  2648 V AlarmManager: Adding Alarm{deaaf50 type 3 when 717010928 com.android.systemui} to Batch{ab5c61d num=58 start=714735998 end=826022661}
06-13 14:18:54.927   813  2648 V AlarmManager:     => now Batch{ab5c61d num=58 start=717010928 end=826022661}
06-13 14:18:54.927   813  2648 V AlarmManager: Adding Alarm{46f498a type 3 when 718653453 com.android.systemui} to Batch{ab5c61d num=59 start=717010928 end=826022661}
06-13 14:18:54.927   813  2648 V AlarmManager:     => now Batch{ab5c61d num=59 start=718653453 end=826022661}
06-13 14:18:54.927   813  2648 V AlarmManager: Adding Alarm{3202285 type 3 when 719125802 com.android.systemui} to Batch{ab5c61d num=60 start=718653453 end=826022661}
06-13 14:18:54.928   813  2648 V AlarmManager:     => now Batch{ab5c61d num=60 start=719125802 end=826022661}
06-13 14:18:54.928   813  2648 V AlarmManager: Adding Alarm{31743e2 type 3 when 719152262 com.android.systemui} to Batch{ab5c61d num=61 start=719125802 end=826022661}
06-13 14:18:54.928   813  2648 V AlarmManager:     => now Batch{ab5c61d num=61 start=719152262 end=826022661}
06-13 14:18:54.928   813  2648 V AlarmManager: Adding Alarm{1b021c7 type 3 when 720256612 com.android.systemui} to Batch{ab5c61d num=62 start=719152262 end=826022661}
06-13 14:18:54.928   813  2648 V AlarmManager:     => now Batch{ab5c61d num=62 start=720256612 end=826022661}
06-13 14:18:54.928   813  2648 V AlarmManager: Adding Alarm{48cbb87 type 3 when 722817993 com.android.systemui} to Batch{ab5c61d num=63 start=720256612 end=826022661}
06-13 14:18:54.928   813  2648 V AlarmManager:     => now Batch{ab5c61d num=63 start=722817993 end=826022661}
06-13 14:18:54.928   813  2648 V AlarmManager: Adding Alarm{1f0a6ed type 3 when 723246981 com.android.systemui} to Batch{ab5c61d num=64 start=722817993 end=826022661}
06-13 14:18:54.928   813  2648 V AlarmManager:     => now Batch{ab5c61d num=64 start=723246981 end=826022661}
06-13 14:18:54.928   813  2648 V AlarmManager: Adding Alarm{3a4b085 type 3 when 723292152 com.android.systemui} to Batch{ab5c61d num=65 start=723246981 end=826022661}
06-13 14:18:54.928   813  2648 V AlarmManager:     => now Batch{ab5c61d num=65 start=723292152 end=826022661}
06-13 14:18:54.928   813  2648 V AlarmManager: Adding Alarm{30ee633 type 3 when 723413078 com.android.systemui} to Batch{ab5c61d num=66 start=723292152 end=826022661}
06-13 14:18:54.928   813  2648 V AlarmManager:     => now Batch{ab5c61d num=66 start=723413078 end=826022661}
06-13 14:18:54.929   813  2648 V AlarmManager: Adding Alarm{f187040 type 3 when 723492646 com.android.systemui} to Batch{ab5c61d num=67 start=723413078 end=826022661}
06-13 14:18:54.929   813  2648 V AlarmManager:     => now Batch{ab5c61d num=67 start=723492646 end=826022661}
06-13 14:18:54.929   813  2648 V AlarmManager: Adding Alarm{1961d6c type 3 when 724170573 com.android.systemui} to Batch{ab5c61d num=68 start=723492646 end=826022661}
06-13 14:18:54.929   813  2648 V AlarmManager:     => now Batch{ab5c61d num=68 start=724170573 end=826022661}
06-13 14:18:54.929   813  2648 V AlarmManager: Adding Alarm{6a34d6 type 3 when 724423807 com.android.systemui} to Batch{ab5c61d num=69 start=724170573 end=826022661}
06-13 14:18:54.929   813  2648 V AlarmManager:     => now Batch{ab5c61d num=69 start=724423807 end=826022661}
06-13 14:18:54.929   813  2648 V AlarmManager: Adding Alarm{47d8bb4 type 3 when 724470374 com.android.systemui} to Batch{ab5c61d num=70 start=724423807 end=826022661}
06-13 14:18:54.929   813  2648 V AlarmManager:     => now Batch{ab5c61d num=70 start=724470374 end=826022661}
