06-13 14:18:53.214  3268  3347 E Unity   : allocation 0x0xc0000000 already registered @ /Users/builduser/buildslave/unity/build/Runtime/GfxDevice/opengles/DataBuffersGLES.cpp:l234 size 73440; now calling from /Users/builduser/buildslave/unity/build/Runtime/GfxDevice/opengles/DataBuffersGLES.cpp:l234 size 73920?
06-13 14:18:53.214  3268  3347 E Unity   :
06-13 14:18:53.214  3268  3347 E Unity   : (Filename: ./Runtime/Allocator/MemoryManager.cpp Line: 1638)
06-13 14:18:53.214  3268  3347 E Unity   :
06-13 14:18:53.214  3268  3347 E Unity   : allocation 0x0xc0000000 already registered @ /Users/builduser/buildslave/unity/build/Runtime/GfxDevice/opengles/DataBuffersGLES.cpp:l234 size 73440; now calling from /Users/builduser/buildslave/unity/build/Runtime/GfxDevice/opengles/DataBuffersGLES.cpp:l234 size 3696?
06-13 14:18:53.214  3268  3347 E Unity   :
06-13 14:18:53.214  3268  3347 E Unity   : (Filename: ./Runtime/Allocator/MemoryManager.cpp Line: 1638)
06-13 14:18:53.214  3268  3347 E Unity   :
06-13 14:18:53.217   291  7119 E BufferQueueProducer: [SurfaceView] query: BufferQueue has been abandoned
06-13 14:18:53.218   291   653 E BufferQueueProducer: [SurfaceView] query: BufferQueue has been abandoned
06-13 14:18:53.218   291  2899 E BufferQueueProducer: [SurfaceView] connect(P): BufferQueue has been abandoned
06-13 14:18:53.219  3268  3282 E libEGL  : eglCreateWindowSurface: native_window_api_connect (win=0xb88a6dc0) failed (0xffffffed) (already connected to another API?)
06-13 14:18:53.219  3268  3282 E libEGL  : eglCreateWindowSurface:456 error 3003 (EGL_BAD_ALLOC)
06-13 14:18:53.219  3268  3282 E Unity   : [EGL] Failed to create window surface: EGL_BAD_ALLOC: EGL failed to allocate resources for the requested operation.
06-13 14:18:53.219  3268  3282 E Unity   :
06-13 14:18:53.219  3268  3282 E Unity   : (Filename: ./Runtime/GfxDevice/egl/WindowContextEGL.cpp Line: 161)
06-13 14:18:53.219  3268  3282 E Unity   :
06-13 14:18:53.219  3268  3282 I Unity   : Skipped rendering frame because GfxDevice is in invalid state (device lost)
06-13 14:18:53.219  3268  3282 I Unity   :
06-13 14:18:53.219  3268  3282 I Unity   : (Filename: ./Runtime/Misc/Player.cpp Line: 782)
06-13 14:18:53.219  3268  3282 I Unity   :
06-13 14:18:53.231   291   653 E BufferQueueProducer: [SurfaceView] query: BufferQueue has been abandoned
06-13 14:18:53.232   291  2899 E BufferQueueProducer: [SurfaceView] query: BufferQueue has been abandoned
06-13 14:18:53.233   291   487 E BufferQueueProducer: [SurfaceView] connect(P): BufferQueue has been abandoned
06-13 14:18:53.233  3268  3282 E libEGL  : eglCreateWindowSurface: native_window_api_connect (win=0xb88a6dc0) failed (0xffffffed) (already connected to another API?)
06-13 14:18:53.233  3268  3282 E libEGL  : eglCreateWindowSurface:456 error 3003 (EGL_BAD_ALLOC)
06-13 14:18:53.234  3268  3282 E Unity   : [EGL] Failed to create window surface: EGL_BAD_ALLOC: EGL failed to allocate resources for the requested operation.
06-13 14:18:53.234  3268  3282 E Unity   :
06-13 14:18:53.234  3268  3282 E Unity   : (Filename: ./Runtime/GfxDevice/egl/WindowContextEGL.cpp Line: 161)
06-13 14:18:53.234  3268  3282 E Unity   :
06-13 14:18:53.235  3268  3282 I Unity   : Skipped rendering frame because GfxDevice is in invalid state (device lost)
06-13 14:18:53.235  3268  3282 I Unity   :
06-13 14:18:53.235  3268  3282 I Unity   : (Filename: ./Runtime/Misc/Player.cpp Line: 782)
06-13 14:18:53.235  3268  3282 I Unity   :
06-13 14:18:53.254   291  2899 E BufferQueueProducer: [SurfaceView] query: BufferQueue has been abandoned
06-13 14:18:53.255   291   653 E BufferQueueProducer: [SurfaceView] query: BufferQueue has been abandoned
06-13 14:18:53.256   291  2899 E BufferQueueProducer: [SurfaceView] connect(P): BufferQueue has been abandoned
06-13 14:18:53.256  3268  3282 E libEGL  : eglCreateWindowSurface: native_window_api_connect (win=0xb88a6dc0) failed (0xffffffed) (already connected to another API?)
06-13 14:18:53.256  3268  3282 E libEGL  : eglCreateWindowSurface:456 error 3003 (EGL_BAD_ALLOC)
06-13 14:18:53.256  3268  3282 E Unity   : [EGL] Failed to create window surface: EGL_BAD_ALLOC: EGL failed to allocate resources for the requested operation.
06-13 14:18:53.256  3268  3282 E Unity   :
06-13 14:18:53.256  3268  3282 E Unity   : (Filename: ./Runtime/GfxDevice/egl/WindowContextEGL.cpp Line: 161)
06-13 14:18:53.256  3268  3282 E Unity   :
06-13 14:18:53.257  3268  3282 I Unity   : Skipped rendering frame because GfxDevice is in invalid state (device lost)
06-13 14:18:53.257  3268  3282 I Unity   :
06-13 14:18:53.257  3268  3282 I Unity   : (Filename: ./Runtime/Misc/Player.cpp Line: 782)
06-13 14:18:53.257  3268  3282 I Unity   :
06-13 14:18:53.275   291   653 E BufferQueueProducer: [SurfaceView] query: BufferQueue has been abandoned
06-13 14:18:53.275   291  2899 E BufferQueueProducer: [SurfaceView] query: BufferQueue has been abandoned
06-13 14:18:53.276   291   487 E BufferQueueProducer: [SurfaceView] connect(P): BufferQueue has been abandoned
06-13 14:18:53.276  3268  3282 E libEGL  : eglCreateWindowSurface: native_window_api_connect (win=0xb88a6dc0) failed (0xffffffed) (already connected to another API?)
06-13 14:18:53.276  3268  3282 E libEGL  : eglCreateWindowSurface:456 error 3003 (EGL_BAD_ALLOC)
06-13 14:18:53.276  3268  3282 E Unity   : [EGL] Failed to create window surface: EGL_BAD_ALLOC: EGL failed to allocate resources for the requested operation.
06-13 14:18:53.276  3268  3282 E Unity   :
06-13 14:18:53.276  3268  3282 E Unity   : (Filename: ./Runtime/GfxDevice/egl/WindowContextEGL.cpp Line: 161)
06-13 14:18:53.276  3268  3282 E Unity   :
06-13 14:18:53.277  3268  3282 I Unity   : Skipped rendering frame because GfxDevice is in invalid state (device lost)
06-13 14:18:53.277  3268  3282 I Unity   :
06-13 14:18:53.277  3268  3282 I Unity   : (Filename: ./Runtime/Misc/Player.cpp Line: 782)
06-13 14:18:53.277  3268  3282 I Unity   :
06-13 14:18:53.284   813  1871 V AlarmManager: Checking for alarms... rtc=1560424733284, elapsed=517427019
06-13 14:18:53.284   813  1871 V AlarmManager: Triggering alarm #0: Alarm{c8ac2ca type 2 when 517415817 com.android.phone}
06-13 14:18:53.284   813  1871 V AlarmManager: Triggering alarm #1: Alarm{6b64475 type 3 when 517390740 android}
06-13 14:18:53.284   813  1871 V AlarmManager: Triggering alarm #2: Alarm{1eb293a type 3 when 517423833 com.google.android.gms}
06-13 14:18:53.284   813  1871 V AlarmManager: Triggering alarm #3: Alarm{5f888de type 1 when 1560424733284 com.urbandroid.lux}
06-13 14:18:53.285   813  1871 V AlarmManager: sending alarm Alarm{c8ac2ca type 2 when 517415817 com.android.phone}
06-13 14:18:53.285   813  1871 W AlarmManager: +++Alarm wakeup phone, type=2, pkg=com.android.phone, action=com.android.internal.telephony.data-stall
06-13 14:18:53.285   813  1871 D ActivityManager: ZSW Enqueueing ordered broadcast com.android.internal.telephony.data-stall, 1 receivers, sent by com.android.phone, replaced is false
06-13 14:18:53.285   813  1871 V AlarmManager: sending alarm Alarm{6b64475 type 3 when 517390740 android}
06-13 14:18:53.286   813  1871 D ActivityManager: ZSW Enqueueing ordered broadcast android.content.jobscheduler.JOB_DELAY_EXPIRED, 1 receivers, sent by android, replaced is false
06-13 14:18:53.286   813  1871 V AlarmManager: sending alarm Alarm{1eb293a type 3 when 517423833 com.google.android.gms}
06-13 14:18:53.294   813  1871 D ActivityManager: ZSW Enqueueing ordered broadcast null, 1 receivers, sent by com.google.android.gms, replaced is false
06-13 14:18:53.294   813  3569 I BroadcastQueue: ZSW Finished with ordered broadcast [background] com.android.internal.telephony.data-stall in 9ms
06-13 14:18:53.298   813  1871 V AlarmManager: sending alarm Alarm{5f888de type 1 when 1560424733284 com.urbandroid.lux}
06-13 14:18:53.307   291   496 E BufferQueueProducer: [SurfaceView] query: BufferQueue has been abandoned
06-13 14:18:53.309   291  7119 E BufferQueueProducer: [SurfaceView] query: BufferQueue has been abandoned
06-13 14:18:53.310   291  2899 E BufferQueueProducer: [SurfaceView] connect(P): BufferQueue has been abandoned
06-13 14:18:53.310  3268  3282 E libEGL  : eglCreateWindowSurface: native_window_api_connect (win=0xb88a6dc0) failed (0xffffffed) (already connected to another API?)
06-13 14:18:53.310  3268  3282 E libEGL  : eglCreateWindowSurface:456 error 3003 (EGL_BAD_ALLOC)
06-13 14:18:53.310  3268  3282 E Unity   : [EGL] Failed to create window surface: EGL_BAD_ALLOC: EGL failed to allocate resources for the requested operation.
06-13 14:18:53.310  3268  3282 E Unity   :
06-13 14:18:53.310  3268  3282 E Unity   : (Filename: ./Runtime/GfxDevice/egl/WindowContextEGL.cpp Line: 161)
06-13 14:18:53.310  3268  3282 E Unity   :
06-13 14:18:53.311  3268  3282 I Unity   : Skipped rendering frame because GfxDevice is in invalid state (device lost)
06-13 14:18:53.311  3268  3282 I Unity   :
06-13 14:18:53.311  3268  3282 I Unity   : (Filename: ./Runtime/Misc/Player.cpp Line: 782)
06-13 14:18:53.311  3268  3282 I Unity   :
06-13 14:18:53.311   813   813 W AlarmManager: +++Alarm onSendFinished, action=com.android.internal.telephony.data-stall
06-13 14:18:53.312   813   813 V AlarmManager: set(PendingIntent{5529107: PendingIntentRecord{ec21234 android broadcastIntent}}) : type=3 triggerAtTime=517574564 win=110637 tElapsed=517574564 maxElapsed=517685201 interval=0 flags=0x8
06-13 14:18:53.313   813   813 I BroadcastQueue: ZSW Finished with ordered broadcast [background] android.content.jobscheduler.JOB_DELAY_EXPIRED in 18ms
06-13 14:18:53.316   813  5483 V AlarmManager: set(PendingIntent{c11aecd: PendingIntentRecord{889cc80 com.android.phone broadcastIntent}}) : type=2 triggerAtTime=517487044 win=45000 tElapsed=517487044 maxElapsed=517532044 interval=0 flags=0x8
06-13 14:18:53.319   291   496 E BufferQueueProducer: [SurfaceView] query: BufferQueue has been abandoned
06-13 14:18:53.319   291  7119 E BufferQueueProducer: [SurfaceView] query: BufferQueue has been abandoned
06-13 14:18:53.320   291   653 E BufferQueueProducer: [SurfaceView] connect(P): BufferQueue has been abandoned
06-13 14:18:53.320  3268  3282 E libEGL  : eglCreateWindowSurface: native_window_api_connect (win=0xb88a6dc0) failed (0xffffffed) (already connected to another API?)
06-13 14:18:53.320  3268  3282 E libEGL  : eglCreateWindowSurface:456 error 3003 (EGL_BAD_ALLOC)
06-13 14:18:53.320  3268  3282 E Unity   : [EGL] Failed to create window surface: EGL_BAD_ALLOC: EGL failed to allocate resources for the requested operation.
06-13 14:18:53.320  3268  3282 E Unity   :
06-13 14:18:53.320  3268  3282 E Unity   : (Filename: ./Runtime/GfxDevice/egl/WindowContextEGL.cpp Line: 161)
06-13 14:18:53.320  3268  3282 E Unity   :
06-13 14:18:53.322  3268  3282 I Unity   : Skipped rendering frame because GfxDevice is in invalid state (device lost)
06-13 14:18:53.322  3268  3282 I Unity   :
06-13 14:18:53.322  3268  3282 I Unity   : (Filename: ./Runtime/Misc/Player.cpp Line: 782)
06-13 14:18:53.322  3268  3282 I Unity   :
06-13 14:18:53.326   813  5483 V AlarmManager: Adding Alarm{6581382 type 2 when 517487044 com.android.phone} to Batch{3f3dd07 num=4 start=517488528 end=517494682}
06-13 14:18:53.326   813  5483 V AlarmManager:     => now Batch{3f3dd07 num=4 start=517488528 end=517494682 flgs=0x8}
06-13 14:18:53.330 14144 14144 I TWILIGHT: [14:18:53.329, main]: Start foreground true
06-13 14:18:53.332   813   813 W AlarmManager: +++Alarm onSendFinished, action=com.urbandroid.lux.action_command_restart_on_low_memory
06-13 14:18:53.354   813   813 I ActivityManager: Start proc 3663:com.mxtech.videoplayer.ad/u0a108 for service com.mxtech.videoplayer.ad/com.clevertap.android.sdk.CTBackgroundJobService
06-13 14:18:53.354   813   813 W AlarmManager: +++Alarm onSendFinished, action=android.content.jobscheduler.JOB_DELAY_EXPIRED
06-13 14:18:53.355   813  2695 I BroadcastQueue: ZSW Finished with ordered broadcast [background] null in 42ms
06-13 14:18:53.357  3663  3663 I art     : Late-enabling -Xcheck:jni
06-13 14:18:53.357   813   813 W AlarmManager: +++Alarm onSendFinished, action=null
06-13 14:18:53.364   291   653 E BufferQueueProducer: [SurfaceView] query: BufferQueue has been abandoned
06-13 14:18:53.366   291  2899 E BufferQueueProducer: [SurfaceView] query: BufferQueue has been abandoned
06-13 14:18:53.366   291   487 E BufferQueueProducer: [SurfaceView] connect(P): BufferQueue has been abandoned
06-13 14:18:53.367  3268  3282 E libEGL  : eglCreateWindowSurface: native_window_api_connect (win=0xb88a6dc0) failed (0xffffffed) (already connected to another API?)
06-13 14:18:53.367  3268  3282 E libEGL  : eglCreateWindowSurface:456 error 3003 (EGL_BAD_ALLOC)
06-13 14:18:53.368  3268  3282 E Unity   : [EGL] Failed to create window surface: EGL_BAD_ALLOC: EGL failed to allocate resources for the requested operation.
06-13 14:18:53.368  3268  3282 E Unity   :
06-13 14:18:53.368  3268  3282 E Unity   : (Filename: ./Runtime/GfxDevice/egl/WindowContextEGL.cpp Line: 161)
06-13 14:18:53.368  3268  3282 E Unity   :
06-13 14:18:53.372  3268  3282 I Unity   : Skipped rendering frame because GfxDevice is in invalid state (device lost)
06-13 14:18:53.372  3268  3282 I Unity   :
06-13 14:18:53.372  3268  3282 I Unity   : (Filename: ./Runtime/Misc/Player.cpp Line: 782)
06-13 14:18:53.372  3268  3282 I Unity   :
06-13 14:18:53.379   291  2899 E BufferQueueProducer: [SurfaceView] query: BufferQueue has been abandoned
06-13 14:18:53.379   291  2899 E BufferQueueProducer: [SurfaceView] query: BufferQueue has been abandoned
06-13 14:18:53.381   291   496 E BufferQueueProducer: [SurfaceView] connect(P): BufferQueue has been abandoned
06-13 14:18:53.381  3268  3282 E libEGL  : eglCreateWindowSurface: native_window_api_connect (win=0xb88a6dc0) failed (0xffffffed) (already connected to another API?)
06-13 14:18:53.381  3268  3282 E libEGL  : eglCreateWindowSurface:456 error 3003 (EGL_BAD_ALLOC)
06-13 14:18:53.381  3268  3282 E Unity   : [EGL] Failed to create window surface: EGL_BAD_ALLOC: EGL failed to allocate resources for the requested operation.
06-13 14:18:53.381  3268  3282 E Unity   :
06-13 14:18:53.381  3268  3282 E Unity   : (Filename: ./Runtime/GfxDevice/egl/WindowContextEGL.cpp Line: 161)
06-13 14:18:53.381  3268  3282 E Unity   :
06-13 14:18:53.383  3268  3282 I Unity   : Skipped rendering frame because GfxDevice is in invalid state (device lost)
06-13 14:18:53.383  3268  3282 I Unity   :
06-13 14:18:53.383  3268  3282 I Unity   : (Filename: ./Runtime/Misc/Player.cpp Line: 782)
06-13 14:18:53.383  3268  3282 I Unity   :
06-13 14:18:53.397  3675  3675 I art     : Late-enabling -Xcheck:jni
06-13 14:18:53.398   813  2495 I ActivityManager: Start proc 3675:com.urbandroid.lux/u0a115 for content provider com.urbandroid.lux/.util.MultiprocessPreferences
06-13 14:18:53.410   291  7119 E BufferQueueProducer: [SurfaceView] query: BufferQueue has been abandoned
06-13 14:18:53.411   291   653 E BufferQueueProducer: [SurfaceView] query: BufferQueue has been abandoned
06-13 14:18:53.414   291   487 E BufferQueueProducer: [SurfaceView] connect(P): BufferQueue has been abandoned
06-13 14:18:53.414  3268  3282 E libEGL  : eglCreateWindowSurface: native_window_api_connect (win=0xb88a6dc0) failed (0xffffffed) (already connected to another API?)
06-13 14:18:53.415  3268  3282 E libEGL  : eglCreateWindowSurface:456 error 3003 (EGL_BAD_ALLOC)
06-13 14:18:53.415  3268  3282 E Unity   : [EGL] Failed to create window surface: EGL_BAD_ALLOC: EGL failed to allocate resources for the requested operation.
06-13 14:18:53.415  3268  3282 E Unity   :
06-13 14:18:53.415  3268  3282 E Unity   : (Filename: ./Runtime/GfxDevice/egl/WindowContextEGL.cpp Line: 161)
06-13 14:18:53.415  3268  3282 E Unity   :
06-13 14:18:53.416  3268  3282 I Unity   : Skipped rendering frame because GfxDevice is in invalid state (device lost)
06-13 14:18:53.416  3268  3282 I Unity   :
06-13 14:18:53.416  3268  3282 I Unity   : (Filename: ./Runtime/Misc/Player.cpp Line: 782)
06-13 14:18:53.416  3268  3282 I Unity   :
06-13 14:18:53.423   291   496 E BufferQueueProducer: [SurfaceView] query: BufferQueue has been abandoned
06-13 14:18:53.424   291  7119 E BufferQueueProducer: [SurfaceView] query: BufferQueue has been abandoned
06-13 14:18:53.424   291   653 E BufferQueueProducer: [SurfaceView] connect(P): BufferQueue has been abandoned
06-13 14:18:53.424  3268  3282 E libEGL  : eglCreateWindowSurface: native_window_api_connect (win=0xb88a6dc0) failed (0xffffffed) (already connected to another API?)
06-13 14:18:53.425  3268  3282 E libEGL  : eglCreateWindowSurface:456 error 3003 (EGL_BAD_ALLOC)
06-13 14:18:53.425  3268  3282 E Unity   : [EGL] Failed to create window surface: EGL_BAD_ALLOC: EGL failed to allocate resources for the requested operation.
06-13 14:18:53.425  3268  3282 E Unity   :
06-13 14:18:53.425  3268  3282 E Unity   : (Filename: ./Runtime/GfxDevice/egl/WindowContextEGL.cpp Line: 161)
06-13 14:18:53.425  3268  3282 E Unity   :
06-13 14:18:53.425  3268  3282 I Unity   : Skipped rendering frame because GfxDevice is in invalid state (device lost)
06-13 14:18:53.425  3268  3282 I Unity   :
06-13 14:18:53.425  3268  3282 I Unity   : (Filename: ./Runtime/Misc/Player.cpp Line: 782)
06-13 14:18:53.425  3268  3282 I Unity   :
06-13 14:18:53.449   291   653 E BufferQueueProducer: [SurfaceView] query: BufferQueue has been abandoned
06-13 14:18:53.450   291  2899 E BufferQueueProducer: [SurfaceView] query: BufferQueue has been abandoned
06-13 14:18:53.451   291   487 E BufferQueueProducer: [SurfaceView] connect(P): BufferQueue has been abandoned
06-13 14:18:53.451  3268  3282 E libEGL  : eglCreateWindowSurface: native_window_api_connect (win=0xb88a6dc0) failed (0xffffffed) (already connected to another API?)
06-13 14:18:53.451  3268  3282 E libEGL  : eglCreateWindowSurface:456 error 3003 (EGL_BAD_ALLOC)
06-13 14:18:53.451  3268  3282 E Unity   : [EGL] Failed to create window surface: EGL_BAD_ALLOC: EGL failed to allocate resources for the requested operation.
06-13 14:18:53.451  3268  3282 E Unity   :
06-13 14:18:53.451  3268  3282 E Unity   : (Filename: ./Runtime/GfxDevice/egl/WindowContextEGL.cpp Line: 161)
06-13 14:18:53.451  3268  3282 E Unity   :
06-13 14:18:53.452  3268  3282 I Unity   : Skipped rendering frame because GfxDevice is in invalid state (device lost)
06-13 14:18:53.452  3268  3282 I Unity   :
06-13 14:18:53.452  3268  3282 I Unity   : (Filename: ./Runtime/Misc/Player.cpp Line: 782)
06-13 14:18:53.452  3268  3282 I Unity   :
06-13 14:18:53.473   291   487 E BufferQueueProducer: [SurfaceView] query: BufferQueue has been abandoned
06-13 14:18:53.474   291   496 E BufferQueueProducer: [SurfaceView] query: BufferQueue has been abandoned
06-13 14:18:53.474   291  7119 E BufferQueueProducer: [SurfaceView] connect(P): BufferQueue has been abandoned
06-13 14:18:53.475  3268  3282 E libEGL  : eglCreateWindowSurface: native_window_api_connect (win=0xb88a6dc0) failed (0xffffffed) (already connected to another API?)
06-13 14:18:53.475  3268  3282 E libEGL  : eglCreateWindowSurface:456 error 3003 (EGL_BAD_ALLOC)
06-13 14:18:53.475  3268  3282 E Unity   : [EGL] Failed to create window surface: EGL_BAD_ALLOC: EGL failed to allocate resources for the requested operation.
06-13 14:18:53.475  3268  3282 E Unity   :
06-13 14:18:53.475  3268  3282 E Unity   : (Filename: ./Runtime/GfxDevice/egl/WindowContextEGL.cpp Line: 161)
06-13 14:18:53.475  3268  3282 E Unity   :
06-13 14:18:53.478  3268  3282 I Unity   : Skipped rendering frame because GfxDevice is in invalid state (device lost)
06-13 14:18:53.478  3268  3282 I Unity   :
06-13 14:18:53.478  3268  3282 I Unity   : (Filename: ./Runtime/Misc/Player.cpp Line: 782)
06-13 14:18:53.478  3268  3282 I Unity   :
06-13 14:18:53.479  3675  3675 W System  : ClassLoader referenced unknown path: /data/app/com.urbandroid.lux-1/lib/arm
06-13 14:18:53.492   291   496 E BufferQueueProducer: [SurfaceView] query: BufferQueue has been abandoned
06-13 14:18:53.494   291  7119 E BufferQueueProducer: [SurfaceView] query: BufferQueue has been abandoned
06-13 14:18:53.494   291  2899 E BufferQueueProducer: [SurfaceView] connect(P): BufferQueue has been abandoned
06-13 14:18:53.494  3268  3282 E libEGL  : eglCreateWindowSurface: native_window_api_connect (win=0xb88a6dc0) failed (0xffffffed) (already connected to another API?)
06-13 14:18:53.495  3268  3282 E libEGL  : eglCreateWindowSurface:456 error 3003 (EGL_BAD_ALLOC)
06-13 14:18:53.495  3268  3282 E Unity   : [EGL] Failed to create window surface: EGL_BAD_ALLOC: EGL failed to allocate resources for the requested operation.
06-13 14:18:53.495  3268  3282 E Unity   :
06-13 14:18:53.495  3268  3282 E Unity   : (Filename: ./Runtime/GfxDevice/egl/WindowContextEGL.cpp Line: 161)
06-13 14:18:53.495  3268  3282 E Unity   :
06-13 14:18:53.496  3268  3282 I Unity   : Skipped rendering frame because GfxDevice is in invalid state (device lost)
06-13 14:18:53.496  3268  3282 I Unity   :
06-13 14:18:53.496  3268  3282 I Unity   : (Filename: ./Runtime/Misc/Player.cpp Line: 782)
06-13 14:18:53.496  3268  3282 I Unity   :
06-13 14:18:53.515   291   496 E BufferQueueProducer: [SurfaceView] query: BufferQueue has been abandoned
06-13 14:18:53.515   291  7119 E BufferQueueProducer: [SurfaceView] query: BufferQueue has been abandoned
06-13 14:18:53.515   291  2899 E BufferQueueProducer: [SurfaceView] connect(P): BufferQueue has been abandoned
06-13 14:18:53.516  3268  3282 E libEGL  : eglCreateWindowSurface: native_window_api_connect (win=0xb88a6dc0) failed (0xffffffed) (already connected to another API?)
06-13 14:18:53.516  3268  3282 E libEGL  : eglCreateWindowSurface:456 error 3003 (EGL_BAD_ALLOC)
06-13 14:18:53.516  3268  3282 E Unity   : [EGL] Failed to create window surface: EGL_BAD_ALLOC: EGL failed to allocate resources for the requested operation.
06-13 14:18:53.516  3268  3282 E Unity   :
06-13 14:18:53.516  3268  3282 E Unity   : (Filename: ./Runtime/GfxDevice/egl/WindowContextEGL.cpp Line: 161)
06-13 14:18:53.516  3268  3282 E Unity   :
06-13 14:18:53.517  3268  3282 I Unity   : Skipped rendering frame because GfxDevice is in invalid state (device lost)
06-13 14:18:53.517  3268  3282 I Unity   :
06-13 14:18:53.517  3268  3282 I Unity   : (Filename: ./Runtime/Misc/Player.cpp Line: 782)
06-13 14:18:53.517  3268  3282 I Unity   :
06-13 14:18:53.521   813  2536 V AlarmManager: set(PendingIntent{e5ccef: PendingIntentRecord{c36f2cd com.google.android.gms broadcastIntent}}) : type=3 triggerAtTime=517487254 win=44998 tElapsed=517487254 maxElapsed=517532252 interval=0 flags=0x0
06-13 14:18:53.521   813  2536 V AlarmManager: Adding Alarm{62343fc type 3 when 517487254 com.google.android.gms} to Batch{3f3dd07 num=5 start=517488528 end=517494682 flgs=0x8}
06-13 14:18:53.521   813  2536 V AlarmManager:     => now Batch{3f3dd07 num=5 start=517488528 end=517494682 flgs=0x8}
06-13 14:18:53.543  3268  3347 E Unity   : allocation 0x0xc0000000 already registered @ /Users/builduser/buildslave/unity/build/Runtime/GfxDevice/opengles/DataBuffersGLES.cpp:l234 size 73440; now calling from /Users/builduser/buildslave/unity/build/Runtime/GfxDevice/opengles/DataBuffersGLES.cpp:l234 size 74160?
06-13 14:18:53.543  3268  3347 E Unity   :
06-13 14:18:53.543  3268  3347 E Unity   : (Filename: ./Runtime/Allocator/MemoryManager.cpp Line: 1638)
06-13 14:18:53.543  3268  3347 E Unity   :
06-13 14:18:53.544  3268  3347 E Unity   : allocation 0x0xc0000000 already registered @ /Users/builduser/buildslave/unity/build/Runtime/GfxDevice/opengles/DataBuffersGLES.cpp:l234 size 73440; now calling from /Users/builduser/buildslave/unity/build/Runtime/GfxDevice/opengles/DataBuffersGLES.cpp:l234 size 3708?
06-13 14:18:53.544  3268  3347 E Unity   :
06-13 14:18:53.544  3268  3347 E Unity   : (Filename: ./Runtime/Allocator/MemoryManager.cpp Line: 1638)
06-13 14:18:53.544  3268  3347 E Unity   :
06-13 14:18:53.545   291   653 E BufferQueueProducer: [SurfaceView] query: BufferQueue has been abandoned
06-13 14:18:53.545   291   496 E BufferQueueProducer: [SurfaceView] query: BufferQueue has been abandoned
06-13 14:18:53.546   291   487 E BufferQueueProducer: [SurfaceView] connect(P): BufferQueue has been abandoned
06-13 14:18:53.546  3268  3282 E libEGL  : eglCreateWindowSurface: native_window_api_connect (win=0xb88a6dc0) failed (0xffffffed) (already connected to another API?)
06-13 14:18:53.546  3268  3282 E libEGL  : eglCreateWindowSurface:456 error 3003 (EGL_BAD_ALLOC)
06-13 14:18:53.547  3268  3282 E Unity   : [EGL] Failed to create window surface: EGL_BAD_ALLOC: EGL failed to allocate resources for the requested operation.
06-13 14:18:53.547  3268  3282 E Unity   :
06-13 14:18:53.547  3268  3282 E Unity   : (Filename: ./Runtime/GfxDevice/egl/WindowContextEGL.cpp Line: 161)
06-13 14:18:53.547  3268  3282 E Unity   :
06-13 14:18:53.548  3268  3282 I Unity   : Skipped rendering frame because GfxDevice is in invalid state (device lost)
06-13 14:18:53.548  3268  3282 I Unity   :
06-13 14:18:53.548  3268  3282 I Unity   : (Filename: ./Runtime/Misc/Player.cpp Line: 782)
06-13 14:18:53.548  3268  3282 I Unity   :
06-13 14:18:53.558   291   653 E BufferQueueProducer: [SurfaceView] query: BufferQueue has been abandoned
06-13 14:18:53.558   291   496 E BufferQueueProducer: [SurfaceView] query: BufferQueue has been abandoned
06-13 14:18:53.559   291   487 E BufferQueueProducer: [SurfaceView] connect(P): BufferQueue has been abandoned
06-13 14:18:53.559  3268  3282 E libEGL  : eglCreateWindowSurface: native_window_api_connect (win=0xb88a6dc0) failed (0xffffffed) (already connected to another API?)
06-13 14:18:53.559  3268  3282 E libEGL  : eglCreateWindowSurface:456 error 3003 (EGL_BAD_ALLOC)
06-13 14:18:53.559  3268  3282 E Unity   : [EGL] Failed to create window surface: EGL_BAD_ALLOC: EGL failed to allocate resources for the requested operation.
06-13 14:18:53.559  3268  3282 E Unity   :
06-13 14:18:53.559  3268  3282 E Unity   : (Filename: ./Runtime/GfxDevice/egl/WindowContextEGL.cpp Line: 161)
06-13 14:18:53.559  3268  3282 E Unity   :
06-13 14:18:53.560  3268  3282 I Unity   : Skipped rendering frame because GfxDevice is in invalid state (device lost)
06-13 14:18:53.560  3268  3282 I Unity   :
06-13 14:18:53.560  3268  3282 I Unity   : (Filename: ./Runtime/Misc/Player.cpp Line: 782)
06-13 14:18:53.560  3268  3282 I Unity   :
06-13 14:18:53.582   291  7119 E BufferQueueProducer: [SurfaceView] query: BufferQueue has been abandoned
06-13 14:18:53.582   291  2899 E BufferQueueProducer: [SurfaceView] query: BufferQueue has been abandoned
06-13 14:18:53.583   291   653 E BufferQueueProducer: [SurfaceView] connect(P): BufferQueue has been abandoned
06-13 14:18:53.583  3268  3282 E libEGL  : eglCreateWindowSurface: native_window_api_connect (win=0xb88a6dc0) failed (0xffffffed) (already connected to another API?)
06-13 14:18:53.583  3268  3282 E libEGL  : eglCreateWindowSurface:456 error 3003 (EGL_BAD_ALLOC)
06-13 14:18:53.583  3268  3282 E Unity   : [EGL] Failed to create window surface: EGL_BAD_ALLOC: EGL failed to allocate resources for the requested operation.
06-13 14:18:53.583  3268  3282 E Unity   :
06-13 14:18:53.583  3268  3282 E Unity   : (Filename: ./Runtime/GfxDevice/egl/WindowContextEGL.cpp Line: 161)
06-13 14:18:53.583  3268  3282 E Unity   :
06-13 14:18:53.583  3268  3282 I Unity   : Skipped rendering frame because GfxDevice is in invalid state (device lost)
06-13 14:18:53.583  3268  3282 I Unity   :
06-13 14:18:53.583  3268  3282 I Unity   : (Filename: ./Runtime/Misc/Player.cpp Line: 782)
06-13 14:18:53.583  3268  3282 I Unity   :
06-13 14:18:53.612   291   653 E BufferQueueProducer: [SurfaceView] query: BufferQueue has been abandoned
06-13 14:18:53.613   291   496 E BufferQueueProducer: [SurfaceView] query: BufferQueue has been abandoned
06-13 14:18:53.614   291   487 E BufferQueueProducer: [SurfaceView] connect(P): BufferQueue has been abandoned
06-13 14:18:53.614  3268  3282 E libEGL  : eglCreateWindowSurface: native_window_api_connect (win=0xb88a6dc0) failed (0xffffffed) (already connected to another API?)
06-13 14:18:53.614  3268  3282 E libEGL  : eglCreateWindowSurface:456 error 3003 (EGL_BAD_ALLOC)
06-13 14:18:53.615  3268  3282 E Unity   : [EGL] Failed to create window surface: EGL_BAD_ALLOC: EGL failed to allocate resources for the requested operation.
06-13 14:18:53.615  3268  3282 E Unity   :
06-13 14:18:53.615  3268  3282 E Unity   : (Filename: ./Runtime/GfxDevice/egl/WindowContextEGL.cpp Line: 161)
06-13 14:18:53.615  3268  3282 E Unity   :
06-13 14:18:53.615  3268  3282 I Unity   : Skipped rendering frame because GfxDevice is in invalid state (device lost)
06-13 14:18:53.615  3268  3282 I Unity   :
06-13 14:18:53.615  3268  3282 I Unity   : (Filename: ./Runtime/Misc/Player.cpp Line: 782)
06-13 14:18:53.615  3268  3282 I Unity   :
06-13 14:18:53.626   291  2899 E BufferQueueProducer: [SurfaceView] query: BufferQueue has been abandoned
06-13 14:18:53.630   813  5488 V AlarmManager: set(PendingIntent{ca2ea85: PendingIntentRecord{b17d6e1 com.urbandroid.lux startService}}) : type=1 triggerAtTime=1560424763629 win=22499 tElapsed=517457364 maxElapsed=517479863 interval=0 flags=0x0
06-13 14:18:53.638   291   487 E BufferQueueProducer: [SurfaceView] query: BufferQueue has been abandoned
06-13 14:18:53.639   291  7119 E BufferQueueProducer: [SurfaceView] connect(P): BufferQueue has been abandoned
06-13 14:18:53.639  3268  3282 E libEGL  : eglCreateWindowSurface: native_window_api_connect (win=0xb88a6dc0) failed (0xffffffed) (already connected to another API?)
06-13 14:18:53.639  3268  3282 E libEGL  : eglCreateWindowSurface:456 error 3003 (EGL_BAD_ALLOC)
06-13 14:18:53.640  3268  3282 E Unity   : [EGL] Failed to create window surface: EGL_BAD_ALLOC: EGL failed to allocate resources for the requested operation.
06-13 14:18:53.640  3268  3282 E Unity   :
06-13 14:18:53.640  3268  3282 E Unity   : (Filename: ./Runtime/GfxDevice/egl/WindowContextEGL.cpp Line: 161)
06-13 14:18:53.640  3268  3282 E Unity   :
06-13 14:18:53.640  3268  3282 I Unity   : Skipped rendering frame because GfxDevice is in invalid state (device lost)
06-13 14:18:53.640  3268  3282 I Unity   :
06-13 14:18:53.640  3268  3282 I Unity   : (Filename: ./Runtime/Misc/Player.cpp Line: 782)
06-13 14:18:53.640  3268  3282 I Unity   :
06-13 14:18:53.648  2161  2161 W ResourceType: No package identifier when getting value for resource number 0x00000000
06-13 14:18:53.652   291   653 E BufferQueueProducer: [SurfaceView] query: BufferQueue has been abandoned
06-13 14:18:53.653   291   496 E BufferQueueProducer: [SurfaceView] query: BufferQueue has been abandoned
06-13 14:18:53.653   291   487 E BufferQueueProducer: [SurfaceView] connect(P): BufferQueue has been abandoned
06-13 14:18:53.654  3268  3282 E libEGL  : eglCreateWindowSurface: native_window_api_connect (win=0xb88a6dc0) failed (0xffffffed) (already connected to another API?)
06-13 14:18:53.654  3268  3282 E libEGL  : eglCreateWindowSurface:456 error 3003 (EGL_BAD_ALLOC)
06-13 14:18:53.654  3268  3282 E Unity   : [EGL] Failed to create window surface: EGL_BAD_ALLOC: EGL failed to allocate resources for the requested operation.
06-13 14:18:53.654  3268  3282 E Unity   :
06-13 14:18:53.654  3268  3282 E Unity   : (Filename: ./Runtime/GfxDevice/egl/WindowContextEGL.cpp Line: 161)
06-13 14:18:53.654  3268  3282 E Unity   :
06-13 14:18:53.654  3268  3282 I Unity   : Skipped rendering frame because GfxDevice is in invalid state (device lost)
06-13 14:18:53.654  3268  3282 I Unity   :
06-13 14:18:53.654  3268  3282 I Unity   : (Filename: ./Runtime/Misc/Player.cpp Line: 782)
06-13 14:18:53.654  3268  3282 I Unity   :
06-13 14:18:53.671  2161  2161 E Icon    : Unable to load resource 0x00000000 from pkg=
06-13 14:18:53.671  2161  2161 E Icon    : android.content.res.Resources$NotFoundException: Resource ID #0x0
06-13 14:18:53.671  2161  2161 E Icon    :      at android.content.res.Resources.getValue(Resources.java:1419)
06-13 14:18:53.671  2161  2161 E Icon    :      at android.content.res.Resources.getDrawable(Resources.java:872)
06-13 14:18:53.671  2161  2161 E Icon    :      at android.graphics.drawable.Icon.loadDrawableInner(Icon.java:313)
06-13 14:18:53.671  2161  2161 E Icon    :      at android.graphics.drawable.Icon.loadDrawable(Icon.java:269)
06-13 14:18:53.671  2161  2161 E Icon    :      at android.widget.RemoteViews$TextViewDrawableAction.apply(RemoteViews.java:1502)
06-13 14:18:53.671  2161  2161 E Icon    :      at android.widget.RemoteViews.performApply(RemoteViews.java:2804)
06-13 14:18:53.671  2161  2161 E Icon    :      at android.widget.RemoteViews.apply(RemoteViews.java:2764)
06-13 14:18:53.671  2161  2161 E Icon    :      at android.widget.RemoteViews$ViewGroupAction.apply(RemoteViews.java:1373)
06-13 14:18:53.671  2161  2161 E Icon    :      at android.widget.RemoteViews.performApply(RemoteViews.java:2804)
06-13 14:18:53.671  2161  2161 E Icon    :      at android.widget.RemoteViews.reapply(RemoteViews.java:2795)
06-13 14:18:53.671  2161  2161 E Icon    :      at com.android.systemui.statusbar.BaseStatusBar.updateNotificationViews(BaseStatusBar.java:2083)
06-13 14:18:53.671  2161  2161 E Icon    :      at com.android.systemui.statusbar.BaseStatusBar.updateNotification(BaseStatusBar.java:1964)
06-13 14:18:53.671  2161  2161 E Icon    :      at com.android.systemui.statusbar.BaseStatusBar$6$2.run(BaseStatusBar.java:497)
06-13 14:18:53.671  2161  2161 E Icon    :      at android.os.Handler.handleCallback(Handler.java:739)
06-13 14:18:53.671  2161  2161 E Icon    :      at android.os.Handler.dispatchMessage(Handler.java:95)
06-13 14:18:53.671  2161  2161 E Icon    :      at android.os.Looper.loop(Looper.java:148)
06-13 14:18:53.671  2161  2161 E Icon    :      at android.app.ActivityThread.main(ActivityThread.java:5423)
06-13 14:18:53.671  2161  2161 E Icon    :      at java.lang.reflect.Method.invoke(Native Method)
06-13 14:18:53.671  2161  2161 E Icon    :      at com.android.internal.os.ZygoteInit$MethodAndArgsCaller.run(ZygoteInit.java:726)
06-13 14:18:53.671  2161  2161 E Icon    :      at com.android.internal.os.ZygoteInit.main(ZygoteInit.java:616)
06-13 14:18:53.673  2161  2161 W ResourceType: No package identifier when getting value for resource number 0x00000000
06-13 14:18:53.674  2161  2161 E Icon    : Unable to load resource 0x00000000 from pkg=
06-13 14:18:53.674  2161  2161 E Icon    : android.content.res.Resources$NotFoundException: Resource ID #0x0
06-13 14:18:53.674  2161  2161 E Icon    :      at android.content.res.Resources.getValue(Resources.java:1419)
06-13 14:18:53.674  2161  2161 E Icon    :      at android.content.res.Resources.getDrawable(Resources.java:872)
06-13 14:18:53.674  2161  2161 E Icon    :      at android.graphics.drawable.Icon.loadDrawableInner(Icon.java:313)
06-13 14:18:53.674  2161  2161 E Icon    :      at android.graphics.drawable.Icon.loadDrawable(Icon.java:269)
06-13 14:18:53.674  2161  2161 E Icon    :      at android.widget.RemoteViews$TextViewDrawableAction.apply(RemoteViews.java:1502)
06-13 14:18:53.674  2161  2161 E Icon    :      at android.widget.RemoteViews.performApply(RemoteViews.java:2804)
06-13 14:18:53.674  2161  2161 E Icon    :      at android.widget.RemoteViews.apply(RemoteViews.java:2764)
06-13 14:18:53.674  2161  2161 E Icon    :      at android.widget.RemoteViews$ViewGroupAction.apply(RemoteViews.java:1373)
06-13 14:18:53.674  2161  2161 E Icon    :      at android.widget.RemoteViews.performApply(RemoteViews.java:2804)
06-13 14:18:53.674  2161  2161 E Icon    :      at android.widget.RemoteViews.reapply(RemoteViews.java:2795)
06-13 14:18:53.674  2161  2161 E Icon    :      at com.android.systemui.statusbar.BaseStatusBar.updateNotificationViews(BaseStatusBar.java:2083)
06-13 14:18:53.674  2161  2161 E Icon    :      at com.android.systemui.statusbar.BaseStatusBar.updateNotification(BaseStatusBar.java:1964)
06-13 14:18:53.674  2161  2161 E Icon    :      at com.android.systemui.statusbar.BaseStatusBar$6$2.run(BaseStatusBar.java:497)
06-13 14:18:53.674  2161  2161 E Icon    :      at android.os.Handler.handleCallback(Handler.java:739)
06-13 14:18:53.674  2161  2161 E Icon    :      at android.os.Handler.dispatchMessage(Handler.java:95)
06-13 14:18:53.674  2161  2161 E Icon    :      at android.os.Looper.loop(Looper.java:148)
06-13 14:18:53.674  2161  2161 E Icon    :      at android.app.ActivityThread.main(ActivityThread.java:5423)
06-13 14:18:53.674  2161  2161 E Icon    :      at java.lang.reflect.Method.invoke(Native Method)
06-13 14:18:53.674  2161  2161 E Icon    :      at com.android.internal.os.ZygoteInit$MethodAndArgsCaller.run(ZygoteInit.java:726)
06-13 14:18:53.674  2161  2161 E Icon    :      at com.android.internal.os.ZygoteInit.main(ZygoteInit.java:616)
06-13 14:18:53.677  2161  2161 W ResourceType: No package identifier when getting value for resource number 0x00000000
06-13 14:18:53.681   291   487 E BufferQueueProducer: [SurfaceView] query: BufferQueue has been abandoned
06-13 14:18:53.682   291  7119 E BufferQueueProducer: [SurfaceView] query: BufferQueue has been abandoned
06-13 14:18:53.682   291  2899 E BufferQueueProducer: [SurfaceView] connect(P): BufferQueue has been abandoned
06-13 14:18:53.683  3268  3282 E libEGL  : eglCreateWindowSurface: native_window_api_connect (win=0xb88a6dc0) failed (0xffffffed) (already connected to another API?)
06-13 14:18:53.683  3268  3282 E libEGL  : eglCreateWindowSurface:456 error 3003 (EGL_BAD_ALLOC)
06-13 14:18:53.683  3268  3282 E Unity   : [EGL] Failed to create window surface: EGL_BAD_ALLOC: EGL failed to allocate resources for the requested operation.
06-13 14:18:53.683  3268  3282 E Unity   :
06-13 14:18:53.683  3268  3282 E Unity   : (Filename: ./Runtime/GfxDevice/egl/WindowContextEGL.cpp Line: 161)
06-13 14:18:53.683  3268  3282 E Unity   :
06-13 14:18:53.683  3268  3282 I Unity   : Skipped rendering frame because GfxDevice is in invalid state (device lost)
06-13 14:18:53.683  3268  3282 I Unity   :
06-13 14:18:53.683  3268  3282 I Unity   : (Filename: ./Runtime/Misc/Player.cpp Line: 782)
06-13 14:18:53.683  3268  3282 I Unity   :
06-13 14:18:53.681  2161  2161 E Icon    : Unable to load resource 0x00000000 from pkg=
06-13 14:18:53.681  2161  2161 E Icon    : android.content.res.Resources$NotFoundException: Resource ID #0x0
06-13 14:18:53.681  2161  2161 E Icon    :      at android.content.res.Resources.getValue(Resources.java:1419)
06-13 14:18:53.681  2161  2161 E Icon    :      at android.content.res.Resources.getDrawable(Resources.java:872)
06-13 14:18:53.681  2161  2161 E Icon    :      at android.graphics.drawable.Icon.loadDrawableInner(Icon.java:313)
06-13 14:18:53.681  2161  2161 E Icon    :      at android.graphics.drawable.Icon.loadDrawable(Icon.java:269)
06-13 14:18:53.681  2161  2161 E Icon    :      at android.widget.RemoteViews$TextViewDrawableAction.apply(RemoteViews.java:1502)
06-13 14:18:53.681  2161  2161 E Icon    :      at android.widget.RemoteViews.performApply(RemoteViews.java:2804)
06-13 14:18:53.681  2161  2161 E Icon    :      at android.widget.RemoteViews.apply(RemoteViews.java:2764)
06-13 14:18:53.681  2161  2161 E Icon    :      at android.widget.RemoteViews$ViewGroupAction.apply(RemoteViews.java:1373)
06-13 14:18:53.681  2161  2161 E Icon    :      at android.widget.RemoteViews.performApply(RemoteViews.java:2804)
06-13 14:18:53.681  2161  2161 E Icon    :      at android.widget.RemoteViews.reapply(RemoteViews.java:2795)
06-13 14:18:53.681  2161  2161 E Icon    :      at com.android.systemui.statusbar.BaseStatusBar.updateNotificationViews(BaseStatusBar.java:2083)
06-13 14:18:53.681  2161  2161 E Icon    :      at com.android.systemui.statusbar.BaseStatusBar.updateNotification(BaseStatusBar.java:1964)
06-13 14:18:53.681  2161  2161 E Icon    :      at com.android.systemui.statusbar.BaseStatusBar$6$2.run(BaseStatusBar.java:497)
06-13 14:18:53.681  2161  2161 E Icon    :      at android.os.Handler.handleCallback(Handler.java:739)
06-13 14:18:53.681  2161  2161 E Icon    :      at android.os.Handler.dispatchMessage(Handler.java:95)
06-13 14:18:53.681  2161  2161 E Icon    :      at android.os.Looper.loop(Looper.java:148)
06-13 14:18:53.681  2161  2161 E Icon    :      at android.app.ActivityThread.main(ActivityThread.java:5423)
06-13 14:18:53.681  2161  2161 E Icon    :      at java.lang.reflect.Method.invoke(Native Method)
06-13 14:18:53.681  2161  2161 E Icon    :      at com.android.internal.os.ZygoteInit$MethodAndArgsCaller.run(ZygoteInit.java:726)
06-13 14:18:53.681  2161  2161 E Icon    :      at com.android.internal.os.ZygoteInit.main(ZygoteInit.java:616)
06-13 14:18:53.693  2161  2161 W ResourceType: No package identifier when getting value for resource number 0x00000000
06-13 14:18:53.694  2161  2161 E Icon    : Unable to load resource 0x00000000 from pkg=
06-13 14:18:53.694  2161  2161 E Icon    : android.content.res.Resources$NotFoundException: Resource ID #0x0
06-13 14:18:53.694  2161  2161 E Icon    :      at android.content.res.Resources.getValue(Resources.java:1419)
06-13 14:18:53.694  2161  2161 E Icon    :      at android.content.res.Resources.getDrawable(Resources.java:872)
06-13 14:18:53.694  2161  2161 E Icon    :      at android.graphics.drawable.Icon.loadDrawableInner(Icon.java:313)
06-13 14:18:53.694  2161  2161 E Icon    :      at android.graphics.drawable.Icon.loadDrawable(Icon.java:269)
06-13 14:18:53.694  2161  2161 E Icon    :      at android.widget.RemoteViews$TextViewDrawableAction.apply(RemoteViews.java:1502)
06-13 14:18:53.694  2161  2161 E Icon    :      at android.widget.RemoteViews.performApply(RemoteViews.java:2804)
06-13 14:18:53.694  2161  2161 E Icon    :      at android.widget.RemoteViews.apply(RemoteViews.java:2764)
06-13 14:18:53.694  2161  2161 E Icon    :      at android.widget.RemoteViews$ViewGroupAction.apply(RemoteViews.java:1373)
06-13 14:18:53.694  2161  2161 E Icon    :      at android.widget.RemoteViews.performApply(RemoteViews.java:2804)
06-13 14:18:53.694  2161  2161 E Icon    :      at android.widget.RemoteViews.reapply(RemoteViews.java:2795)
06-13 14:18:53.694  2161  2161 E Icon    :      at com.android.systemui.statusbar.BaseStatusBar.updateNotificationViews(BaseStatusBar.java:2089)
06-13 14:18:53.694  2161  2161 E Icon    :      at com.android.systemui.statusbar.BaseStatusBar.updateNotification(BaseStatusBar.java:1964)
06-13 14:18:53.694  2161  2161 E Icon    :      at com.android.systemui.statusbar.BaseStatusBar$6$2.run(BaseStatusBar.java:497)
06-13 14:18:53.694  2161  2161 E Icon    :      at android.os.Handler.handleCallback(Handler.java:739)
06-13 14:18:53.694  2161  2161 E Icon    :      at android.os.Handler.dispatchMessage(Handler.java:95)
06-13 14:18:53.694  2161  2161 E Icon    :      at android.os.Looper.loop(Looper.java:148)
06-13 14:18:53.694  2161  2161 E Icon    :      at android.app.ActivityThread.main(ActivityThread.java:5423)
06-13 14:18:53.694  2161  2161 E Icon    :      at java.lang.reflect.Method.invoke(Native Method)
06-13 14:18:53.694  2161  2161 E Icon    :      at com.android.internal.os.ZygoteInit$MethodAndArgsCaller.run(ZygoteInit.java:726)
06-13 14:18:53.694  2161  2161 E Icon    :      at com.android.internal.os.ZygoteInit.main(ZygoteInit.java:616)
06-13 14:18:53.696  2161  2161 W ResourceType: No package identifier when getting value for resource number 0x00000000
06-13 14:18:53.697  2161  2161 E Icon    : Unable to load resource 0x00000000 from pkg=
06-13 14:18:53.697  2161  2161 E Icon    : android.content.res.Resources$NotFoundException: Resource ID #0x0
06-13 14:18:53.697  2161  2161 E Icon    :      at android.content.res.Resources.getValue(Resources.java:1419)
06-13 14:18:53.697  2161  2161 E Icon    :      at android.content.res.Resources.getDrawable(Resources.java:872)
06-13 14:18:53.697  2161  2161 E Icon    :      at android.graphics.drawable.Icon.loadDrawableInner(Icon.java:313)
06-13 14:18:53.697  2161  2161 E Icon    :      at android.graphics.drawable.Icon.loadDrawable(Icon.java:269)
06-13 14:18:53.697  2161  2161 E Icon    :      at android.widget.RemoteViews$TextViewDrawableAction.apply(RemoteViews.java:1502)
06-13 14:18:53.697  2161  2161 E Icon    :      at android.widget.RemoteViews.performApply(RemoteViews.java:2804)
06-13 14:18:53.697  2161  2161 E Icon    :      at android.widget.RemoteViews.apply(RemoteViews.java:2764)
06-13 14:18:53.697  2161  2161 E Icon    :      at android.widget.RemoteViews$ViewGroupAction.apply(RemoteViews.java:1373)
06-13 14:18:53.697  2161  2161 E Icon    :      at android.widget.RemoteViews.performApply(RemoteViews.java:2804)
06-13 14:18:53.697  2161  2161 E Icon    :      at android.widget.RemoteViews.reapply(RemoteViews.java:2795)
06-13 14:18:53.697  2161  2161 E Icon    :      at com.android.systemui.statusbar.BaseStatusBar.updateNotificationViews(BaseStatusBar.java:2089)
06-13 14:18:53.697  2161  2161 E Icon    :      at com.android.systemui.statusbar.BaseStatusBar.updateNotification(BaseStatusBar.java:1964)
06-13 14:18:53.697  2161  2161 E Icon    :      at com.android.systemui.statusbar.BaseStatusBar$6$2.run(BaseStatusBar.java:497)
06-13 14:18:53.697  2161  2161 E Icon    :      at android.os.Handler.handleCallback(Handler.java:739)
06-13 14:18:53.697  2161  2161 E Icon    :      at android.os.Handler.dispatchMessage(Handler.java:95)
06-13 14:18:53.697  2161  2161 E Icon    :      at android.os.Looper.loop(Looper.java:148)
06-13 14:18:53.697  2161  2161 E Icon    :      at android.app.ActivityThread.main(ActivityThread.java:5423)
06-13 14:18:53.697  2161  2161 E Icon    :      at java.lang.reflect.Method.invoke(Native Method)
06-13 14:18:53.697  2161  2161 E Icon    :      at com.android.internal.os.ZygoteInit$MethodAndArgsCaller.run(ZygoteInit.java:726)
06-13 14:18:53.697  2161  2161 E Icon    :      at com.android.internal.os.ZygoteInit.main(ZygoteInit.java:616)
06-13 14:18:53.700  2161  2161 W ResourceType: No package identifier when getting value for resource number 0x00000000
06-13 14:18:53.701  2161  2161 E Icon    : Unable to load resource 0x00000000 from pkg=
06-13 14:18:53.701  2161  2161 E Icon    : android.content.res.Resources$NotFoundException: Resource ID #0x0
06-13 14:18:53.701  2161  2161 E Icon    :      at android.content.res.Resources.getValue(Resources.java:1419)
06-13 14:18:53.701  2161  2161 E Icon    :      at android.content.res.Resources.getDrawable(Resources.java:872)
06-13 14:18:53.701  2161  2161 E Icon    :      at android.graphics.drawable.Icon.loadDrawableInner(Icon.java:313)
06-13 14:18:53.701  2161  2161 E Icon    :      at android.graphics.drawable.Icon.loadDrawable(Icon.java:269)
06-13 14:18:53.701  2161  2161 E Icon    :      at android.widget.RemoteViews$TextViewDrawableAction.apply(RemoteViews.java:1502)
06-13 14:18:53.701  2161  2161 E Icon    :      at android.widget.RemoteViews.performApply(RemoteViews.java:2804)
06-13 14:18:53.701  2161  2161 E Icon    :      at android.widget.RemoteViews.apply(RemoteViews.java:2764)
06-13 14:18:53.701  2161  2161 E Icon    :      at android.widget.RemoteViews$ViewGroupAction.apply(RemoteViews.java:1373)
06-13 14:18:53.701  2161  2161 E Icon    :      at android.widget.RemoteViews.performApply(RemoteViews.java:2804)
06-13 14:18:53.701  2161  2161 E Icon    :      at android.widget.RemoteViews.reapply(RemoteViews.java:2795)
06-13 14:18:53.701  2161  2161 E Icon    :      at com.android.systemui.statusbar.BaseStatusBar.updateNotificationViews(BaseStatusBar.java:2089)
06-13 14:18:53.701  2161  2161 E Icon    :      at com.android.systemui.statusbar.BaseStatusBar.updateNotification(BaseStatusBar.java:1964)
06-13 14:18:53.701  2161  2161 E Icon    :      at com.android.systemui.statusbar.BaseStatusBar$6$2.run(BaseStatusBar.java:497)
06-13 14:18:53.701  2161  2161 E Icon    :      at android.os.Handler.handleCallback(Handler.java:739)
06-13 14:18:53.701  2161  2161 E Icon    :      at android.os.Handler.dispatchMessage(Handler.java:95)
06-13 14:18:53.701  2161  2161 E Icon    :      at android.os.Looper.loop(Looper.java:148)
06-13 14:18:53.701  2161  2161 E Icon    :      at android.app.ActivityThread.main(ActivityThread.java:5423)
06-13 14:18:53.701  2161  2161 E Icon    :      at java.lang.reflect.Method.invoke(Native Method)
06-13 14:18:53.701  2161  2161 E Icon    :      at com.android.internal.os.ZygoteInit$MethodAndArgsCaller.run(ZygoteInit.java:726)
06-13 14:18:53.701  2161  2161 E Icon    :      at com.android.internal.os.ZygoteInit.main(ZygoteInit.java:616)
06-13 14:18:53.703  2161  2161 D KeyguardBouncer: sendUpdateMsg
06-13 14:18:53.703  2161  2161 D KeyguardBouncer: sendUpdateMsg
06-13 14:18:53.704   291   487 E BufferQueueProducer: [SurfaceView] query: BufferQueue has been abandoned
06-13 14:18:53.704   291  7119 E BufferQueueProducer: [SurfaceView] query: BufferQueue has been abandoned
06-13 14:18:53.705   291  2899 E BufferQueueProducer: [SurfaceView] connect(P): BufferQueue has been abandoned
06-13 14:18:53.705  3268  3282 E libEGL  : eglCreateWindowSurface: native_window_api_connect (win=0xb88a6dc0) failed (0xffffffed) (already connected to another API?)
06-13 14:18:53.705  3268  3282 E libEGL  : eglCreateWindowSurface:456 error 3003 (EGL_BAD_ALLOC)
06-13 14:18:53.705  3268  3282 E Unity   : [EGL] Failed to create window surface: EGL_BAD_ALLOC: EGL failed to allocate resources for the requested operation.
06-13 14:18:53.705  3268  3282 E Unity   :
06-13 14:18:53.705  3268  3282 E Unity   : (Filename: ./Runtime/GfxDevice/egl/WindowContextEGL.cpp Line: 161)
06-13 14:18:53.705  3268  3282 E Unity   :
06-13 14:18:53.706  3268  3282 I Unity   : Skipped rendering frame because GfxDevice is in invalid state (device lost)
06-13 14:18:53.706  3268  3282 I Unity   :
06-13 14:18:53.706  3268  3282 I Unity   : (Filename: ./Runtime/Misc/Player.cpp Line: 782)
06-13 14:18:53.706  3268  3282 I Unity   :
